# serializer version: 1
# name: test_r2_solution_gfx942_golden
  list([
    dict({
      'basename': 'Cijk_Alik_Bljk_BBS_BH_Bias_A_S_UserArgs_MT64x16xd8jGQMIN_JU6KIwjNrxuJQr28CVtrYCzWnY5T60RRVM=',
      'err': 0,
    }),
    dict({
      'basename': 'Cijk_Alik_Bljk_BBS_BH_Bias_A_S_UserArgs_MT64x16xlWhMytQPE-cXhK-ek1wVgpRb7AdRHdgPfb4pFL-D73c=',
      'err': 0,
    }),
    dict({
      'basename': 'Cijk_Alik_Bljk_BBS_BH_Bias_A_S_UserArgs_MT64x16xspGOsUi4D2BSjlhGHUYm-K_MH8WPBeTW4v6Q9LQ8uKw=',
      'err': 0,
    }),
    dict({
      'basename': 'Cijk_Alik_Bljk_BBS_BH_Bias_A_S_UserArgs_MT64x16xyl3EdkJYRjgZ6ejaBQbHmCdyQGVUkuRx_73kIOllN6A=',
      'err': 0,
    }),
  ])
# ---
