# serializer version: 1
# name: test_r2_lra_gfx942_golden
  list([
    dict({
      'basename': 'Cijk_Alik_Bjlk_HHS_BH_UserArgs_MT16x8x64_SN_LDSB3JhlNHb1XZjiO8zpy4i3DBZhRv48tqQa-1RFR0uGzcA=',
      'err': 0,
    }),
    dict({
      'basename': 'Cijk_Alik_Bjlk_HHS_BH_UserArgs_MT64x4x64_SN_LDSB9hCJ6z68sE32WCdPgUvyF0O8GRaGx-MJgrt6YtY1fzg=',
      'err': 0,
    }),
  ])
# ---
