# serializer version: 1
# name: test_gfx90a_dominant_golden
  list([
    dict({
      'basename': 'Cijk_Alik_Bljk_BBS_BH_Bias_HA_S_UserArgs_MT128x3NfSWh16ePiOU5JYS55mRwckgH9q90rsRls77Hbg0pqA=',
      'err': 0,
    }),
    dict({
      'basename': 'Cijk_Alik_Bljk_BBS_BH_Bias_HA_S_UserArgs_MT64x16UXH0_C0bR9e1sX5GkxfFjzuvufScUR2v4ecyZ7PkRZ8=',
      'err': 0,
    }),
  ])
# ---
