# serializer version: 1
# name: test_gfx1100_emit_digests
  list([
    dict({
      'file': 'DB.yaml',
      'kernels': list([
        dict({
          'basename': 'Cijk_Ailk_Bjlk_D_B_UserArgs_MT16x16x16_SN_LDSB0_1sL8NxDJKwlTN_xcTiqdEiXx1yAIeS7urLfebv8r52Q=',
          'err': 0,
        }),
        dict({
          'basename': 'Cijk_Ailk_Bjlk_D_B_UserArgs_MT16x16x8_SN_LDSB0_ADZtBr7Whe-00D8U7SYnbrYnw0W_6DdnrvtYwmi8henU=',
          'err': 0,
        }),
        dict({
          'basename': 'Cijk_Ailk_Bjlk_D_B_UserArgs_MT8x8x16_SN_LDSB0_AFF_K-_AM-Ih0nuKO6wjOeuKaE_ZqQk5r43nDlHgvI3Bo=',
          'err': 0,
        }),
        dict({
          'basename': 'Cijk_Ailk_Bjlk_D_B_UserArgs_MT8x8x8_SN_LDSB0_AFCP3w3F5VR9zialOlL2PkXpAY4LAfdBZPHhcMhsvqmX10=',
          'err': 0,
        }),
      ]),
    }),
    dict({
      'file': 'HSS.yaml',
      'kernels': list([
        dict({
          'basename': 'Cijk_Alik_Bljk_HSS_BH_Bias_HA_S_SAV_UserArgs_MT3zj_ViVMzicKQai16F1kUUX6N3VLffX2EdBZxyJdZWhs=',
          'err': 0,
        }),
        dict({
          'basename': 'Cijk_Alik_Bljk_HSS_BH_Bias_HA_S_SAV_UserArgs_MT9ZWwob6z8WDVT86OAB_Hi8djLpalNTU6qSvLl2p4or1I=',
          'err': 0,
        }),
        dict({
          'basename': 'Cijk_Alik_Bljk_HSS_BH_Bias_HA_S_SAV_UserArgs_MT9tT55-HNrZj_g_MeE-Dhx3gCuD51CrU9lyVozRMyFjCk=',
          'err': 0,
        }),
      ]),
    }),
    dict({
      'file': 'SB.yaml',
      'kernels': list([
        dict({
          'basename': 'Cijk_Ailk_Bjlk_S_B_Bias_HA_S_SAV_UserArgs_MT16x1TFQYU_cuAxDSV54Z3jZt62gEDtcsKh3DJd5be-IRKbw=',
          'err': 0,
        }),
        dict({
          'basename': 'Cijk_Ailk_Bjlk_S_B_Bias_HA_S_SAV_UserArgs_MT16x1du3Tj6PQ-2BSwe8ltQ7BAjgCASPkOWHNtHsF4hmYMwc=',
          'err': 0,
        }),
        dict({
          'basename': 'Cijk_Ailk_Bjlk_S_B_Bias_HA_S_SAV_UserArgs_MT8x8xDQAte7IxXJlaKN-XAAufZvEjMmg_3fvmpiGHEzl0TEY=',
          'err': 0,
        }),
        dict({
          'basename': 'Cijk_Ailk_Bjlk_S_B_Bias_HA_S_SAV_UserArgs_MT8x8xzMjpBnyx-6biMZA_8Pu-djpjYhaFEOCbRczu7eUQSw4=',
          'err': 0,
        }),
      ]),
    }),
  ])
# ---
