# serializer version: 1
# name: test_r2_wgm_gfx942_golden
  list([
    dict({
      'basename': 'Cijk_Alik_Bljk_BBS_BH_Bias_A_S_UserArgs_MT64x16x4MIiGo9eiSrk3OIk7PCZimGjAl7xGykM1Z49XW_3ghY=',
      'err': 0,
    }),
    dict({
      'basename': 'Cijk_Alik_Bljk_BBS_BH_Bias_A_S_UserArgs_MT64x16xNN081lD8j5Dw7UazwgyAkE4KQSbRMw6r1JcZzhUC1bM=',
      'err': 0,
    }),
    dict({
      'basename': 'Cijk_Alik_Bljk_BBS_BH_Bias_A_S_UserArgs_MT64x16xS6JMpvHXNIykTG6o6ba-9vsnycc9QGpRpb7gVkzTGEI=',
      'err': 0,
    }),
    dict({
      'basename': 'Cijk_Alik_Bljk_BBS_BH_Bias_A_S_UserArgs_MT64x16xifunKDRN4lUjTzmEjZvJ5HCsdfR4XYMLPq-GDyihqvI=',
      'err': 0,
    }),
    dict({
      'basename': 'Cijk_Alik_Bljk_BBS_BH_Bias_A_S_UserArgs_MT64x16xqswvo7RKAyAXk04tEX0JTTB8vTRLHbZc0FN3llR9xPY=',
      'err': 0,
    }),
  ])
# ---
