# serializer version: 1
# name: test_r3_gsu_on_golden
  list([
    dict({
      'basename': 'Cijk_Ailk_Bljk_S_B_UserArgs_MT16x16x32_MI16x16x1_kKK-F8khuoBRngb_NnWtuaOM2g4SIAH_w2qLU80pik=',
      'err': 0,
    }),
    dict({
      'basename': 'Cijk_Ailk_Bljk_S_B_UserArgs_MT16x16x32_MI16x16x1m7oO8WKT-LimsqwM62gEXwsQ0m9nIQ_9oiBng6XTMuI=',
      'err': 0,
    }),
  ])
# ---
