# serializer version: 1
# name: test_r2_streamk_gfx942_golden
  list([
    dict({
      'basename': 'Cijk_Ailk_Bjlk_S_B_UserArgs_MT128x128x16_MI16x160gT2xXSdNrez3UKJziFGXUiVKKQpNVZqUzpq9B3yNzA=',
      'err': 0,
    }),
    dict({
      'basename': 'Cijk_Ailk_Bjlk_S_B_UserArgs_MT128x128x16_MI16x160gT2xXSdNrez3UKJziFGXUiVKKQpNVZqUzpq9B3yNzA=',
      'err': 0,
    }),
    dict({
      'basename': 'Cijk_Ailk_Bjlk_S_B_UserArgs_MT128x128x16_MI16x16Pec4YtkWkOWu_H5h0qwhsaJ-WPDb012PZ7GEf2ZYuYw=',
      'err': 0,
    }),
    dict({
      'basename': 'Cijk_Ailk_Bjlk_S_B_UserArgs_MT128x128x16_MI16x16Pec4YtkWkOWu_H5h0qwhsaJ-WPDb012PZ7GEf2ZYuYw=',
      'err': 0,
    }),
    dict({
      'basename': 'Cijk_Ailk_Bjlk_S_B_UserArgs_MT128x128x16_MI16x16SaEqY0lauZX3Iuk2I9cepmry_fZLDBbx1Q8wrJPyTOo=',
      'err': 0,
    }),
    dict({
      'basename': 'Cijk_Ailk_Bjlk_S_B_UserArgs_MT128x128x16_MI16x16SaEqY0lauZX3Iuk2I9cepmry_fZLDBbx1Q8wrJPyTOo=',
      'err': 0,
    }),
  ])
# ---
