# serializer version: 1
# name: test_gfx942_dominant_golden
  list([
    dict({
      'basename': 'Cijk_Alik_Bljk_BBS_BH_Bias_A_S_UserArgs_MT128x32WbBgv6nPY6I9zHqY-66LOpQBUzeJmGGwtNTy6ylNDBw=',
      'err': 0,
    }),
    dict({
      'basename': 'Cijk_Alik_Bljk_BBS_BH_Bias_A_S_UserArgs_MT128x32z7PCNFX0-AARcnOyRCCliKrdtHegQKhtPA-Q8-bHSdM=',
      'err': 0,
    }),
    dict({
      'basename': 'Cijk_Alik_Bljk_BBS_BH_Bias_A_S_UserArgs_MT64x16x89l6kmB6TlIVvLl-5IIVwhlyE2VS5XqZJJt15HAbP2E=',
      'err': 0,
    }),
    dict({
      'basename': 'Cijk_Alik_Bljk_BBS_BH_Bias_A_S_UserArgs_MT64x16xJdWr78H5CrxOvk4-4J-p4EPFGcrokv8V2claWPbLcs0=',
      'err': 0,
    }),
  ])
# ---
