# serializer version: 1
# name: test_gfx950_bbs_golden
  list([
    dict({
      'basename': 'Cijk_Alik_Bljk_BBS_BH_Bias_HA_S_UserArgs_MT64x16PiFKjrdxITO44z7KKrmcNwBXfvkQ9yh9__-hQtccGoo=',
      'err': 0,
    }),
    dict({
      'basename': 'Cijk_Alik_Bljk_BBS_BH_Bias_HA_S_UserArgs_MT64x16Q9elushtmqbcbRHAuCqwSQ5MmQ5d_3Ed8jT8oja6l2M=',
      'err': 0,
    }),
  ])
# ---
