# serializer version: 1
# name: test_r2_shiftvector_golden
  list([
    dict({
      'basename': 'Cijk_Ailk_Bjlk_S_B_UserArgs_MT128x64x16_SN_LDSB0q-FPhnqmKZyArch9uh3ZKYSbfTAgDl83CDQ91phhugs=',
      'err': 0,
    }),
    dict({
      'basename': 'Cijk_Ailk_Bjlk_S_B_UserArgs_MT64x128x16_SN_LDSB08hjqa9qIfcJsMR0J6iCLMVJp3tlu45ixdYhuW7N96R8=',
      'err': 0,
    }),
    dict({
      'basename': 'Cijk_Ailk_Bjlk_S_B_UserArgs_MT64x64x16_SN_LDSB0_j5HgVg_YHQhPXkDdupYjLIl4Gs3a7vq4EmVRrhJcMi8=',
      'err': 0,
    }),
  ])
# ---
