# serializer version: 1
# name: test_r2_subtile_gfx950_golden
  list([
    dict({
      'basename': 'Cijk_Alik_Bljk_BBS_BH_UserArgs_MT128x128x64_MI16T82lQxqBDlAUKCdt_cmJxXd37F0dZZmnHmzsEKTny2g=',
      'err': 0,
    }),
    dict({
      'basename': 'Cijk_Alik_Bljk_BBS_BH_UserArgs_MT128x128x64_MI16iKUoT8ks0AxhOoVKbGlh2xGtHMOaOY65vTP0jNqlKB4=',
      'err': 0,
    }),
    dict({
      'basename': 'Cijk_Alik_Bljk_BBS_BH_UserArgs_MT128x64x64_MI16xn-OVmcM6zOG0_IZA1F2F9jb1PjyMVyLCAPgEv8JDaz8=',
      'err': 0,
    }),
    dict({
      'basename': 'Cijk_Alik_Bljk_BBS_BH_UserArgs_MT128x64x64_MI16xzShNPy0is4PjOaucYBbXOspSRddh_RB9gTIxYtFrLkE=',
      'err': 0,
    }),
    dict({
      'basename': 'Cijk_Alik_Bljk_BBS_BH_UserArgs_MT32x32x64_MI16x15EtwQFa6mxbTxcVcGGRe2U_dPQYUU1paxhuNfTzKTsg=',
      'err': 0,
    }),
    dict({
      'basename': 'Cijk_Alik_Bljk_BBS_BH_UserArgs_MT32x32x64_MI16x16lVDcPl--2yYMLuV4wpgzXLDVM3JK7Zx_b6glrceHqc=',
      'err': 0,
    }),
    dict({
      'basename': 'Cijk_Alik_Bljk_BBS_BH_UserArgs_MT64x128x64_MI16xq1WSnY2WYTRZfi8cqiREYt7y3CIqPZ91GRDefNZA134=',
      'err': 0,
    }),
    dict({
      'basename': 'Cijk_Alik_Bljk_BBS_BH_UserArgs_MT64x128x64_MI16xrfcpDjFOx7lwqe-EN1ciq6QLswjPy3aaAgPm_21c6jc=',
      'err': 0,
    }),
  ])
# ---
