# serializer version: 1
# name: test_r2_solution_gfx942_golden
  list([
    dict({
      'basename': 'Cijk_Alik_Bljk_BBS_BH_Bias_A_S_UserArgs_MT64x16xAQlkgyMHCO70OTnNmF9zviz_SJl_QSy7O5vVFMrjBCk=',
      'err': 0,
    }),
    dict({
      'basename': 'Cijk_Alik_Bljk_BBS_BH_Bias_A_S_UserArgs_MT64x16xEv-wTaf6qw82bpMyPTBedrxXdFAc01P_P2vYioVd7X4=',
      'err': 0,
    }),
    dict({
      'basename': 'Cijk_Alik_Bljk_BBS_BH_Bias_A_S_UserArgs_MT64x16xSnvwQJ8wttv4fe-e5sfmiTzV8HgTjkydJ2bPD9oZTVo=',
      'err': 0,
    }),
    dict({
      'basename': 'Cijk_Alik_Bljk_BBS_BH_Bias_A_S_UserArgs_MT64x16xib2BCa0rh8atVBEZnQr5xMDs-vbGpc_iLgSGJVJmsfM=',
      'err': 0,
    }),
  ])
# ---
