# serializer version: 1
# name: test_emit_golden_digest
  list([
    dict({
      'basename': 'Cijk_Alik_Bjlk_HSS_BH_Bias_HA_S_SAV_UserArgs_MT3JHO0obGJcjpXm13wGrmE3byfI45Od8PmpTYnKnvpvOE=',
      'err': 0,
      'n_lines': 3516,
      'sha256': '37f7a8887483e83ba217ba3abe323fb7980cae42a6304ce7348594c6b6b42429',
    }),
  ])
# ---
