# serializer version: 1
# name: test_r3_datamover_gfx1250_golden
  list([
    dict({
      'basename': 'Cijk_Alik_Bljk_F4BS_BH_UserArgs_MT16x16x128_MI16eEre5-Xt3OBS3WSbDv4McGu6mbKLmZaPzHQVs1h1i2c=',
      'err': 0,
    }),
    dict({
      'basename': 'Cijk_Alik_Bljk_F4BS_BH_UserArgs_MT32x32x128_MI16zWhPs_PnhgxMC92ZwrJuoBaLSBu2VNtT8ypylpfBM4g=',
      'err': 0,
    }),
  ])
# ---
