# serializer version: 1
# name: test_r2_mac_hhs_dot2_golden
  list([
    dict({
      'basename': 'Cijk_Alik_Bljk_HHS_BH_UserArgs_MT16x32x16_SN_LDSW5rztc3KfsrAFNDKxvsOUICBR2zTU6FjKz2TIbDcOiA=',
      'err': 0,
    }),
    dict({
      'basename': 'Cijk_Alik_Bljk_HHS_BH_UserArgs_MT16x64x16_SN_LDSjCTN5KPguAc6ofhByVlk6MeFyGfH0Ri1PmhOmbE-DNg=',
      'err': 0,
    }),
    dict({
      'basename': 'Cijk_Alik_Bljk_HHS_BH_UserArgs_MT32x32x16_SN_LDS6decV7zvcZ-Mr66a0N4z5jtUs_pkgjTrhEEmSzY8QzU=',
      'err': 0,
    }),
    dict({
      'basename': 'Cijk_Alik_Bljk_HHS_BH_UserArgs_MT32x64x16_SN_LDSIqzEV-AajgrEdi10RdPeCtcjfbriG4Dz36h_sCNhRdM=',
      'err': 0,
    }),
    dict({
      'basename': 'Cijk_Alik_Bljk_HHS_BH_UserArgs_MT64x32x16_SN_LDSutCeD4Zoj7gwxztBfi6vUshDfTe7SAHZ46Ct6YY8Y9Q=',
      'err': 0,
    }),
    dict({
      'basename': 'Cijk_Alik_Bljk_HHS_BH_UserArgs_MT8x64x16_SN_LDSBYJM_BFsUR018KbdmMpDoGrUD-gCFwB4vGaEEE12wdPY=',
      'err': 0,
    }),
  ])
# ---
