# serializer version: 1
# name: test_r3_subtile_lr_fp8_gfx950_golden
  list([
    dict({
      'basename': 'Cijk_Alik_Bljk_F8SS_BH_UserArgs_MT128x128x256_MINDdTfsg6ZvWqZc22AFS2vLdmHZ9NeP2s_EfnK1p5oU4=',
      'err': 0,
    }),
    dict({
      'basename': 'Cijk_Alik_Bljk_F8SS_BH_UserArgs_MT64x64x256_MI166R5plCrrPym58sJ2t5F8B9pf1OCddBdg3GE9L7miCBI=',
      'err': 0,
    }),
  ])
# ---
