# serializer version: 1
# name: test_gfx950_bbs_golden
  list([
    dict({
      'basename': 'Cijk_Alik_Bljk_BBS_BH_Bias_HA_S_UserArgs_MT64x162vRFrv21wa8MUVz8CzDaxqYzyX5I4QgisBAt51VF9Bs=',
      'err': 0,
    }),
    dict({
      'basename': 'Cijk_Alik_Bljk_BBS_BH_Bias_HA_S_UserArgs_MT64x16FunA4xDey3DL1ca9DsZwUfKLDPK7FO717bdbCf46hMc=',
      'err': 0,
    }),
  ])
# ---
