# serializer version: 1
# name: test_r2_store_gfx942_golden
  list([
    dict({
      'basename': 'Cijk_Alik_Bljk_BBS_BH_Bias_SAV_UserArgs_MT64x16xB3s0wOcT_weRDyZ2HRwz0iPUkebIbAv0rCT_2BeIztY=',
      'err': 0,
    }),
    dict({
      'basename': 'Cijk_Alik_Bljk_BBS_BH_Bias_SAV_UserArgs_MT64x16xScC2PggpLUjFxU-e4-CygKPBoE8oe1g0QwKLoB4mRng=',
      'err': 0,
    }),
    dict({
      'basename': 'Cijk_Alik_Bljk_BBS_BH_Bias_SAV_UserArgs_MT64x16xndRfWozOmyiHIM006xGfvuaaQ7sMfdNcvYrlKI7JGEk=',
      'err': 0,
    }),
    dict({
      'basename': 'Cijk_Alik_Bljk_BBS_BH_Bias_SAV_UserArgs_MT64x16xtQgIzqVs-4ijTBbiL66kbjPW2b-0DNEBHgoCd-VXIMY=',
      'err': 0,
    }),
  ])
# ---
