# serializer version: 1
# name: test_gfx90a_dominant_golden
  list([
    dict({
      'basename': 'Cijk_Alik_Bljk_BBS_BH_Bias_HA_S_UserArgs_MT128x3M3_Eg8QrYM2qjICXI9aMf9n126VJ9LSvIn99TuQegGM=',
      'err': 0,
    }),
    dict({
      'basename': 'Cijk_Alik_Bljk_BBS_BH_Bias_HA_S_UserArgs_MT64x16NyJptw7XxGsKvjqT7VzFdo4n3DtqEfZZD_f7DWZBZpM=',
      'err': 0,
    }),
  ])
# ---
