# serializer version: 1
# name: test_streamk_cluster_multicast_pgr2_gfx1250_golden
  list([
    dict({
      'basename': 'Cijk_Alik_Bljk_F8SS_MXAE8B32_MXBE8B32_BH_UserArg3y7pzn3C94QDqY_qvdAqpg2jYIKCjGHTbORX55kj8Fw=',
      'err': 0,
    }),
    dict({
      'basename': 'Cijk_Alik_Bljk_F8SS_MXAE8B32_MXBE8B32_BH_UserArgmnzCJDMzt473qY8qss43ga2C_e-Hv7bALpVJZUUEDgw=',
      'err': 0,
    }),
    dict({
      'basename': 'Cijk_Alik_Bljk_F8SS_MXAE8B32_MXBE8B32_BH_UserArgnLMr5qfMHHMrPy-cw5Bozp4OiSGoncDsFIhF8zj3tc4=',
      'err': 0,
    }),
    dict({
      'basename': 'Cijk_Alik_Bljk_F8SS_MXAE8B32_MXBE8B32_BH_UserArgqLHRr5WKdBfbMOLJie61S7N6wRDTKG6BJDHSjz-B8P8=',
      'err': 0,
    }),
  ])
# ---
