# serializer version: 1
# name: test_gfx1201_emit_digests
  list([
    dict({
      'file': 'B8B8S.yaml',
      'kernels': list([
        dict({
          'basename': 'Cijk_Alik_Bljk_B8B8S_BH_Bias_HA_S_SAV_UserArgs_MQ8Fw0lbXO8RJjk2484akWUX1zx-QRjnWH4Tlp-sToSs=',
          'err': 0,
        }),
      ]),
    }),
    dict({
      'file': 'BBS.yaml',
      'kernels': list([
        dict({
          'basename': 'Cijk_Alik_Bljk_BBS_BH_Bias_SH_HA_S_SAV_UserArgs_eRd3PkyhZbYGrNV2T5xOrxi_qJanS212FH0IvDBcMgM=',
          'err': 0,
        }),
      ]),
    }),
    dict({
      'file': 'HHS.yaml',
      'kernels': list([
        dict({
          'basename': 'Cijk_Alik_Bljk_HHS_BH_Bias_HA_S_SAV_UserArgs_MT1t5O24ft5l8trnuPICcODRbiJE39Z1vZTNl1PuNGebCM=',
          'err': 0,
        }),
      ]),
    }),
    dict({
      'file': 'HSS.yaml',
      'kernels': list([
        dict({
          'basename': 'Cijk_Alik_Bljk_HSS_BH_Bias_HA_S_SAV_UserArgs_MT1t5O24ft5l8trnuPICcODRbiJE39Z1vZTNl1PuNGebCM=',
          'err': 0,
        }),
      ]),
    }),
  ])
# ---
