# serializer version: 1
# name: test_fused_a2a_gfx950_golden
  list([
    dict({
      'basename': 'Cijk_Alik_Bljk_BBS_BH_FusedA2A_UserArgs_MT256x25cKQtIBwFU55fJISvOzkS4-etuXOA0lV2Yi_vk5dKIW0=',
      'err': 0,
    }),
    dict({
      'basename': 'Cijk_Alik_Bljk_BBS_BH_FusedA2A_UserArgs_MT256x25lMeG3QwmJGvh0y3GxRsEHACfwBSYSk1zdn1FIZGtpTk=',
      'err': 0,
    }),
  ])
# ---
