# serializer version: 1
# name: test_gfx90a_hhs_golden
  list([
    dict({
      'basename': 'Cijk_Alik_Bljk_HHS_BH_Bias_A_S_UserArgs_MT64x16xjLgYbG1yI8gEPzEr9pLIdpNP4BfiIOMtN3RWczy6r7g=',
      'err': 0,
    }),
    dict({
      'basename': 'Cijk_Alik_Bljk_HHS_BH_Bias_A_S_UserArgs_MT64x16xphNKyV5fF8EclnZ5poAlJuzKayxVLxYuHjeY2HQY7fQ=',
      'err': 0,
    }),
  ])
# ---
