# serializer version: 1
# name: test_gfx950_dtl_golden
  list([
    dict({
      'basename': 'Cijk_Alik_Bljk_S_B_UserArgs_MT16x16x32_MI16x16x10WeKlGgOyFQDTGnno3yduhA6IL8GQsxF32dFrLAXZDg=',
      'err': 0,
    }),
    dict({
      'basename': 'Cijk_Alik_Bljk_S_B_UserArgs_MT16x16x32_MI16x16x1Bo2o8sz-a4TU2GMpuJ7aT1Qp2eCLUwQLX_Hc12wkZqY=',
      'err': 0,
    }),
    dict({
      'basename': 'Cijk_Alik_Bljk_S_B_UserArgs_MT16x16x32_MI16x16x1qWn2DRP8-eDGUF8MuYmHXCusRPifhH_XnbUbxCmZatA=',
      'err': 0,
    }),
    dict({
      'basename': 'Cijk_Alik_Bljk_S_B_UserArgs_MT16x16x32_MI16x16x1qZyuazh7NReLC-6h5Oyn4deXCSRMK8B_a8T3TyvqlCI=',
      'err': 0,
    }),
  ])
# ---
