# serializer version: 1
# name: test_r3_datamover_gfx1250_golden
  list([
    dict({
      'basename': 'Cijk_Alik_Bljk_F4BS_BH_UserArgs_MT16x16x128_MI16nEGpDP-vqz2YpQ5vUWDZ71tvVjWDUNvpvSgJsusbBcM=',
      'err': 0,
    }),
    dict({
      'basename': 'Cijk_Alik_Bljk_F4BS_BH_UserArgs_MT32x32x128_MI16t35-JBiBFTTQYJx7VmNrUePXxVbofuEr_QnGDYc7c18=',
      'err': 0,
    }),
  ])
# ---
