# serializer version: 1
# name: test_gfx90a_hhs_golden
  list([
    dict({
      'basename': 'Cijk_Alik_Bljk_HHS_BH_Bias_A_S_UserArgs_MT64x16xZNQkC6nLscu0fK8aGSbSATE-H4V6H5WgATKttKRUg8U=',
      'err': 0,
    }),
    dict({
      'basename': 'Cijk_Alik_Bljk_HHS_BH_Bias_A_S_UserArgs_MT64x16xf62Y0NtvDV3FMgWZCA2YNoFkicY9fYlsj5NLgT8FxjE=',
      'err': 0,
    }),
  ])
# ---
