# serializer version: 1
# name: test_r2_mac_hhs_dot2_golden
  list([
    dict({
      'basename': 'Cijk_Alik_Bljk_HHS_BH_UserArgs_MT16x32x16_SN_LDSN4jKnrr5A4Grj3tCx0ZAYhN4_VUScidHIj_sGlj-Cbw=',
      'err': 0,
    }),
    dict({
      'basename': 'Cijk_Alik_Bljk_HHS_BH_UserArgs_MT16x64x16_SN_LDSjEulPQxfZJDSryMu0T8EhLDUxctsWd66PD8v2GMiLpA=',
      'err': 0,
    }),
    dict({
      'basename': 'Cijk_Alik_Bljk_HHS_BH_UserArgs_MT32x32x16_SN_LDScnEqgTiTkKCXH_CXvnop4yBMioGDGMdIPhCCKMF6O3E=',
      'err': 0,
    }),
    dict({
      'basename': 'Cijk_Alik_Bljk_HHS_BH_UserArgs_MT32x64x16_SN_LDSY7qyf26OyP8Kuh2OjHOw4vHsK3XEIm8q4RfhQy8Pit8=',
      'err': 0,
    }),
    dict({
      'basename': 'Cijk_Alik_Bljk_HHS_BH_UserArgs_MT64x32x16_SN_LDSBkAs4dkT2D4dubKdNiQ0ybNtcNhTX0qf5_vE3g4958k=',
      'err': 0,
    }),
    dict({
      'basename': 'Cijk_Alik_Bljk_HHS_BH_UserArgs_MT8x64x16_SN_LDSBCjRuxtEJq9JeTSIsXeMDDmsAqwmkxJ3YssBxcLColBA=',
      'err': 0,
    }),
  ])
# ---
