# serializer version: 1
# name: test_r5_subtile_kern_tlu1_gfx950_golden
  list([
    dict({
      'basename': 'Cijk_Ailk_Bljk_BBS_BH_UserArgs_MT128x128x64_MI16oPwKFYOx-bX8g9Nxz_9SiZ7oPV2yDwLjTQNhuZtxYTw=',
      'err': 0,
    }),
    dict({
      'basename': 'Cijk_Ailk_Bljk_BBS_BH_UserArgs_MT128x64x64_MI16xyDjkgiFR24Qwi5dZ0N_fI57pEK6ibhFLulkdDr3-GiM=',
      'err': 0,
    }),
    dict({
      'basename': 'Cijk_Ailk_Bljk_BBS_BH_UserArgs_MT64x64x64_MI16x1vvcu1vfGZPzXFptKZDcVNBDT9zZGGsY2eS_Nkf9v6N8=',
      'err': 0,
    }),
  ])
# ---
