# serializer version: 1
# name: test_r2_store_gfx942_golden
  list([
    dict({
      'basename': 'Cijk_Alik_Bljk_BBS_BH_Bias_SAV_UserArgs_MT64x16xQBg94Jlr6eWL8IHY1xVnZTsy2LqsiBdW3yqsvMQMPf4=',
      'err': 0,
    }),
    dict({
      'basename': 'Cijk_Alik_Bljk_BBS_BH_Bias_SAV_UserArgs_MT64x16xREZzE0VU6YJqUNfOMdBxfIZjiAp5KmB-F9sKeS6ZV4M=',
      'err': 0,
    }),
    dict({
      'basename': 'Cijk_Alik_Bljk_BBS_BH_Bias_SAV_UserArgs_MT64x16xZ3vQoG9O9M9pXWV8Y2gGbElAxDfqNPb22jCBb85YlnA=',
      'err': 0,
    }),
    dict({
      'basename': 'Cijk_Alik_Bljk_BBS_BH_Bias_SAV_UserArgs_MT64x16xdj-4dNwqTW9QhSLkBO1UgfOE1n4r1PpkMMLZyVvKnxM=',
      'err': 0,
    }),
  ])
# ---
