# serializer version: 1
# name: test_streamk_factored_cluster_gfx1250_golden
  list([
    dict({
      'basename': 'Cijk_Alik_Bljk_F8SS_MXAE8B32_MXBE8B32_BH_UserArgF5C0_rZq2ezCCjyaUDvRbzJEuomLCLOAJY3kT70ftjA=',
      'err': 0,
    }),
    dict({
      'basename': 'Cijk_Alik_Bljk_F8SS_MXAE8B32_MXBE8B32_BH_UserArgQ5X385bVSQUOy9GmsSXczCjA8zzWMTgK7cNQgoMPZlw=',
      'err': 0,
    }),
    dict({
      'basename': 'Cijk_Alik_Bljk_F8SS_MXAE8B32_MXBE8B32_BH_UserArgbUIc7UF1yGvf798D7v26ea8-A1oQr81KOv9Pm1qkClM=',
      'err': 0,
    }),
    dict({
      'basename': 'Cijk_Alik_Bljk_F8SS_MXAE8B32_MXBE8B32_BH_UserArgpSZiUkgt-w3cjaplre7ax64mw7rEtYHJTssL3lFMrmY=',
      'err': 0,
    }),
  ])
# ---
