# serializer version: 1
# name: test_s02b_globalreadbody_non_guardk_prefet_golden
  list([
    dict({
      'basename': 'Cijk_Ailk_Bljk_S_B_UserArgs_MT64x64x16_MI16x16x11gKS_X_MAFGiuK2h0s6XcugPxlhuL80XmVl_qqFyKlg=',
      'err': 0,
      'opcode_set_sha256': 'a5d42012ca7f4b9a63786af29673240cfcb4040aaf461e663392ff1e6d4143a3',
    }),
  ])
# ---
