# serializer version: 1
# name: test_r3_kwafeat_gfx942_golden
  list([
    dict({
      'basename': 'Cijk_Ailk_Bjlk_S_B_UserArgs_MT128x128x16_MI16x16AmODCFCZGpq_5Vq8CSKbLcDfHN8ZbBnC7dzEhsM1Yaw=',
      'err': 0,
    }),
    dict({
      'basename': 'Cijk_Ailk_Bjlk_S_B_UserArgs_MT128x128x16_MI16x16CmK9GpEvb5UEIenEXBuRjz1xwKzdQLWlKfwjZrQRHLc=',
      'err': 0,
    }),
  ])
# ---
