# serializer version: 1
# name: test_gfx908_emit_digests
  list([
    dict({
      'file': 'BBS.yaml',
      'kernels': list([
        dict({
          'basename': 'Cijk_Ailk_Bljk_BBS_BH_Bias_HA_S_SAV_MT64x16x32_Mm4TLVyCSInLiFshYtX7p2Oxyn05rE-WW0C18zITlR08=',
          'err': 0,
        }),
      ]),
    }),
    dict({
      'file': 'HHS.yaml',
      'kernels': list([
        dict({
          'basename': 'Cijk_Ailk_Bljk_HHS_BH_Bias_HA_S_SAV_UserArgs_MT6qq-vrrD2ZA8GObEahnddFlgIvv8shFCK--oDHb87xGo=',
          'err': 0,
        }),
      ]),
    }),
    dict({
      'file': 'HSS.yaml',
      'kernels': list([
        dict({
          'basename': 'Cijk_Ailk_Bjlk_HSS_BH_Bias_HA_S_SAV_UserArgs_MT1GPiukzv-_hSlC2TTGpdrYbfNURHoqn5um5sSUWVzDQk=',
          'err': 0,
        }),
      ]),
    }),
    dict({
      'file': 'SB.yaml',
      'kernels': list([
        dict({
          'basename': 'Cijk_Alik_Bjlk_S_B_Bias_HA_S_SAV_UserArgs_MT32x35CsxcKFTvcNhmRGX8y56vHXvdRN6slQqxnUNd1IJagc=',
          'err': 0,
        }),
      ]),
    }),
  ])
# ---
