# serializer version: 1
# name: test_gfx1100_emit_digests
  list([
    dict({
      'file': 'DB.yaml',
      'kernels': list([
        dict({
          'basename': 'Cijk_Ailk_Bjlk_D_B_UserArgs_MT16x16x16_SN_LDSB0_kSB5TKm-FiOcwSW7GnO79MBVtz1tPw2eLtrm5qcTw5Q=',
          'err': 0,
        }),
        dict({
          'basename': 'Cijk_Ailk_Bjlk_D_B_UserArgs_MT16x16x8_SN_LDSB0_AUTp3ZJ7GnuDzqbDFk-PBqE1Hpy9aoZBptnVO84geHuA=',
          'err': 0,
        }),
        dict({
          'basename': 'Cijk_Ailk_Bjlk_D_B_UserArgs_MT8x8x16_SN_LDSB0_AFdukgO4un-BM1MELOyJMO6jeKRVi5_XRjz-x878TfBx0=',
          'err': 0,
        }),
        dict({
          'basename': 'Cijk_Ailk_Bjlk_D_B_UserArgs_MT8x8x8_SN_LDSB0_AFCr83ao5UNYkDKh0tTuXgQ7te5LRaovOrwUJSuSZoCLug=',
          'err': 0,
        }),
      ]),
    }),
    dict({
      'file': 'HSS.yaml',
      'kernels': list([
        dict({
          'basename': 'Cijk_Alik_Bljk_HSS_BH_Bias_HA_S_SAV_UserArgs_MT36Hd8K5qBYglN5XeMKf49StweiOTIsCm_-IJcTqIMWbI=',
          'err': 0,
        }),
        dict({
          'basename': 'Cijk_Alik_Bljk_HSS_BH_Bias_HA_S_SAV_UserArgs_MT9mF9CBq9-I19to9lneecHr-PPaZLcuqDKDCsrNHF5xXk=',
          'err': 0,
        }),
        dict({
          'basename': 'Cijk_Alik_Bljk_HSS_BH_Bias_HA_S_SAV_UserArgs_MT9z5CjA2Y60-SVXbxJTy8UmRoLA86dHsvn61TvLOkfJ3M=',
          'err': 0,
        }),
      ]),
    }),
    dict({
      'file': 'SB.yaml',
      'kernels': list([
        dict({
          'basename': 'Cijk_Ailk_Bjlk_S_B_Bias_HA_S_SAV_UserArgs_MT16x11OQRP-tCV5E1YQbVrmeDwYko_u8q8zHcNUS7eZrG8Eo=',
          'err': 0,
        }),
        dict({
          'basename': 'Cijk_Ailk_Bjlk_S_B_Bias_HA_S_SAV_UserArgs_MT16x1KTNOoOzTwkcaEucEAZtGzS1QadgbywJ01lL952jUxHo=',
          'err': 0,
        }),
        dict({
          'basename': 'Cijk_Ailk_Bjlk_S_B_Bias_HA_S_SAV_UserArgs_MT8x8xdhpfuibfYk35xh3p-2JHRmogM4FZoLFBvyC048BgjC8=',
          'err': 0,
        }),
        dict({
          'basename': 'Cijk_Ailk_Bjlk_S_B_Bias_HA_S_SAV_UserArgs_MT8x8xhwgN_oRft39fWD_RRYOmqN4_Xxev30IYc8sTjFojMm4=',
          'err': 0,
        }),
      ]),
    }),
  ])
# ---
