# serializer version: 1
# name: test_gfx908_emit_digests
  list([
    dict({
      'file': 'BBS.yaml',
      'kernels': list([
        dict({
          'basename': 'Cijk_Ailk_Bljk_BBS_BH_Bias_HA_S_SAV_MT64x16x32_M2QJlDFXqk8c5zBR7zaChE2NLXxGfA5m_jE8Qwv8fC-w=',
          'err': 0,
        }),
      ]),
    }),
    dict({
      'file': 'HHS.yaml',
      'kernels': list([
        dict({
          'basename': 'Cijk_Ailk_Bljk_HHS_BH_Bias_HA_S_SAV_UserArgs_MT6X1lWt2sxabmDajq1_DdflzMPqqWIEgcMbt3syNJ3eJc=',
          'err': 0,
        }),
      ]),
    }),
    dict({
      'file': 'HSS.yaml',
      'kernels': list([
        dict({
          'basename': 'Cijk_Ailk_Bjlk_HSS_BH_Bias_HA_S_SAV_UserArgs_MT1THhgeqLA8hZiGw4khl_VZdEL-m1P6G4qjmf090DZxpk=',
          'err': 0,
        }),
      ]),
    }),
    dict({
      'file': 'SB.yaml',
      'kernels': list([
        dict({
          'basename': 'Cijk_Alik_Bjlk_S_B_Bias_HA_S_SAV_UserArgs_MT32x39tvysUn87heAdGTnDWGCVpYVOV1swUnaF2KN5BOqtfg=',
          'err': 0,
        }),
      ]),
    }),
  ])
# ---
