# serializer version: 1
# name: test_r2_mac_hhs_dot2_golden
  list([
    dict({
      'basename': 'Cijk_Alik_Bljk_HHS_BH_UserArgs_MT16x32x16_SN_LDS5MZsZhjFNLFwTX8WbFR-xlNtdSeydP49UeEbBocz5j8=',
      'err': 0,
    }),
    dict({
      'basename': 'Cijk_Alik_Bljk_HHS_BH_UserArgs_MT16x64x16_SN_LDSFMPVZsTq6uQ7nVt_KH6wBgfYMc2is1se1Ppr0tpy_qM=',
      'err': 0,
    }),
    dict({
      'basename': 'Cijk_Alik_Bljk_HHS_BH_UserArgs_MT32x32x16_SN_LDSLArWaPaL88gihdg2Nx45K0-1sYB8AABl30-uhTheo-A=',
      'err': 0,
    }),
    dict({
      'basename': 'Cijk_Alik_Bljk_HHS_BH_UserArgs_MT32x64x16_SN_LDSg0xMC5lzmj8y26COBKPBtRaH8HUHRwYLLOXuWm5UBFo=',
      'err': 0,
    }),
    dict({
      'basename': 'Cijk_Alik_Bljk_HHS_BH_UserArgs_MT64x32x16_SN_LDSIrizsmsTHT5OcHX-HSXsF6ThJphShTfQBpJ3haK6Ve4=',
      'err': 0,
    }),
    dict({
      'basename': 'Cijk_Alik_Bljk_HHS_BH_UserArgs_MT8x64x16_SN_LDSB9MNckzNjEa9LpliU3C_gyNKY9-Kn-rWaL1fp_aIAxFc=',
      'err': 0,
    }),
  ])
# ---
