# serializer version: 1
# name: test_gfx950_dominant_golden
  list([
    dict({
      'basename': 'Cijk_Alik_Bljk_F8HS_BH_UserArgs_MT64x64x128_MI16wU4SMlZv1E00KG4gQrOV7w0rLmLXGgDkYgw5tvjjqJM=',
      'err': 0,
    }),
    dict({
      'basename': 'Cijk_Alik_Bljk_F8HS_BH_UserArgs_MT64x64x128_MI32a5FKdRDgDs8ucLS7wEgBsKk3Q37UhJieIXueBP-ipBw=',
      'err': 0,
    }),
  ])
# ---
