# serializer version: 1
# name: test_r2_lra_gfx942_golden
  list([
    dict({
      'basename': 'Cijk_Alik_Bjlk_HHS_BH_UserArgs_MT16x8x64_SN_LDSB9VmhIf0oXY3j-CNvECRqWJ9qtzRmlg5hCq-tfLqLzHY=',
      'err': 0,
    }),
    dict({
      'basename': 'Cijk_Alik_Bjlk_HHS_BH_UserArgs_MT64x4x64_SN_LDSB2kI2eoySIZtvM7MHx_6LFv882zC8TqZaA9SnksYls08=',
      'err': 0,
    }),
  ])
# ---
