# serializer version: 1
# name: test_gfx908_emit_digests
  list([
    dict({
      'file': 'BBS.yaml',
      'kernels': list([
        dict({
          'basename': 'Cijk_Ailk_Bljk_BBS_BH_Bias_HA_S_SAV_MT64x16x32_MPHtHmPRY-J8i9erGS5dVsEhpvTdPPg4ibV0ROfb4je4=',
          'err': 0,
        }),
      ]),
    }),
    dict({
      'file': 'HHS.yaml',
      'kernels': list([
        dict({
          'basename': 'Cijk_Ailk_Bljk_HHS_BH_Bias_HA_S_SAV_UserArgs_MT6pLhDI_4yaRNvRthA6XMrPhR63XT1BnW88kf164eMf1c=',
          'err': 0,
        }),
      ]),
    }),
    dict({
      'file': 'HSS.yaml',
      'kernels': list([
        dict({
          'basename': 'Cijk_Ailk_Bjlk_HSS_BH_Bias_HA_S_SAV_UserArgs_MT19KGm_1j057apaRhfUsiXH8-WblRjM0WcJPsYxhv1UYY=',
          'err': 0,
        }),
      ]),
    }),
    dict({
      'file': 'SB.yaml',
      'kernels': list([
        dict({
          'basename': 'Cijk_Alik_Bjlk_S_B_Bias_HA_S_SAV_UserArgs_MT32x39_ancCC9uZrp5nSQXANFy2bXiehcOSv5ywV2p8t96oo=',
          'err': 0,
        }),
      ]),
    }),
  ])
# ---
