# serializer version: 1
# name: test_r2_lra_gfx942_golden
  list([
    dict({
      'basename': 'Cijk_Alik_Bjlk_HHS_BH_UserArgs_MT16x8x64_SN_LDSBPaIFj4X3szP0dpv-Ab0p3uSPA80c_4t3I1pwCYp_9tk=',
      'err': 0,
    }),
    dict({
      'basename': 'Cijk_Alik_Bjlk_HHS_BH_UserArgs_MT64x4x64_SN_LDSBfhaUIh7qjkEi8QvMP_a9Ni1R7U0v1Qcgu05zgaeF7hw=',
      'err': 0,
    }),
  ])
# ---
