# serializer version: 1
# name: test_streamk_cluster_multicast_gfx1250_golden[pgr1_cs2_ck2]
  list([
    dict({
      'basename': 'Cijk_Alik_Bljk_F8SS_MXAE8B32_MXBE8B32_BH_UserArg2ydhgFnJbU8ZpOb0CZkD0mfX7TbhIoaBLB2ZIrNvCq8=',
      'err': 0,
    }),
    dict({
      'basename': 'Cijk_Alik_Bljk_F8SS_MXAE8B32_MXBE8B32_BH_UserArg8ljNVpy5UO8L3ahZpE19dJz2GpRuV4UNR-fFS_aTv8o=',
      'err': 0,
    }),
    dict({
      'basename': 'Cijk_Alik_Bljk_F8SS_MXAE8B32_MXBE8B32_BH_UserArgJL91M_BkUXjLZI4b9I2kfrNW83y9jgOQ45oxTE5WmG8=',
      'err': 0,
    }),
    dict({
      'basename': 'Cijk_Alik_Bljk_F8SS_MXAE8B32_MXBE8B32_BH_UserArgK8Hu12MG3dUExCNrIj38Cn0Nlzg2hG9IFYZ6gr5PD0M=',
      'err': 0,
    }),
    dict({
      'basename': 'Cijk_Alik_Bljk_F8SS_MXAE8B32_MXBE8B32_BH_UserArginnZkFOLTOBYDK2vI1uM2_cTASZnyAC2CM7PJ_YJXOw=',
      'err': 0,
    }),
    dict({
      'basename': 'Cijk_Alik_Bljk_F8SS_MXAE8B32_MXBE8B32_BH_UserArgo6-4jAuSbapvOVc9vXRnt-puFRva5_lgQLZ2tYxorSY=',
      'err': 0,
    }),
    dict({
      'basename': 'Cijk_Alik_Bljk_F8SS_MXAE8B32_MXBE8B32_BH_UserArgtvS-TemnvvDbIw5S01WagGEOMhrytFbXtOOJhXFS7gM=',
      'err': 0,
    }),
    dict({
      'basename': 'Cijk_Alik_Bljk_F8SS_MXAE8B32_MXBE8B32_BH_UserArgxY2Nv35LWEC6yLlCg7H6e-JpqJG9ql0SMIhkA3y9rLk=',
      'err': 0,
    }),
  ])
# ---
# name: test_streamk_cluster_multicast_gfx1250_golden[pgr1_cs4_ck1]
  list([
    dict({
      'basename': 'Cijk_Alik_Bljk_F8SS_MXAE8B32_MXBE8B32_BH_UserArg-nC4l4e-uJW-J-uSLFI5TkhLD2a7exWdEP05zQkHB_Q=',
      'err': 0,
    }),
    dict({
      'basename': 'Cijk_Alik_Bljk_F8SS_MXAE8B32_MXBE8B32_BH_UserArgAbjt3mWRALoPsfnopnkFr-UDtlqCn9U5jKiej_Ely5A=',
      'err': 0,
    }),
    dict({
      'basename': 'Cijk_Alik_Bljk_F8SS_MXAE8B32_MXBE8B32_BH_UserArgEvgM_RzB5DL7OsE3p6IyI0IbYp4Kn4sjjG_FPlGKeUw=',
      'err': 0,
    }),
    dict({
      'basename': 'Cijk_Alik_Bljk_F8SS_MXAE8B32_MXBE8B32_BH_UserArgFHsXEchcAuVXktApcO8u17hScfpafwLKVr0iKuDUJh8=',
      'err': 0,
    }),
    dict({
      'basename': 'Cijk_Alik_Bljk_F8SS_MXAE8B32_MXBE8B32_BH_UserArgMNfj7e7tcdlJMv7jBlDFqx5b8cjf_3I1iPkzCyQzH6M=',
      'err': 0,
    }),
    dict({
      'basename': 'Cijk_Alik_Bljk_F8SS_MXAE8B32_MXBE8B32_BH_UserArgXEu9-nand-gnfLM53UKdbeuyPJnJrtit6qaHxNtWCD8=',
      'err': 0,
    }),
    dict({
      'basename': 'Cijk_Alik_Bljk_F8SS_MXAE8B32_MXBE8B32_BH_UserArgg4x-HWgsCQaer7LmKAznsvCaxxxo6tADFGivyvsnT4k=',
      'err': 0,
    }),
    dict({
      'basename': 'Cijk_Alik_Bljk_F8SS_MXAE8B32_MXBE8B32_BH_UserArgnY-ktfOLB6DQXBzvdlzn9SOALnEGe45VW895AahNuYI=',
      'err': 0,
    }),
  ])
# ---
# name: test_streamk_cluster_multicast_gfx1250_golden[pgr2_cs2_ck2]
  list([
    dict({
      'basename': 'Cijk_Alik_Bljk_F8SS_MXAE8B32_MXBE8B32_BH_UserArg3jd2S0w1uN-DWHcQSye9qhlgBMKFc_tQU6LSQqhxGbk=',
      'err': 0,
    }),
    dict({
      'basename': 'Cijk_Alik_Bljk_F8SS_MXAE8B32_MXBE8B32_BH_UserArgCyffmsAl6NZUUOsElMW9yLRwNS6C6JYV2FovujATiFE=',
      'err': 0,
    }),
    dict({
      'basename': 'Cijk_Alik_Bljk_F8SS_MXAE8B32_MXBE8B32_BH_UserArgVTMrA8AvCPIY4OUn-0uqzirkTDj44eLpEJjUbCVeq4c=',
      'err': 0,
    }),
    dict({
      'basename': 'Cijk_Alik_Bljk_F8SS_MXAE8B32_MXBE8B32_BH_UserArg_3K2EP48tsJGxdyLE6EnVq2KJeK0cjRNW0ULviCMtZk=',
      'err': 0,
    }),
    dict({
      'basename': 'Cijk_Alik_Bljk_F8SS_MXAE8B32_MXBE8B32_BH_UserArggF_DStbosbJxDczsEAIwJNXEhjLXvmCnlskeDtSlyhM=',
      'err': 0,
    }),
    dict({
      'basename': 'Cijk_Alik_Bljk_F8SS_MXAE8B32_MXBE8B32_BH_UserArgoH_yfIk29SNKi-dIgKfO5j2DP6RodhfLm1OiZrvjMaI=',
      'err': 0,
    }),
    dict({
      'basename': 'Cijk_Alik_Bljk_F8SS_MXAE8B32_MXBE8B32_BH_UserArgwHymIvNLWTSWomEofL21CR_ZyXgFAgCNmFqyD5l5MOc=',
      'err': 0,
    }),
    dict({
      'basename': 'Cijk_Alik_Bljk_F8SS_MXAE8B32_MXBE8B32_BH_UserArgzg46TQo11Wrf1SwxcQFARQX_fmNwI0E-IDJvD3PIgic=',
      'err': 0,
    }),
  ])
# ---
# name: test_streamk_cluster_multicast_gfx1250_golden[pgr2_cs4_ck1]
  list([
    dict({
      'basename': 'Cijk_Alik_Bljk_F8SS_MXAE8B32_MXBE8B32_BH_UserArg3qDPEL1YzaviriHsA9xulSg83u_4Gn-ZjCuYIeV9cY8=',
      'err': 0,
    }),
    dict({
      'basename': 'Cijk_Alik_Bljk_F8SS_MXAE8B32_MXBE8B32_BH_UserArg4K2Hu4O4WAeM8MkUmKv8otxsFPB4SKmu3E0LEOZu0kI=',
      'err': 0,
    }),
    dict({
      'basename': 'Cijk_Alik_Bljk_F8SS_MXAE8B32_MXBE8B32_BH_UserArgF-hW9RBSYvgRrGYQfOYMPJBWvFQsEwJE2ExocrXmlUs=',
      'err': 0,
    }),
    dict({
      'basename': 'Cijk_Alik_Bljk_F8SS_MXAE8B32_MXBE8B32_BH_UserArgK1KHKdONxtUB2l9LSOREKzvC4yR-UMKnnC1otOu-9FQ=',
      'err': 0,
    }),
    dict({
      'basename': 'Cijk_Alik_Bljk_F8SS_MXAE8B32_MXBE8B32_BH_UserArgRUNjl-bJk8eXoE30mTe99wPz9GvpfJUqK_CGXY1GvPE=',
      'err': 0,
    }),
    dict({
      'basename': 'Cijk_Alik_Bljk_F8SS_MXAE8B32_MXBE8B32_BH_UserArgSaX-H9X-WAwXvTsVxGD44307MPjc8JE49GUJt59ingM=',
      'err': 0,
    }),
    dict({
      'basename': 'Cijk_Alik_Bljk_F8SS_MXAE8B32_MXBE8B32_BH_UserArgiBOxVbkLTx0WSyT5_KHZq7djd4-YEgIqJJr1y-0WbV8=',
      'err': 0,
    }),
    dict({
      'basename': 'Cijk_Alik_Bljk_F8SS_MXAE8B32_MXBE8B32_BH_UserArgrRdJnGtrrtHimnrzpALVJF7_GsiyVrQ5Oq07LrloV9E=',
      'err': 0,
    }),
  ])
# ---
