# serializer version: 1
# name: test_gfx942_gg_golden
  list([
    dict({
      'basename': 'Cijk_Ailk_Bljk_HHS_BH_Bias_GG_HA_S_UserArgs_MT12_qAc9FwnWMaeceu1BXi0hyf3mNb4U4ACkGdrQhIkoPM=',
      'err': 0,
    }),
    dict({
      'basename': 'Cijk_Ailk_Bljk_HHS_BH_Bias_GG_HA_S_UserArgs_MT12cdan5q_TyQn0HW9ZbJFoE4JNVIlW2LPMaNBmjnwcpXc=',
      'err': 0,
    }),
    dict({
      'basename': 'Cijk_Ailk_Bljk_HHS_BH_Bias_GG_HA_S_UserArgs_MT12ix4NwdMXDT68Rj781f2HJANV55FECcv2buYPN9Q63vQ=',
      'err': 0,
    }),
    dict({
      'basename': 'Cijk_Ailk_Bljk_HHS_BH_Bias_GG_HA_S_UserArgs_MT12kf8Rb6_00tjxiiOwOf9OpmPahohMbPZL-6vj4j-R-DA=',
      'err': 0,
    }),
  ])
# ---
