# serializer version: 1
# name: test_s06_adaptivegemmntab_3_way_nt_dispat_golden
  list([
    dict({
      'basename': 'Cijk_Alik_Bljk_BBS_BH_UserArgs_MT64x16x32_MI16x1Zqqmr0p5_oNW07_FJtStGJeI34s6SqKHV6WIuYkPgYE=',
      'err': 0,
      'opcode_set_sha256': '98819537f4515b6964d704d63c36555aeb3a828ac183f0aebfc9280325e1c07f',
    }),
  ])
# ---
