# serializer version: 1
# name: test_gfx1250_emit_digests
  list([
    dict({
      'file': 'BBS.yaml',
      'kernels': list([
        dict({
          'basename': 'Cijk_Ailk_Bjlk_BBS_BH_Bias_A_UserArgs_MT16x16x32xCyWecHAg1iIp_p47A_wRTbSs5r1C6mecDZ1etaQ5i4=',
          'err': 0,
        }),
      ]),
    }),
    dict({
      'file': 'F4_MX.yaml',
      'kernels': list([
        dict({
          'basename': 'Cijk_Alik_Bljk_F4BS_MXAE8B32_MXBE8B32_BH_Bias_HAsm6R-cp81eQbUq_De6eOsk8wIMcYP8aIsQAg9_-CO1w=',
          'err': 0,
        }),
      ]),
    }),
    dict({
      'file': 'HHS.yaml',
      'kernels': list([
        dict({
          'basename': 'Cijk_Ailk_Bjlk_HHS_BH_Bias_A_UserArgs_MT16x16x32xCyWecHAg1iIp_p47A_wRTbSs5r1C6mecDZ1etaQ5i4=',
          'err': 0,
        }),
      ]),
    }),
    dict({
      'file': 'SB.yaml',
      'kernels': list([
        dict({
          'basename': 'Cijk_Ailk_Bjlk_S_MX_B_Bias_SB_HA_S_SAB_SAV_UserApyb5gZblR3IqTsxm7-62_w_ER_KbzXr_rYSJiOTT3RQ=',
          'err': 0,
        }),
      ]),
    }),
  ])
# ---
