# serializer version: 1
# name: test_r4_fp8mx_gfx950_golden
  list([
    dict({
      'basename': 'Cijk_Alik_Bljk_F8SS_MXAE8B32_MXBE8B32_BH_UserArg2Y7yvt2OFJGFiAouLtLkXGdTwbn4My67iyU6Qd2pxS8=',
      'err': 0,
    }),
    dict({
      'basename': 'Cijk_Alik_Bljk_F8SS_MXAE8B32_MXBE8B32_BH_UserArgMiic93Psqe9lZJAqkT3yhW-ai52VUY1P1NxAx99jrsw=',
      'err': 0,
    }),
    dict({
      'basename': 'Cijk_Alik_Bljk_F8SS_MXAE8B32_MXBE8B32_BH_UserArgbEnsi8kznilJ8MkCNKgsp3XYYKBoKR2R8f9PsdSCL58=',
      'err': 0,
    }),
    dict({
      'basename': 'Cijk_Alik_Bljk_F8SS_MXAE8B32_MXBE8B32_BH_UserArgzQbkzfL9x-bJNnn_1go0Coqt2hDzn4OVA0DlUmrIoVw=',
      'err': 0,
    }),
  ])
# ---
