# serializer version: 1
# name: test_gfx1201_emit_digests
  list([
    dict({
      'file': 'B8B8S.yaml',
      'kernels': list([
        dict({
          'basename': 'Cijk_Alik_Bljk_B8B8S_BH_Bias_HA_S_SAV_UserArgs_Mln0tuVfTu8h2JES6VZsF4FZzUF--fRhgaBAhAPDESk8=',
          'err': 0,
        }),
      ]),
    }),
    dict({
      'file': 'BBS.yaml',
      'kernels': list([
        dict({
          'basename': 'Cijk_Alik_Bljk_BBS_BH_Bias_SH_HA_S_SAV_UserArgs_Y3B1eDC2GoDyST314Ar771IRl9Susxh1kKqGEF5Qodo=',
          'err': 0,
        }),
      ]),
    }),
    dict({
      'file': 'HHS.yaml',
      'kernels': list([
        dict({
          'basename': 'Cijk_Alik_Bljk_HHS_BH_Bias_HA_S_SAV_UserArgs_MT1IUzMbCfNBM7mD-ubnm_l0p9mmyOPYM4pEqLGz2jyxWY=',
          'err': 0,
        }),
      ]),
    }),
    dict({
      'file': 'HSS.yaml',
      'kernels': list([
        dict({
          'basename': 'Cijk_Alik_Bljk_HSS_BH_Bias_HA_S_SAV_UserArgs_MT1IUzMbCfNBM7mD-ubnm_l0p9mmyOPYM4pEqLGz2jyxWY=',
          'err': 0,
        }),
      ]),
    }),
  ])
# ---
