# serializer version: 1
# name: test_r3_kwafeat_gfx942_golden
  list([
    dict({
      'basename': 'Cijk_Ailk_Bjlk_S_B_UserArgs_MT128x128x16_MI16x16dvyNnHC0b6GxNsCxMGSgRq3japE9iZP21W0Wy9winOM=',
      'err': 0,
    }),
    dict({
      'basename': 'Cijk_Ailk_Bjlk_S_B_UserArgs_MT128x128x16_MI16x16ymdqLbXEhSpse7t8MCjod34dHUFQ8LnVwnB07LLLTNA=',
      'err': 0,
    }),
  ])
# ---
