# serializer version: 1
# name: test_gfx1100_emit_digests
  list([
    dict({
      'file': 'DB.yaml',
      'kernels': list([
        dict({
          'basename': 'Cijk_Ailk_Bjlk_D_B_UserArgs_MT16x16x16_SN_LDSB0_EttAJzI1DZM1-1nxMNZsgaD7TzTJrzOgb2kl-RUMa58=',
          'err': 0,
        }),
        dict({
          'basename': 'Cijk_Ailk_Bjlk_D_B_UserArgs_MT16x16x8_SN_LDSB0_ARtJwI4xDCfnAI-LIeMv4jjhp7f6SeyGBvIigJHu3RMg=',
          'err': 0,
        }),
        dict({
          'basename': 'Cijk_Ailk_Bjlk_D_B_UserArgs_MT8x8x16_SN_LDSB0_AFjqipSqVfHJqFoWjF8lpKW0IQu16LmjZoQX43sE55xPM=',
          'err': 0,
        }),
        dict({
          'basename': 'Cijk_Ailk_Bjlk_D_B_UserArgs_MT8x8x8_SN_LDSB0_AFCBE4JptupO61Xd6yzhBTccHzXdIvS9Q8solt9xWpw98U=',
          'err': 0,
        }),
      ]),
    }),
    dict({
      'file': 'HSS.yaml',
      'kernels': list([
        dict({
          'basename': 'Cijk_Alik_Bljk_HSS_BH_Bias_HA_S_SAV_UserArgs_MT3fUQyfGQ22Vzvvy5acM4P_V6SP080xseAC33QpgUQHd0=',
          'err': 0,
        }),
        dict({
          'basename': 'Cijk_Alik_Bljk_HSS_BH_Bias_HA_S_SAV_UserArgs_MT905LgnzBkN0lWfXffwOR76T6lWohXlw1l9QmTw6bSMM8=',
          'err': 0,
        }),
        dict({
          'basename': 'Cijk_Alik_Bljk_HSS_BH_Bias_HA_S_SAV_UserArgs_MT9YP8M461T87av85AWgFnRF8wcCdJv-Uk93R-GeFW62bw=',
          'err': 0,
        }),
      ]),
    }),
    dict({
      'file': 'SB.yaml',
      'kernels': list([
        dict({
          'basename': 'Cijk_Ailk_Bjlk_S_B_Bias_HA_S_SAV_UserArgs_MT16x19nkV5-3-O00POP7dSitUr1-SkTt7qeEYlNVLOGP9li8=',
          'err': 0,
        }),
        dict({
          'basename': 'Cijk_Ailk_Bjlk_S_B_Bias_HA_S_SAV_UserArgs_MT16x1QeMq9q_3kU0-uNeRVPaoI7mSdo_lDF6jXcDrum50zy0=',
          'err': 0,
        }),
        dict({
          'basename': 'Cijk_Ailk_Bjlk_S_B_Bias_HA_S_SAV_UserArgs_MT8x8xT3kJEGTlNgOmM0r48GJzvYKNHuLtq_eUAEdjbeSNSxs=',
          'err': 0,
        }),
        dict({
          'basename': 'Cijk_Ailk_Bjlk_S_B_Bias_HA_S_SAV_UserArgs_MT8x8xm0iSrXdcsj-mRTqHwsP1E2U8TrYrNh4-NtLWFN-29yk=',
          'err': 0,
        }),
      ]),
    }),
  ])
# ---
