# serializer version: 1
# name: test_r4_shiftvector2_golden
  list([
    dict({
      'basename': 'Cijk_Ailk_Bjlk_S_B_UserArgs_MT128x64x16_SN_LDSB0vzaeWGvTItVebVKnWGtja791T8XE8kw3J1RX6cFz0LE=',
      'err': 0,
    }),
    dict({
      'basename': 'Cijk_Ailk_Bjlk_S_B_UserArgs_MT64x128x16_SN_LDSB0jqJ-rl5x7_fFHMdv_7CUVVq3lBDjNkkmwqXE2A3hDDI=',
      'err': 0,
    }),
    dict({
      'basename': 'Cijk_Ailk_Bjlk_S_B_UserArgs_MT64x64x16_SN_LDSB0_YXvOMM0FomI1gIEPYL0HJJDrPNDV-lhYBnE_9pT9Fe4=',
      'err': 0,
    }),
  ])
# ---
