# serializer version: 1
# name: test_gfx950_hhs_golden
  list([
    dict({
      'basename': 'Cijk_Alik_Bljk_HHS_BH_Bias_A_S_UserArgs_MT64x16xUkIC8mg6JlmNeGE-thZl4DiGvm40fRR3nbydIWwHkCg=',
      'err': 0,
    }),
    dict({
      'basename': 'Cijk_Alik_Bljk_HHS_BH_Bias_A_S_UserArgs_MT64x16xfTvocw9wlzNFbzu6JSIJeOEsUy59VJ5k60DKEsmFECg=',
      'err': 0,
    }),
  ])
# ---
