# serializer version: 1
# name: test_gfx942_f8n_golden
  list([
    dict({
      'basename': 'Cijk_Ailk_Bljk_F8NHS_BH_Bias_S_HA_S_SAB_SCD_SAV_AEnE6yB_miUoypF4QDEAMkykDQbNwnKsGbvaM4oXKuU=',
      'err': 0,
    }),
    dict({
      'basename': 'Cijk_Ailk_Bljk_F8NHS_BH_Bias_S_HA_S_SAB_SCD_SAV_EYQOlvhCZ9XxTIWyzdwln7o-yLfOzb2WDW_AVe_KRS0=',
      'err': 0,
    }),
    dict({
      'basename': 'Cijk_Ailk_Bljk_F8NHS_BH_Bias_S_HA_S_SAB_SCD_SAV_MmATKSpCKEmOlGbp2rp_Vswlj8RQL-IWcH1nyNrlPiE=',
      'err': 0,
    }),
    dict({
      'basename': 'Cijk_Ailk_Bljk_F8NHS_BH_Bias_S_HA_S_SAB_SCD_SAV_Naru7Nun7m3WXed-AHuiYnXQ3gWK55h8KXE94jAOMg8=',
      'err': 0,
    }),
    dict({
      'basename': 'Cijk_Ailk_Bljk_F8NHS_BH_Bias_S_HA_S_SAB_SCD_SAV_OUMd-BcYQpBr6fSbDOjTgPJgyZbcyVQAApYG_8atMsE=',
      'err': 0,
    }),
    dict({
      'basename': 'Cijk_Ailk_Bljk_F8NHS_BH_Bias_S_HA_S_SAB_SCD_SAV_QPAnlZYWMjbLjLqWWlgKb6JYzkvocyyE8Eaf--L6pyQ=',
      'err': 0,
    }),
    dict({
      'basename': 'Cijk_Ailk_Bljk_F8NHS_BH_Bias_S_HA_S_SAB_SCD_SAV_YJga6JBxkSbGV1cThlhaVETZIY2zwUpm2VOh29PmFWI=',
      'err': 0,
    }),
    dict({
      'basename': 'Cijk_Ailk_Bljk_F8NHS_BH_Bias_S_HA_S_SAB_SCD_SAV_kGLXkUx1qudPIdEdNSH66Cf4LUpG-0UkMgIUNhwX_y0=',
      'err': 0,
    }),
  ])
# ---
