# serializer version: 1
# name: test_r3_subtile_lr_fp8_gfx950_golden
  list([
    dict({
      'basename': 'Cijk_Alik_Bljk_F8SS_BH_UserArgs_MT128x128x256_MITkCRYZ6Bf-1GfRS9Op0hinJBrErXOHsj6jA1ginaczo=',
      'err': 0,
    }),
    dict({
      'basename': 'Cijk_Alik_Bljk_F8SS_BH_UserArgs_MT64x64x256_MI16pEstobxQT3o0ijhKokHYaj6iBKZzgTwRPzoG-ezTI1k=',
      'err': 0,
    }),
  ])
# ---
