# serializer version: 1
# name: test_r3_kwfeat_gfx942_golden
  list([
    dict({
      'basename': 'Cijk_Alik_Bljk_BBS_BH_UserArgs_MT64x16x32_MI16x1QTsjdDwzrzvnOqfJKcTM8JjMPe11KgRcVpCuAzQn6P8=',
      'err': 0,
    }),
    dict({
      'basename': 'Cijk_Alik_Bljk_BBS_BH_UserArgs_MT64x16x32_MI16x1xqDzT5J26_M4MTqJjYbJOK3FGXFNITs7aL-9HMOFBlU=',
      'err': 0,
    }),
  ])
# ---
