# serializer version: 1
# name: test_gfx950_bbs_golden
  list([
    dict({
      'basename': 'Cijk_Alik_Bljk_BBS_BH_Bias_HA_S_UserArgs_MT64x1686hO2uqTNNdqX3-i-nQaUQPNvKMzLQimJpEpNr0vZFw=',
      'err': 0,
    }),
    dict({
      'basename': 'Cijk_Alik_Bljk_BBS_BH_Bias_HA_S_UserArgs_MT64x16owHjfn51asrb5ZAm0dnd7EgS-jIWDp5h9XFWvyNAnZ4=',
      'err': 0,
    }),
  ])
# ---
