# serializer version: 1
# name: test_gfx942_f8n_golden
  list([
    dict({
      'basename': 'Cijk_Ailk_Bljk_F8NHS_BH_Bias_S_HA_S_SAB_SCD_SAV_9oI1DM4OVM0wIwEmh2ZkWJ8XfUpZJDXz_Ilv9K7eO5k=',
      'err': 0,
    }),
    dict({
      'basename': 'Cijk_Ailk_Bljk_F8NHS_BH_Bias_S_HA_S_SAB_SCD_SAV_GWasqwcvpmRQXhC1t0AWfXc-DSMFFPQ8MLtaVzrLgik=',
      'err': 0,
    }),
    dict({
      'basename': 'Cijk_Ailk_Bljk_F8NHS_BH_Bias_S_HA_S_SAB_SCD_SAV_GploTiNI49ZGzl2UBHDjnEsJm7mtC56SODjhH6LBETE=',
      'err': 0,
    }),
    dict({
      'basename': 'Cijk_Ailk_Bljk_F8NHS_BH_Bias_S_HA_S_SAB_SCD_SAV_QvjXl7vbYZMGXGxfeSoK86uSGIgEb9i77XjwbeI8iGA=',
      'err': 0,
    }),
    dict({
      'basename': 'Cijk_Ailk_Bljk_F8NHS_BH_Bias_S_HA_S_SAB_SCD_SAV_VBgvqk2e-FnrokLjhg5V3G4nII--3AQFrEHkrMglgSE=',
      'err': 0,
    }),
    dict({
      'basename': 'Cijk_Ailk_Bljk_F8NHS_BH_Bias_S_HA_S_SAB_SCD_SAV_Z38V921ZViLSeWsmCIX63HxnBYlYzchsn3EOAoihWrg=',
      'err': 0,
    }),
    dict({
      'basename': 'Cijk_Ailk_Bljk_F8NHS_BH_Bias_S_HA_S_SAB_SCD_SAV_cK4YEfDn3gjQimoWwuZ_uw1DpCbbfNnVCCwWzrPA4Uc=',
      'err': 0,
    }),
    dict({
      'basename': 'Cijk_Ailk_Bljk_F8NHS_BH_Bias_S_HA_S_SAB_SCD_SAV_w5aJZqnQ9MkHuLAq_7-13eVMyN7PBjFPHv8E_PxJ-kA=',
      'err': 0,
    }),
  ])
# ---
