# serializer version: 1
# name: test_r2_gsu_golden
  list([
    dict({
      'basename': 'Cijk_Alik_Bljk_BBS_BH_Bias_A_S_UserArgs_MT64x16xJlUOhKP7X0R8jpdVafC4WMdJeUqiC3G1rXK7BRwvQmo=',
      'err': 0,
    }),
    dict({
      'basename': 'Cijk_Alik_Bljk_BBS_BH_Bias_A_S_UserArgs_MT64x16xylDC2XH0R9r9eeJvzKGRl3AZGd2qyhfejmlS-vzBMkc=',
      'err': 0,
    }),
  ])
# ---
