# serializer version: 1
# name: test_r4_shiftvector2_golden
  list([
    dict({
      'basename': 'Cijk_Ailk_Bjlk_S_B_UserArgs_MT128x64x16_SN_LDSB0jfelgyemf07M_pr5gqhurx9rgrjNZR_GHmntBVBzv-Q=',
      'err': 0,
    }),
    dict({
      'basename': 'Cijk_Ailk_Bjlk_S_B_UserArgs_MT64x128x16_SN_LDSB0NmnzprM1zkIjoFPD6o73YjBS6SFD3n_bRoAIZbBzH68=',
      'err': 0,
    }),
    dict({
      'basename': 'Cijk_Ailk_Bjlk_S_B_UserArgs_MT64x64x16_SN_LDSB0_e3pAVGR_TjyP17BY6jpU9i23b7sfMUQywB2hTlKYMp8=',
      'err': 0,
    }),
  ])
# ---
