# serializer version: 1
# name: test_r2_store_gfx942_golden
  list([
    dict({
      'basename': 'Cijk_Alik_Bljk_BBS_BH_Bias_SAV_UserArgs_MT64x16xCfrpg8cNCDtuWwoGsRs6iO68yht6zahqad6gwlMRMBo=',
      'err': 0,
    }),
    dict({
      'basename': 'Cijk_Alik_Bljk_BBS_BH_Bias_SAV_UserArgs_MT64x16xR-MvbaJ0NhSU0ZCaUwhjzqSHsiX2D6WPJSdcTnAjXvA=',
      'err': 0,
    }),
    dict({
      'basename': 'Cijk_Alik_Bljk_BBS_BH_Bias_SAV_UserArgs_MT64x16xcwUp_lJWF_3_wbLUEFxqiVtH5j1Bmkg2xnwgUGJSVqc=',
      'err': 0,
    }),
    dict({
      'basename': 'Cijk_Alik_Bljk_BBS_BH_Bias_SAV_UserArgs_MT64x16xmuFGxW__EyzUM8kKMqpYJ5ohlbbjl5_V0UIIS2RRFfE=',
      'err': 0,
    }),
  ])
# ---
