# serializer version: 1
# name: test_gfx942_f8n_golden
  list([
    dict({
      'basename': 'Cijk_Ailk_Bljk_F8NHS_BH_Bias_S_HA_S_SAB_SCD_SAV_1iJsdSy2bo0pA7Cby1Scy_8iksLm0ImV7CP-xynFY08=',
      'err': 0,
    }),
    dict({
      'basename': 'Cijk_Ailk_Bljk_F8NHS_BH_Bias_S_HA_S_SAB_SCD_SAV_9UmShTcjs5VH5d0inEzRgnwGUisFh0P2_aOkly9II7M=',
      'err': 0,
    }),
    dict({
      'basename': 'Cijk_Ailk_Bljk_F8NHS_BH_Bias_S_HA_S_SAB_SCD_SAV_EJGYHxWR9Dze9LqqS28iNpdCipkYEJ--FkDqqtx3Kj8=',
      'err': 0,
    }),
    dict({
      'basename': 'Cijk_Ailk_Bljk_F8NHS_BH_Bias_S_HA_S_SAB_SCD_SAV_IsWlUVYQg6T0ST9tec7S0vJ1ta6pDIitYa2P0PKmAtg=',
      'err': 0,
    }),
    dict({
      'basename': 'Cijk_Ailk_Bljk_F8NHS_BH_Bias_S_HA_S_SAB_SCD_SAV_pO3CvfrLApUSh89qs2IZuXRx1mEYP912eTGqZbEoFO4=',
      'err': 0,
    }),
    dict({
      'basename': 'Cijk_Ailk_Bljk_F8NHS_BH_Bias_S_HA_S_SAB_SCD_SAV_qIFsLO2g9hC7NjZqZfTtSEy69CJVRyvYHFcYEvJ7GDY=',
      'err': 0,
    }),
    dict({
      'basename': 'Cijk_Ailk_Bljk_F8NHS_BH_Bias_S_HA_S_SAB_SCD_SAV_uixlohOiPxwlIVEiM0doqJmLQDkxo4yU8cKGAagbhhk=',
      'err': 0,
    }),
    dict({
      'basename': 'Cijk_Ailk_Bljk_F8NHS_BH_Bias_S_HA_S_SAB_SCD_SAV_xYY-AJ6tGrB0MuNHqeBtrOplltGO-6O0_2kxboXtkGU=',
      'err': 0,
    }),
  ])
# ---
