# serializer version: 1
# name: test_r2_shiftvector_golden
  list([
    dict({
      'basename': 'Cijk_Ailk_Bjlk_S_B_UserArgs_MT128x64x16_SN_LDSB0bk-siS3m7ngWMdk04vs4vFMsla_cC8VpQMpcNPakKkM=',
      'err': 0,
    }),
    dict({
      'basename': 'Cijk_Ailk_Bjlk_S_B_UserArgs_MT64x128x16_SN_LDSB0bcM8C-YiYqcqkL70AZL006mgRW73M-4IgcXKGKhJ2Mo=',
      'err': 0,
    }),
    dict({
      'basename': 'Cijk_Ailk_Bjlk_S_B_UserArgs_MT64x64x16_SN_LDSB0_Z5LWR_VyrQLCenrzk_GPjrNZWhh96pqaaQCe3H6fZ7o=',
      'err': 0,
    }),
  ])
# ---
