# serializer version: 1
# name: test_s07_usef32xemulation_register_layout_golden
  list([
    dict({
      'basename': 'Cijk_Alik_Bljk_S_MX_B_UserArgs_MT128x192x32_MI16DDOcFrngvPnEPSTntf-OyuGO8LbsqDH5fv8Zu1Ipya0=',
      'err': 0,
      'opcode_set_sha256': 'a41e5ffa2c8919f0cf7e42d6b21bfef7713926c6108ab8d6b64a7dcb15344305',
    }),
  ])
# ---
