# serializer version: 1
# name: test_r2_shiftvector_golden
  list([
    dict({
      'basename': 'Cijk_Ailk_Bjlk_S_B_UserArgs_MT128x64x16_SN_LDSB0NueRSaJuphYb5L7_4x6FrHJ4tshvjh8UYByQtUZSE28=',
      'err': 0,
    }),
    dict({
      'basename': 'Cijk_Ailk_Bjlk_S_B_UserArgs_MT64x128x16_SN_LDSB0ojcRXnVb8VFPEN3qsTkGvigVQ_TfzpMZJomZd3bTXx8=',
      'err': 0,
    }),
    dict({
      'basename': 'Cijk_Ailk_Bjlk_S_B_UserArgs_MT64x64x16_SN_LDSB0_RfPKnKpO-kL_quVfjBX9Kb953VfRjUfSYhSNakNy29Y=',
      'err': 0,
    }),
  ])
# ---
