# serializer version: 1
# name: test_streamk_cluster_multicast_gfx1250_golden[pgr1_cs2_ck2]
  list([
    dict({
      'basename': 'Cijk_Alik_Bljk_F8SS_MXAE8B32_MXBE8B32_BH_UserArg2Y_cHeQAhYRgmtnfaSkyL4cP_lOZg52qawOHlH_xup0=',
      'err': 0,
    }),
    dict({
      'basename': 'Cijk_Alik_Bljk_F8SS_MXAE8B32_MXBE8B32_BH_UserArg5oWNxyn8nAVd-Q46Dk999xtpjbOR0h6fA0GBE7XcbI8=',
      'err': 0,
    }),
    dict({
      'basename': 'Cijk_Alik_Bljk_F8SS_MXAE8B32_MXBE8B32_BH_UserArgBIRUc03uIz0Ycl4NwewEL9NST_jqOmB0Zm8X92OfHN4=',
      'err': 0,
    }),
    dict({
      'basename': 'Cijk_Alik_Bljk_F8SS_MXAE8B32_MXBE8B32_BH_UserArgSwd0-fmJoFV7MPpEAqcQXDIZka4tVr6nZyLzshd8ZEs=',
      'err': 0,
    }),
    dict({
      'basename': 'Cijk_Alik_Bljk_F8SS_MXAE8B32_MXBE8B32_BH_UserArglra-WbvnFlBigs61pR3IjpwuUsTzkAK4zB8aW_TtSQ4=',
      'err': 0,
    }),
    dict({
      'basename': 'Cijk_Alik_Bljk_F8SS_MXAE8B32_MXBE8B32_BH_UserArgq4Qh-RnaTpcaFVF1vo-2yottK7r2aqRJ2_MmfrQqcsA=',
      'err': 0,
    }),
    dict({
      'basename': 'Cijk_Alik_Bljk_F8SS_MXAE8B32_MXBE8B32_BH_UserArgqMK41ew7tFtUtPW0seuz5mJ710UI6wYzS8w3SXOyWMo=',
      'err': 0,
    }),
    dict({
      'basename': 'Cijk_Alik_Bljk_F8SS_MXAE8B32_MXBE8B32_BH_UserArgvfKfGmKKCb6ithFJB6eGY7emqhf-6eQS378gL9VMSMk=',
      'err': 0,
    }),
  ])
# ---
# name: test_streamk_cluster_multicast_gfx1250_golden[pgr1_cs4_ck1]
  list([
    dict({
      'basename': 'Cijk_Alik_Bljk_F8SS_MXAE8B32_MXBE8B32_BH_UserArg1Tmau2tAeVSHnDX5KPoiVoycvv1X7PJrWvGfHysVW_E=',
      'err': 0,
    }),
    dict({
      'basename': 'Cijk_Alik_Bljk_F8SS_MXAE8B32_MXBE8B32_BH_UserArg98XE6zMgVFBDumJGMU3OuRLCdy8MplOQlGhjt7LC58U=',
      'err': 0,
    }),
    dict({
      'basename': 'Cijk_Alik_Bljk_F8SS_MXAE8B32_MXBE8B32_BH_UserArgPctWUHmcUnuJe48M-C87yascDBk_tsyaU5OZWTd2Do4=',
      'err': 0,
    }),
    dict({
      'basename': 'Cijk_Alik_Bljk_F8SS_MXAE8B32_MXBE8B32_BH_UserArgPeoXRb6Z-CuROP0GuVWgP5j6h8mvcFnxYfXJMuXfDcE=',
      'err': 0,
    }),
    dict({
      'basename': 'Cijk_Alik_Bljk_F8SS_MXAE8B32_MXBE8B32_BH_UserArgWLFmSte33KmTM3S5mmLEmu4afCs9Tn0smGRGOb5LbVw=',
      'err': 0,
    }),
    dict({
      'basename': 'Cijk_Alik_Bljk_F8SS_MXAE8B32_MXBE8B32_BH_UserArgdcz_9Z9VS-cuYwSgDtvSPweGzzUbsCFViRkPCaWvNUk=',
      'err': 0,
    }),
    dict({
      'basename': 'Cijk_Alik_Bljk_F8SS_MXAE8B32_MXBE8B32_BH_UserArghpdVgpVJb2amom9XvreGQJIZXsVaBYx1Lmev03VGA_Q=',
      'err': 0,
    }),
    dict({
      'basename': 'Cijk_Alik_Bljk_F8SS_MXAE8B32_MXBE8B32_BH_UserArgxY_ZfO-FQn213Pk5YFvvPe1NpELqUos2L4nJH8pWNpI=',
      'err': 0,
    }),
  ])
# ---
# name: test_streamk_cluster_multicast_gfx1250_golden[pgr2_cs2_ck2]
  list([
    dict({
      'basename': 'Cijk_Alik_Bljk_F8SS_MXAE8B32_MXBE8B32_BH_UserArg300OULkcq723W-laFyhwpSjBgvgQQlfXYAr620i6zXU=',
      'err': 0,
    }),
    dict({
      'basename': 'Cijk_Alik_Bljk_F8SS_MXAE8B32_MXBE8B32_BH_UserArgOpDSkY0R4f_krnJ9AXFvnDNOGMDeVi_cZP11Ura2erc=',
      'err': 0,
    }),
    dict({
      'basename': 'Cijk_Alik_Bljk_F8SS_MXAE8B32_MXBE8B32_BH_UserArgPLOoua8qVkIXwdnBOYLER--4ysIg-91Pf45JRUdB5Zo=',
      'err': 0,
    }),
    dict({
      'basename': 'Cijk_Alik_Bljk_F8SS_MXAE8B32_MXBE8B32_BH_UserArgdaVDMfdA8YPPbmSaP6eImRaQ6IuZ_lxPg5eDjyJOPn0=',
      'err': 0,
    }),
    dict({
      'basename': 'Cijk_Alik_Bljk_F8SS_MXAE8B32_MXBE8B32_BH_UserArgeyPogc9xXu1TN0WluuhBDExulBSg90aeYxrL6C6U64Y=',
      'err': 0,
    }),
    dict({
      'basename': 'Cijk_Alik_Bljk_F8SS_MXAE8B32_MXBE8B32_BH_UserArgni33IYk5zy4pU1_ewIKGygokalN9L-ezZlcnVRPTE1E=',
      'err': 0,
    }),
    dict({
      'basename': 'Cijk_Alik_Bljk_F8SS_MXAE8B32_MXBE8B32_BH_UserArgqiloAkdPy5Lp14-LaAPC7YfVnoZwMTogCIl9iIOomSg=',
      'err': 0,
    }),
    dict({
      'basename': 'Cijk_Alik_Bljk_F8SS_MXAE8B32_MXBE8B32_BH_UserArgz-vmdxBPA4GKXlZPnZCYauDLyO0v-U3EssEqw-WxQsA=',
      'err': 0,
    }),
  ])
# ---
# name: test_streamk_cluster_multicast_gfx1250_golden[pgr2_cs4_ck1]
  list([
    dict({
      'basename': 'Cijk_Alik_Bljk_F8SS_MXAE8B32_MXBE8B32_BH_UserArg7I7A00bN23eJUn9PwDAcRsbEFGVn5opZarY_KRTUOws=',
      'err': 0,
    }),
    dict({
      'basename': 'Cijk_Alik_Bljk_F8SS_MXAE8B32_MXBE8B32_BH_UserArgQBCTRV5fTq14l4jQalcg8vx7g8DoCx6Fhdf1U45qzPE=',
      'err': 0,
    }),
    dict({
      'basename': 'Cijk_Alik_Bljk_F8SS_MXAE8B32_MXBE8B32_BH_UserArgYLUpf7umrZYf78ggh0pdNc80Gv0Dm7hGsExk80OfLT8=',
      'err': 0,
    }),
    dict({
      'basename': 'Cijk_Alik_Bljk_F8SS_MXAE8B32_MXBE8B32_BH_UserArgdf4NVBOUDUCkGyN58vGzeIqWIGN6VxI1eyTM-Ge7n-4=',
      'err': 0,
    }),
    dict({
      'basename': 'Cijk_Alik_Bljk_F8SS_MXAE8B32_MXBE8B32_BH_UserArgg3sHC8yXOLpNYG3HMjPXiMpMlfjw53gYI1FBP6Ke7jU=',
      'err': 0,
    }),
    dict({
      'basename': 'Cijk_Alik_Bljk_F8SS_MXAE8B32_MXBE8B32_BH_UserArgj0XKHKgpm5f1WGfiosam-IUdED-2c_Ppmf4Hk1AynjU=',
      'err': 0,
    }),
    dict({
      'basename': 'Cijk_Alik_Bljk_F8SS_MXAE8B32_MXBE8B32_BH_UserArgmk-w5yAY3Nbpi35HA5mfxdpg2qnbZq4Du_bWgRmdrn8=',
      'err': 0,
    }),
    dict({
      'basename': 'Cijk_Alik_Bljk_F8SS_MXAE8B32_MXBE8B32_BH_UserArgn1d0Puhk0lwc9gbR0kGgpFtamfrE2oBm3EQqZ-8DTvA=',
      'err': 0,
    }),
  ])
# ---
