# serializer version: 1
# name: test_gfx942_emit_digests
  list([
    dict({
      'file': 'BBS_BH_Bias_Act.yaml',
      'kernels': list([
        dict({
          'basename': 'Cijk_Ailk_Bljk_BBS_BH_Bias_HA_S_UserArgs_MT256x9KB2FZQgHc9_sOipd5-6MHTSADIj4FGBdKdt45s_heQ0=',
          'err': 0,
          'n_lines': 159705,
          'sha256': '5c5036669d250a2d977d9821ded28d07a285314095dba23e561b3288675c9b2f',
        }),
      ]),
    }),
    dict({
      'file': 'DB.yaml',
      'kernels': list([
        dict({
          'basename': 'Cijk_Ailk_Bljk_D_B_UserArgs_MT16x16x16_MI16x16x1KOvSyvBbKGwl0eAeI1vBCa7lGhezSQYVsdTLP0wySxY=',
          'err': 0,
          'n_lines': 3016,
          'sha256': 'afe15ac8ac1679f85487f8d27b026e71eb72aad4eea4fadcc97465dd257874c0',
        }),
        dict({
          'basename': 'Cijk_Ailk_Bljk_D_B_UserArgs_MT16x16x8_MI16x16x1_ZA60fOGfiUGdRN1IQ1lrt2kE1ucKxYo77Wdzbuub6UU=',
          'err': 0,
          'n_lines': 2889,
          'sha256': '175bd7fc1b66deeb35070c9bdacc40624baffe56648dee7bb33f9d283ed8e7fb',
        }),
      ]),
    }),
    dict({
      'file': 'F8N_multi.yaml',
      'kernels': list([
        dict({
          'basename': 'Cijk_Alik_Bljk_F8NF8NS_BH_Bias_H_AuxH_AmaxD_HA_SRNRGS_tqaNK1-s4-6jkMMADhKVbg7Y_75sjpbrt4OWM=',
          'err': 0,
          'n_lines': 3847,
          'sha256': '04f3a846893b936c0aaf243cc6e1ddda41095495cf47e9735bb176e5a23f170d',
        }),
        dict({
          'basename': 'Cijk_Alik_Bljk_F8NF8NS_BH_Bias_H_AuxH_AmaxD_HA_Sh7DDzFjpelqF-ouDg-cA4v7wKze77oc9BOWMrPaomAI=',
          'err': 0,
          'n_lines': 3746,
          'sha256': 'fdfe558ae5d3661bf9d9377852ea9f37aa3ffbea578f310fd413815341070cc8',
        }),
        dict({
          'basename': 'Cijk_Alik_Bljk_F8NF8NS_BH_Bias_H_AuxH_AmaxD_HA_SozLliEJfEZw2rVHwZ3XXIY3ivJRWzeQAzfVLzjRZ_ac=',
          'err': 0,
          'n_lines': 4729,
          'sha256': '8b7a8737c09a4115c197bdf73b0bef94588d130c494d8e31a44b9681e23af4bc',
        }),
        dict({
          'basename': 'Cijk_Alik_Bljk_F8NF8NS_BH_Bias_H_AuxH_AmaxD_HA_SzFOS-a48URH_0uT79oKucY0S1UrFsxUhEbF_QSKsMyQ=',
          'err': 0,
          'n_lines': 3746,
          'sha256': 'e3b94c07bc3189f2d668c2b22b3c2054ba4da2fb45586b2b5d988d8a0c0d147f',
        }),
      ]),
    }),
    dict({
      'file': 'HHS_BH_Bias_GG.yaml',
      'kernels': list([
        dict({
          'basename': 'Cijk_Ailk_Bjlk_HHS_BH_Bias_HA_S_SAV_UserArgs_MT1tbfvnn0G_b79C_ecT73Kd4LNsVrUG7tsgTLAvexB4ZI=',
          'err': 0,
          'n_lines': 5039,
          'sha256': 'fae15113eadccf4c03520276bbfb76d0de69ff38729220b76a631146876442c9',
        }),
      ]),
    }),
    dict({
      'file': 'HSS_BH_Bias.yaml',
      'kernels': list([
        dict({
          'basename': 'Cijk_Alik_Bjlk_HSS_BH_Bias_HA_S_SAV_UserArgs_MT3JHO0obGJcjpXm13wGrmE3byfI45Od8PmpTYnKnvpvOE=',
          'err': 0,
          'n_lines': 3516,
          'sha256': '37f7a8887483e83ba217ba3abe323fb7980cae42a6304ce7348594c6b6b42429',
        }),
      ]),
    }),
    dict({
      'file': 'SB_Bias_Aux.yaml',
      'kernels': list([
        dict({
          'basename': 'Cijk_Ailk_Bjlk_S_B_Bias_AuxS_HA_S_SAV_UserArgs_MEPZR82w5JwF7dXgRmESoKifpf1VntAnZvMpTXU4vREY=',
          'err': 0,
          'n_lines': 14649,
          'sha256': '50515d54d3d0d8c745b5d7d957fa05f4cbea1738193da96a4d0f01f46efd3e69',
        }),
      ]),
    }),
  ])
# ---
