# serializer version: 1
# name: test_r2_streamk_gfx942_golden
  list([
    dict({
      'basename': 'Cijk_Ailk_Bjlk_S_B_UserArgs_MT128x128x16_MI16x161JbSQTxKUDwnxGTA5cYRU72Z_6GNi3j6sxPiBIpYwno=',
      'err': 0,
    }),
    dict({
      'basename': 'Cijk_Ailk_Bjlk_S_B_UserArgs_MT128x128x16_MI16x16SC3KNmq2ZYy-ATppDolm2MsyyoXXZppfTjl_B8uTUZQ=',
      'err': 0,
    }),
    dict({
      'basename': 'Cijk_Ailk_Bjlk_S_B_UserArgs_MT128x128x16_MI16x16SC3KNmq2ZYy-ATppDolm2MsyyoXXZppfTjl_B8uTUZQ=',
      'err': 0,
    }),
    dict({
      'basename': 'Cijk_Ailk_Bjlk_S_B_UserArgs_MT128x128x16_MI16x16aep0ABaQESJ35on7LkmzFjVLxkOpi1UPXJTamUYe13M=',
      'err': 0,
    }),
  ])
# ---
