# serializer version: 1
# name: test_r3_globalwrite_gfx942_golden
  list([
    dict({
      'basename': 'Cijk_Alik_Bljk_F8NBS_BH_SABV_SAV_UserArgs_MT64x6c8HL9o4PHvZRrA3iN8v1ISU1dmP1tzRo_RedjYkyF6g=',
      'err': 0,
    }),
    dict({
      'basename': 'Cijk_Alik_Bljk_F8NBS_BH_SABV_SAV_UserArgs_MT64x6cag1I4rNMOGXO0KcIP4j16_b5wCCV34gPojIJeBxN10=',
      'err': 0,
    }),
  ])
# ---
