# serializer version: 1
# name: test_r3_subtile_lr_fp8_gfx950_golden
  list([
    dict({
      'basename': 'Cijk_Alik_Bljk_F8SS_BH_UserArgs_MT128x128x256_MIC-n1_FqustWBhYE6s-6A5xy4skeTQhgrMhm5TZ9snPQ=',
      'err': 0,
    }),
    dict({
      'basename': 'Cijk_Alik_Bljk_F8SS_BH_UserArgs_MT64x64x256_MI16lu7lWZI9-FyhVHOzQKQq3lI8upVKr19Gg2-wz_K74ks=',
      'err': 0,
    }),
  ])
# ---
