# serializer version: 1
# name: test_r3_streamk_gfx1250_golden
  list([
    dict({
      'basename': 'Cijk_Alik_Bljk_F8SS_MXAE8B32_MXBE8B32_BH_UserArgK-cJTGN4CRt8mQ1xrT6Gt4B44Zvu4recnbw9wV_LNPs=',
      'err': 0,
    }),
    dict({
      'basename': 'Cijk_Alik_Bljk_F8SS_MXAE8B32_MXBE8B32_BH_UserArgfwuy55wzRh34wh892QBe5Mkgn1TMoSQoHopBKKWFWaQ=',
      'err': 0,
    }),
    dict({
      'basename': 'Cijk_Alik_Bljk_F8SS_MXAE8B32_MXBE8B32_BH_UserArgjwm10qql2ZmIwJITDUpG3rF67Lpz4x-o-rbyfbzP1GA=',
      'err': 0,
    }),
  ])
# ---
