# serializer version: 1
# name: test_r2_gsu_golden
  list([
    dict({
      'basename': 'Cijk_Alik_Bljk_BBS_BH_Bias_A_S_UserArgs_MT64x16x2IQC2mzoYEyI7JYr_kMrYCBx5cEnAHp-aiEjfkArmsA=',
      'err': 0,
    }),
    dict({
      'basename': 'Cijk_Alik_Bljk_BBS_BH_Bias_A_S_UserArgs_MT64x16xOzj718scyOHTKGbeH47J0Wg9RHkI_SphTwDzS9vMB-U=',
      'err': 0,
    }),
  ])
# ---
