# serializer version: 1
# name: test_s08_callrvwfor950mx_gfx950_mx_auto_l_golden
  list([
    dict({
      'basename': 'Cijk_Alik_Bljk_F8SS_MXAE8B32_MXBE8B32_BH_UserArgJ7N8wsrgbEO0ZvQ4FWZ9KKwe2KzGP8gzajwFRmLOkyg=',
      'err': 0,
      'opcode_set_sha256': '7e2330a2bbf15ff8100e5330db88b427cb312f2a72d5c8dc015103b4f57acfe1',
    }),
  ])
# ---
