# serializer version: 1
# name: test_gfx950_dominant_golden
  list([
    dict({
      'basename': 'Cijk_Alik_Bljk_F8HS_BH_UserArgs_MT64x64x128_MI165Fa-00GnvP9WliUUtcgJ0AeYzcTjJEmkJDsSFx34LU8=',
      'err': 0,
    }),
    dict({
      'basename': 'Cijk_Alik_Bljk_F8HS_BH_UserArgs_MT64x64x128_MI32jJURcwqco2z2MWRr9RIkjwzC6SWL4pGwGiMT6al0YOE=',
      'err': 0,
    }),
  ])
# ---
