# serializer version: 1
# name: test_r3_addrstore_gfx942_golden
  list([
    dict({
      'basename': 'Cijk_Alik_Bljk_F8NSS_BH_SABV_SAV_UserArgs_MT128xmJE0JIFe0n13RV3fKfmzrf5EgFpBtlPNJ4DzOVp-xHw=',
      'err': 0,
    }),
    dict({
      'basename': 'Cijk_Alik_Bljk_F8NSS_BH_SABV_SAV_UserArgs_MT256xtN-3rIlnDmkqcBYR0a5-Crz211TyW3h6uOhvP_1bYSY=',
      'err': 0,
    }),
  ])
# ---
