# serializer version: 1
# name: test_r3_lra_tr_gfx950_golden
  list([
    dict({
      'basename': 'Cijk_Ailk_Bljk_BBS_BH_UserArgs_MT128x128x32_MI16YrnlC6INCfEzXVa1OOwwFzss5z0kFAjvg9uqmcfdBKQ=',
      'err': 0,
    }),
    dict({
      'basename': 'Cijk_Ailk_Bljk_BBS_BH_UserArgs_MT128x128x32_MI16mPNn8nFFuZ7eE9U1HbQzMcOC1WhZoUUydlmpDAXJZ5M=',
      'err': 0,
    }),
  ])
# ---
