# serializer version: 1
# name: test_r2_subtile_gfx950_golden
  list([
    dict({
      'basename': 'Cijk_Alik_Bljk_BBS_BH_UserArgs_MT128x128x64_MI16EGb_1bg70tE_ZqBe8JeNC4IOdzYDrah23CjzRu55eD0=',
      'err': 0,
    }),
    dict({
      'basename': 'Cijk_Alik_Bljk_BBS_BH_UserArgs_MT128x128x64_MI16_xZJImSO9DnREpTFgC9Hq3m36KUt9SMZ8d6xK2fdN0s=',
      'err': 0,
    }),
    dict({
      'basename': 'Cijk_Alik_Bljk_BBS_BH_UserArgs_MT128x64x64_MI16xZu_Iyzp-DleovixQcPbczirpOjFyHx4m8mL-_-L0Ykk=',
      'err': 0,
    }),
    dict({
      'basename': 'Cijk_Alik_Bljk_BBS_BH_UserArgs_MT128x64x64_MI16xuU9KhNWXG3ZWkrEAQf3F_DzyiP6yG8bU8dcVICxuR5k=',
      'err': 0,
    }),
    dict({
      'basename': 'Cijk_Alik_Bljk_BBS_BH_UserArgs_MT32x32x64_MI16x1XgD8b9D3OOrkNYrRc8Fd9xNf5OXFEKB8NFHPS8xyjG0=',
      'err': 0,
    }),
    dict({
      'basename': 'Cijk_Alik_Bljk_BBS_BH_UserArgs_MT32x32x64_MI16x1sD0ORJe4T0d1Bwki-ZpXVtuSqwYu7fHQEiItKUiqABM=',
      'err': 0,
    }),
    dict({
      'basename': 'Cijk_Alik_Bljk_BBS_BH_UserArgs_MT64x128x64_MI16xDJi_C1pXuXDS2Zm3-Y-4TLvs_3oPn6Xnm3hZPQs_v4E=',
      'err': 0,
    }),
    dict({
      'basename': 'Cijk_Alik_Bljk_BBS_BH_UserArgs_MT64x128x64_MI16xSllITpC53NIijYm1ioJn34zpbSRDfs5fJG9q1SlQQRA=',
      'err': 0,
    }),
  ])
# ---
