# serializer version: 1
# name: test_streamk_factored_cluster_pgr2_gfx1250_golden
  list([
    dict({
      'basename': 'Cijk_Alik_Bljk_F8SS_MXAE8B32_MXBE8B32_BH_UserArgB1V43jyI-ZeC4k_kq69Z5MkblVfKT1Fb3kx-tFZIr-Q=',
      'err': 0,
    }),
    dict({
      'basename': 'Cijk_Alik_Bljk_F8SS_MXAE8B32_MXBE8B32_BH_UserArgQJTZGqDKSNOFVNpDJ3riSY8yWGgS-iNH_qDBGBqXH7A=',
      'err': 0,
    }),
    dict({
      'basename': 'Cijk_Alik_Bljk_F8SS_MXAE8B32_MXBE8B32_BH_UserArgZ2ooidkrl3AJvXUc_MUurbai4w8_ZDls_FDW2DQzMhQ=',
      'err': 0,
    }),
    dict({
      'basename': 'Cijk_Alik_Bljk_F8SS_MXAE8B32_MXBE8B32_BH_UserArgthainbIRAZb9PpWXgLq5rPUcc8ZKRIdO3stxhhhvbcQ=',
      'err': 0,
    }),
  ])
# ---
