# serializer version: 1
# name: test_gfx1250_emit_digests
  list([
    dict({
      'file': 'BBS.yaml',
      'kernels': list([
        dict({
          'basename': 'Cijk_Ailk_Bjlk_BBS_BH_Bias_A_UserArgs_MT16x16x32gD8_z5QO3QM-APpKw-v78tPVnYFppI6qSJr1L7zxEpo=',
          'err': 0,
        }),
      ]),
    }),
    dict({
      'file': 'F4_MX.yaml',
      'kernels': list([
        dict({
          'basename': 'Cijk_Alik_Bljk_F4BS_MXAE8B32_MXBE8B32_BH_Bias_HAqW2cGTErl2Xr1xxKFNDkyU_BXYw4h1gB4DK4tfe-IDM=',
          'err': 0,
        }),
      ]),
    }),
    dict({
      'file': 'HHS.yaml',
      'kernels': list([
        dict({
          'basename': 'Cijk_Ailk_Bjlk_HHS_BH_Bias_A_UserArgs_MT16x16x32gD8_z5QO3QM-APpKw-v78tPVnYFppI6qSJr1L7zxEpo=',
          'err': 0,
        }),
      ]),
    }),
    dict({
      'file': 'SB.yaml',
      'kernels': list([
        dict({
          'basename': 'Cijk_Ailk_Bjlk_S_MX_B_Bias_SB_HA_S_SAB_SAV_UserAf2htiSObZEnGpl_UKtuwHB0gdt9h9AZmnVlBLWbgU_s=',
          'err': 0,
        }),
      ]),
    }),
  ])
# ---
