# serializer version: 1
# name: test_s01_grafinaloffsetssingleloop_direct_golden
  list([
    dict({
      'basename': 'Cijk_Alik_Bljk_BBS_BH_UserArgs_MT64x64x64_MI16x1Np6Vh640DamnADBMLPZwR7MviSpmhnNiWiMhoHTOe_0=',
      'err': 0,
      'opcode_set_sha256': '05385c5c09a3c5b1138de811fc7d393ab60de99b26ddf7a8a7e023bd02ef9eb0',
    }),
  ])
# ---
