# serializer version: 1
# name: test_gfx950_dtl_golden
  list([
    dict({
      'basename': 'Cijk_Alik_Bljk_S_B_UserArgs_MT16x16x32_MI16x16x16S36ZeIdIt0c7XsE5uw7Ph4z4pCPS2Ff2AOdEJoLyk8=',
      'err': 0,
    }),
    dict({
      'basename': 'Cijk_Alik_Bljk_S_B_UserArgs_MT16x16x32_MI16x16x1BHpn6DiM4M1fzGvjHDWlocR0ugmpchjBW44liOEml2k=',
      'err': 0,
    }),
    dict({
      'basename': 'Cijk_Alik_Bljk_S_B_UserArgs_MT16x16x32_MI16x16x1XXLw56OOzOtdObIEQp4Up87Ib417yjRh-feMVtGj6JA=',
      'err': 0,
    }),
    dict({
      'basename': 'Cijk_Alik_Bljk_S_B_UserArgs_MT16x16x32_MI16x16x1iDz8QQs2541p0sln5BCDEb7YJc7GT6nxB8BzvlgxwUc=',
      'err': 0,
    }),
  ])
# ---
