# serializer version: 1
# name: test_r4_fp8mx_gfx950_golden
  list([
    dict({
      'basename': 'Cijk_Alik_Bljk_F8SS_MXAE8B32_MXBE8B32_BH_UserArg2m5QIGwuhJOxgBLEhVx_C8kD5OqUc3CjEcE1TI2ikwk=',
      'err': 0,
    }),
    dict({
      'basename': 'Cijk_Alik_Bljk_F8SS_MXAE8B32_MXBE8B32_BH_UserArgAnaxwMIlBWZosaUOS38UMrTz-W_7AhGMUTXmKiHcT5k=',
      'err': 0,
    }),
    dict({
      'basename': 'Cijk_Alik_Bljk_F8SS_MXAE8B32_MXBE8B32_BH_UserArgncSpUNLwzwwkLz8Etnn_z3wF6RQoj3u_X2lyF5t81gI=',
      'err': 0,
    }),
    dict({
      'basename': 'Cijk_Alik_Bljk_F8SS_MXAE8B32_MXBE8B32_BH_UserArgrmKR6h060yyAjDGc46Auc_YVdzzbpGLBclPJSqMOJ_Q=',
      'err': 0,
    }),
  ])
# ---
