# serializer version: 1
# name: test_streamk_cluster_reduction_gfx1250_golden
  list([
    dict({
      'basename': 'Cijk_Alik_Bljk_F8SS_MXAE8B32_MXBE8B32_BH_UserArg62q1owsODyzXC8X7Efu3EXRkxqawFaRzI5ca7_U4iHc=',
      'err': 0,
    }),
    dict({
      'basename': 'Cijk_Alik_Bljk_F8SS_MXAE8B32_MXBE8B32_BH_UserArgWjLYHCG2SMnL_jqT6CaafjdbEMYUYX1nw8iUcrYvDHc=',
      'err': 0,
    }),
    dict({
      'basename': 'Cijk_Alik_Bljk_F8SS_MXAE8B32_MXBE8B32_BH_UserArgWjM0WH84Xmc1cE5kryVIYHAkaUBSiQt6ExD1UfVH2Uc=',
      'err': 0,
    }),
    dict({
      'basename': 'Cijk_Alik_Bljk_F8SS_MXAE8B32_MXBE8B32_BH_UserArgiVSGu1fyeQ3iz3745ViFbrv-Ac6DegqDRMOfzlIel-Y=',
      'err': 0,
    }),
    dict({
      'basename': 'Cijk_Alik_Bljk_F8SS_MXAE8B32_MXBE8B32_BH_UserArgnywtAi6RFkQ9yk67yq-JpbcSFKYGzNFeCaThI116nrU=',
      'err': 0,
    }),
    dict({
      'basename': 'Cijk_Alik_Bljk_F8SS_MXAE8B32_MXBE8B32_BH_UserArgvL2WvRBjVaWcgVUc-X-zFVCBHETYA9IpZmqZxlMcV_k=',
      'err': 0,
    }),
    dict({
      'basename': 'Cijk_Alik_Bljk_F8SS_MXAE8B32_MXBE8B32_BH_UserArgzIhGPbhrxPa5t9L66uS_SPm8s3cIW0oJLQcyN6R1eNw=',
      'err': 0,
    }),
    dict({
      'basename': 'Cijk_Alik_Bljk_F8SS_MXAE8B32_MXBE8B32_BH_UserArgznA6pD1ccPJCb0pOsW-JH4au2XvCs6fqQOa9sTA-YlA=',
      'err': 0,
    }),
  ])
# ---
