# serializer version: 1
# name: test_gfx1100_emit_digests
  list([
    dict({
      'file': 'DB.yaml',
      'kernels': list([
        dict({
          'basename': 'Cijk_Ailk_Bjlk_D_B_UserArgs_MT16x16x16_SN_LDSB0_xzgE384Kndamm_iwShsML_sSdeji87tsJRycJ-GRIBQ=',
          'err': 0,
        }),
        dict({
          'basename': 'Cijk_Ailk_Bjlk_D_B_UserArgs_MT16x16x8_SN_LDSB0_AgTB_bsAzUNthJ1zdiC6o1fRe6wJ5JYOvmRdVQjtlwVM=',
          'err': 0,
        }),
        dict({
          'basename': 'Cijk_Ailk_Bjlk_D_B_UserArgs_MT8x8x16_SN_LDSB0_AF8LIgfQGNW3ZsjE2ytJPGAlE6JEtnagQrw0TAHTBjdRk=',
          'err': 0,
        }),
        dict({
          'basename': 'Cijk_Ailk_Bjlk_D_B_UserArgs_MT8x8x8_SN_LDSB0_AFCYDWEUFCN7r0OQbiFIqe02TjKnzuPv4u5KEBsHHjruPU=',
          'err': 0,
        }),
      ]),
    }),
    dict({
      'file': 'HSS.yaml',
      'kernels': list([
        dict({
          'basename': 'Cijk_Alik_Bljk_HSS_BH_Bias_HA_S_SAV_UserArgs_MT3k_M88gAsacsD7AVYINLw6Y28-ay5rQ4Lt9NSx9xGiMU=',
          'err': 0,
        }),
        dict({
          'basename': 'Cijk_Alik_Bljk_HSS_BH_Bias_HA_S_SAV_UserArgs_MT90OiRHhgYv9GGlz-vzgyLTpwfyjfpbifEdNc45VmNeVY=',
          'err': 0,
        }),
        dict({
          'basename': 'Cijk_Alik_Bljk_HSS_BH_Bias_HA_S_SAV_UserArgs_MT9peUzfG4J9hJGLRvqyw7YKvt3u5JFFW6G0wfNyNE0A0w=',
          'err': 0,
        }),
      ]),
    }),
    dict({
      'file': 'SB.yaml',
      'kernels': list([
        dict({
          'basename': 'Cijk_Ailk_Bjlk_S_B_Bias_HA_S_SAV_UserArgs_MT16x1QzflZOaoF5UvdufPvsNjEMSIC2Cwd-Gn1jPhWifNoSM=',
          'err': 0,
        }),
        dict({
          'basename': 'Cijk_Ailk_Bjlk_S_B_Bias_HA_S_SAV_UserArgs_MT16x1dlco04Lf-2s9iUOJzj2jYZy7PJjurIWk9v3wXo8sPVc=',
          'err': 0,
        }),
        dict({
          'basename': 'Cijk_Ailk_Bjlk_S_B_Bias_HA_S_SAV_UserArgs_MT8x8x4PuwU5wXpJ4eHknx53tOyI5Gjf3BYC6RFdnKX4Wsci0=',
          'err': 0,
        }),
        dict({
          'basename': 'Cijk_Ailk_Bjlk_S_B_Bias_HA_S_SAV_UserArgs_MT8x8xHb6Wno8u29bZTGbQoBb5EfxVVC3O56TNL3UlDfDa_K4=',
          'err': 0,
        }),
      ]),
    }),
  ])
# ---
