# serializer version: 1
# name: test_gfx942_emit_digests
  list([
    dict({
      'file': 'BBS_BH_Bias_Act.yaml',
      'kernels': list([
        dict({
          'basename': 'Cijk_Ailk_Bljk_BBS_BH_Bias_HA_S_UserArgs_MT256x9ilB_99ooxfifVGI8nzTz3xbpHbt0jgfTbc_PgnLQ3pc=',
          'err': 0,
        }),
      ]),
    }),
    dict({
      'file': 'DB.yaml',
      'kernels': list([
        dict({
          'basename': 'Cijk_Ailk_Bljk_D_B_UserArgs_MT16x16x16_MI16x16x1m0UMabFiAG-NlCHm_iOV8JOXAGAW4uuHI4e4kYdtqz0=',
          'err': 0,
        }),
        dict({
          'basename': 'Cijk_Ailk_Bljk_D_B_UserArgs_MT16x16x8_MI16x16x1_OmiGQhJCXl4Yur0tPYjTrHtuyQ3OC0zvVXMgm5di1fs=',
          'err': 0,
        }),
      ]),
    }),
    dict({
      'file': 'DTV.yaml',
      'kernels': list([
        dict({
          'basename': 'Cijk_Alik_Bljk_BBS_STA_BH_UserArgs_MT512x128x64_BuThdeUpjoqB--OIQKlYop7tIpsCcKh013cHt3RYCA8=',
          'err': 0,
        }),
      ]),
    }),
    dict({
      'file': 'F8N_multi.yaml',
      'kernels': list([
        dict({
          'basename': 'Cijk_Alik_Bljk_F8NF8NS_BH_Bias_H_AuxH_AmaxD_HA_S5tP5nMTqleunwR8Je-DA83EQapz37c3mrfYlfQR5O3A=',
          'err': 0,
        }),
        dict({
          'basename': 'Cijk_Alik_Bljk_F8NF8NS_BH_Bias_H_AuxH_AmaxD_HA_SdwjSSWOGQAmhx5EyA-HlYFOcTUGgsXAY0izvtXleSM4=',
          'err': 0,
        }),
        dict({
          'basename': 'Cijk_Alik_Bljk_F8NF8NS_BH_Bias_H_AuxH_AmaxD_HA_SpxVw1LRky1utrRZhpeqE7sdUyy2VyP1GhMe9HWPcWSw=',
          'err': 0,
        }),
        dict({
          'basename': 'Cijk_Alik_Bljk_F8NF8NS_BH_Bias_H_AuxH_AmaxD_HA_Sqv92ffKeXVi4H2KtV9nUQu_OZIB5CJ1uEYqUm6uCtBo=',
          'err': 0,
        }),
      ]),
    }),
    dict({
      'file': 'GG.yaml',
      'kernels': list([
        dict({
          'basename': 'Cijk_Ailk_Bjlk_HSS_BH_Bias_HA_S_SAV_UserArgs_MT14s5KC-_Wb0LtQ4M_w6z_hbZo5I26mvXBn0mS2pgpLCA=',
          'err': 0,
        }),
      ]),
    }),
    dict({
      'file': 'GSU.yaml',
      'kernels': list([
        dict({
          'basename': 'Cijk_Ailk_Bljk_D_B_UserArgs_MT16x16x16_MI16x16x1m0UMabFiAG-NlCHm_iOV8JOXAGAW4uuHI4e4kYdtqz0=',
          'err': 0,
        }),
        dict({
          'basename': 'Cijk_Ailk_Bljk_D_B_UserArgs_MT16x16x8_MI16x16x1_OmiGQhJCXl4Yur0tPYjTrHtuyQ3OC0zvVXMgm5di1fs=',
          'err': 0,
        }),
      ]),
    }),
    dict({
      'file': 'Grad.yaml',
      'kernels': list([
        dict({
          'basename': 'Cijk_Ailk_Bjlk_S_B_Bias_D_GradS_HA_S_SAV_UserArgDRhvnsrcUzbbY8lIQbLAny7oaKQhP9LTPvxmx6yg4Ag=',
          'err': 0,
        }),
      ]),
    }),
    dict({
      'file': 'HHS_BH_Bias_GG.yaml',
      'kernels': list([
        dict({
          'basename': 'Cijk_Ailk_Bjlk_HHS_BH_Bias_HA_S_SAV_UserArgs_MT1ZqcBKegFxeLvMsqVcnhxdoPZ1xp2sTAIRQIS7j07-vM=',
          'err': 0,
        }),
      ]),
    }),
    dict({
      'file': 'HSS_BH_Bias.yaml',
      'kernels': list([
        dict({
          'basename': 'Cijk_Alik_Bjlk_HSS_BH_Bias_HA_S_SAV_UserArgs_MT3UQPpvarJP6D35emVvaPLAZQ-tlJ0ScBQsXneG2V5X04=',
          'err': 0,
        }),
      ]),
    }),
    dict({
      'file': 'LSU_MX.yaml',
      'kernels': list([
        dict({
          'basename': 'Cijk_Alik_Bjlk_S_MX_B_Bias_HA_S_SAV_UserArgs_MT1ErcETMLLhLUi3GHbQu9enF1QxnKR2lF9fuq5tR44Z80=',
          'err': 0,
        }),
        dict({
          'basename': 'Cijk_Alik_Bjlk_S_MX_B_Bias_HA_S_SAV_UserArgs_MT1Zt5U-xuFkT5RwlJsjq58PvtKSSfY733-n3MQggy1VDA=',
          'err': 0,
        }),
      ]),
    }),
    dict({
      'file': 'MX.yaml',
      'kernels': list([
        dict({
          'basename': 'Cijk_Ailk_Bljk_S_MX_B_Bias_HA_S_SAV_UserArgs_MT3ioUsVPR_0fMrotbieI6MiwjmzdltyD0VAVVYx6n2nT4=',
          'err': 0,
        }),
      ]),
    }),
    dict({
      'file': 'SB_Bias_Aux.yaml',
      'kernels': list([
        dict({
          'basename': 'Cijk_Ailk_Bjlk_S_B_Bias_AuxS_HA_S_SAV_UserArgs_MoDFfNiZoXr1fR2MplXclrWjwUMp0dg9r5CF1jxdD2ZU=',
          'err': 0,
        }),
      ]),
    }),
  ])
# ---
