# serializer version: 1
# name: test_r3_kwfeat_gfx942_golden
  list([
    dict({
      'basename': 'Cijk_Alik_Bljk_BBS_BH_UserArgs_MT64x16x32_MI16x1IMk4Of-QpSnMo810XTLtypweKqQQk_pLjO_o9eUgj-w=',
      'err': 0,
    }),
    dict({
      'basename': 'Cijk_Alik_Bljk_BBS_BH_UserArgs_MT64x16x32_MI16x1Wt3NXHnvoIvEwDPrplDtF_n3BCrdTylC0_ZVxDcmQow=',
      'err': 0,
    }),
  ])
# ---
