# serializer version: 1
# name: test_gfx942_gg_golden
  list([
    dict({
      'basename': 'Cijk_Ailk_Bljk_HHS_BH_Bias_HA_S_UserArgs_MT128x1ABknC6NAcnshbpDllpdpL7ctK8AO5SZkCkrZpSs0ahI=',
      'err': 0,
    }),
    dict({
      'basename': 'Cijk_Ailk_Bljk_HHS_BH_Bias_HA_S_UserArgs_MT128x1VQ7Kk-3qo3fvWzY0vrpnLfuRFo2puqvWa6qwRppGFuU=',
      'err': 0,
    }),
    dict({
      'basename': 'Cijk_Ailk_Bljk_HHS_BH_Bias_HA_S_UserArgs_MT128x1XzWtCZp2GMmSsw-rjusSsU4Xu5hsCWtHW4zvIUeh9uk=',
      'err': 0,
    }),
    dict({
      'basename': 'Cijk_Ailk_Bljk_HHS_BH_Bias_HA_S_UserArgs_MT128x1uez4wc0eFK4o5SXomgTyuwYFX5tpb9iVbUlUMLfhvSQ=',
      'err': 0,
    }),
  ])
# ---
