# serializer version: 1
# name: test_r2_wgm_gfx942_golden
  list([
    dict({
      'basename': 'Cijk_Alik_Bljk_BBS_BH_Bias_A_S_UserArgs_MT64x16xWmhZqykV8QJoRjHbot9sbhzrv_lPJ67PTPDDYT_ZzX0=',
      'err': 0,
    }),
    dict({
      'basename': 'Cijk_Alik_Bljk_BBS_BH_Bias_A_S_UserArgs_MT64x16xXKl8V7IW6aniNXrTJwJzR4FhE2xjAmwiQmyEtGMV2lg=',
      'err': 0,
    }),
    dict({
      'basename': 'Cijk_Alik_Bljk_BBS_BH_Bias_A_S_UserArgs_MT64x16xZ7ZlgQ1hdcu64cAs1HscNsXsWZDnHQlymuPz0S8hquk=',
      'err': 0,
    }),
    dict({
      'basename': 'Cijk_Alik_Bljk_BBS_BH_Bias_A_S_UserArgs_MT64x16xd0ENDzheHbtqJCV2_2dKlZAq7fpRGQ8zgQMNXv8W--k=',
      'err': 0,
    }),
    dict({
      'basename': 'Cijk_Alik_Bljk_BBS_BH_Bias_A_S_UserArgs_MT64x16xuHZudlGZZKZBnAq-mFVTIMMVq7d7H0Q12ERH6YS6F0o=',
      'err': 0,
    }),
  ])
# ---
