# serializer version: 1
# name: test_r2_wgm_gfx942_golden
  list([
    dict({
      'basename': 'Cijk_Alik_Bljk_BBS_BH_Bias_A_S_UserArgs_MT64x16xEZ6IKWQRmyv4WmRYo-UhVaO0qkl524tix3lW_HCRC5A=',
      'err': 0,
    }),
    dict({
      'basename': 'Cijk_Alik_Bljk_BBS_BH_Bias_A_S_UserArgs_MT64x16xNzS4vcA1gEkSJc6H97CSl9_lhkGOHtSGjOmm1OFbTLw=',
      'err': 0,
    }),
    dict({
      'basename': 'Cijk_Alik_Bljk_BBS_BH_Bias_A_S_UserArgs_MT64x16xlzv0YyWMHqGoyK8R6dlxTrlrhVxOpEcuWABpSxfXBKY=',
      'err': 0,
    }),
    dict({
      'basename': 'Cijk_Alik_Bljk_BBS_BH_Bias_A_S_UserArgs_MT64x16xnXJ0NzQowcukGPxIAW6fCTgZol22xmKvaBqxAtLljT0=',
      'err': 0,
    }),
    dict({
      'basename': 'Cijk_Alik_Bljk_BBS_BH_Bias_A_S_UserArgs_MT64x16xoeHklklg-bC3BO1HqyK6yogkEHfZuI0k-zmtVG-gEjc=',
      'err': 0,
    }),
  ])
# ---
