# serializer version: 1
# name: test_streamk_cluster_multicast_gfx1250_golden
  list([
    dict({
      'basename': 'Cijk_Alik_Bljk_F8SS_MXAE8B32_MXBE8B32_BH_UserArg0EuOzll4kvLibs0WyjhVL4KDs1rVl6A1dwd0ONdosso=',
      'err': 0,
    }),
    dict({
      'basename': 'Cijk_Alik_Bljk_F8SS_MXAE8B32_MXBE8B32_BH_UserArg5WEOX9TR4TEYNbzLBqXfAmEJnDRk-p3ycZniqMLY9kI=',
      'err': 0,
    }),
    dict({
      'basename': 'Cijk_Alik_Bljk_F8SS_MXAE8B32_MXBE8B32_BH_UserArg5lpFRmeA4vLtnVGi5uEzaeqYwyOoU2KAzJfd6bU-zwA=',
      'err': 0,
    }),
    dict({
      'basename': 'Cijk_Alik_Bljk_F8SS_MXAE8B32_MXBE8B32_BH_UserArgEjhXl8OITmxKwlgVdrgoClgwAkqljyPr_edl52HhkYg=',
      'err': 0,
    }),
    dict({
      'basename': 'Cijk_Alik_Bljk_F8SS_MXAE8B32_MXBE8B32_BH_UserArgNH0P9jSWwi7oZ39fy07NDkgI_eEI76VcPZX2dAHR5VQ=',
      'err': 0,
    }),
    dict({
      'basename': 'Cijk_Alik_Bljk_F8SS_MXAE8B32_MXBE8B32_BH_UserArgRljAvc9TpgKf0GTmUR64QyIBGniWz1b9Vw-X1i2EuvI=',
      'err': 0,
    }),
    dict({
      'basename': 'Cijk_Alik_Bljk_F8SS_MXAE8B32_MXBE8B32_BH_UserArgVAE2EObPKDU28hi4q-creT331a7HbfUc5LQ_rF37jPw=',
      'err': 0,
    }),
    dict({
      'basename': 'Cijk_Alik_Bljk_F8SS_MXAE8B32_MXBE8B32_BH_UserArgcJedi2xGZ4HxDuR7Gfy3TLx7Mzq4qe2Uikygco5yJjs=',
      'err': 0,
    }),
  ])
# ---
