# serializer version: 1
# name: test_r2_solution_gfx942_golden
  list([
    dict({
      'basename': 'Cijk_Alik_Bljk_BBS_BH_Bias_A_S_UserArgs_MT64x16x1nyxOuUoXoPoLkQG-FQnqW1xIbgCOJTqo2o08tW3_Ho=',
      'err': 0,
    }),
    dict({
      'basename': 'Cijk_Alik_Bljk_BBS_BH_Bias_A_S_UserArgs_MT64x16x2OnvyNk7aB_zUa-gL1uZaMfwXehD_BPkyvu9_vfuxuI=',
      'err': 0,
    }),
    dict({
      'basename': 'Cijk_Alik_Bljk_BBS_BH_Bias_A_S_UserArgs_MT64x16x3KynHm3mh-o8fSt7ddg-WrlzZnMrlxyjvejOJS39RwU=',
      'err': 0,
    }),
    dict({
      'basename': 'Cijk_Alik_Bljk_BBS_BH_Bias_A_S_UserArgs_MT64x16x9DwOzBUIuKLJbO_DHTdgIqw0Rz56zS3nygU7uRvkNvc=',
      'err': 0,
    }),
  ])
# ---
