# serializer version: 1
# name: test_r3_gsu_on_golden
  list([
    dict({
      'basename': 'Cijk_Ailk_Bljk_S_B_UserArgs_MT16x16x32_MI16x16x1NPkgdRROzxAfRx8iXDyVbbgWZn1Aoid13WBm3vHFi4E=',
      'err': 0,
    }),
    dict({
      'basename': 'Cijk_Ailk_Bljk_S_B_UserArgs_MT16x16x32_MI16x16x1VUfLjK-lC3CUTTP7s5OhPvzyEErtuL-_MoBvChVJBJQ=',
      'err': 0,
    }),
  ])
# ---
