# serializer version: 1
# name: test_gfx942_gg_golden
  list([
    dict({
      'basename': 'Cijk_Ailk_Bljk_HHS_BH_Bias_GG_HA_S_UserArgs_MT124EFgfNsPHJQxa6_f7cuZg-DPFlbBR1Mp5EMj281FeSw=',
      'err': 0,
    }),
    dict({
      'basename': 'Cijk_Ailk_Bljk_HHS_BH_Bias_GG_HA_S_UserArgs_MT12GLVyb721DTL8ftaAfQpSSZ0H5-SeKhFbweQV5K2pv1A=',
      'err': 0,
    }),
    dict({
      'basename': 'Cijk_Ailk_Bljk_HHS_BH_Bias_GG_HA_S_UserArgs_MT12UAm5gGh7UfkULd0oO_9muh0LJmobd1VIgll8WHnOgsM=',
      'err': 0,
    }),
    dict({
      'basename': 'Cijk_Ailk_Bljk_HHS_BH_Bias_GG_HA_S_UserArgs_MT12t4DkIJzcTiv4-xIStfM_5ndavXgDtoUANQkr9U_sWyw=',
      'err': 0,
    }),
  ])
# ---
