# serializer version: 1
# name: test_gfx90a_emit_digests
  list([
    dict({
      'file': 'BBS.yaml',
      'kernels': list([
        dict({
          'basename': 'Cijk_Alik_Bjlk_BBS_BH_Bias_HA_S_SAV_UserArgs_MT3pxDAWxAWVFqGZzfebewB39IzdLCHn86g7V5oNYYe8GA=',
          'err': 0,
        }),
      ]),
    }),
    dict({
      'file': 'DB.yaml',
      'kernels': list([
        dict({
          'basename': 'Cijk_Ailk_Bjlk_D_B_UserArgs_MT16x16x16_MI16x16x1wLP6jskZTnsBi9Sh-SXApz9thkZDfMrpOF7BQQkeTJw=',
          'err': 0,
        }),
        dict({
          'basename': 'Cijk_Ailk_Bjlk_D_B_UserArgs_MT16x16x8_MI16x16x1_Pt7Jy7GExqprkOu2w9wW5DuKiZVrdbVKIGB823J68pE=',
          'err': 0,
        }),
      ]),
    }),
    dict({
      'file': 'HHS.yaml',
      'kernels': list([
        dict({
          'basename': 'Cijk_Alik_Bjlk_HHS_BH_Bias_HA_S_SAV_UserArgs_MT3pxDAWxAWVFqGZzfebewB39IzdLCHn86g7V5oNYYe8GA=',
          'err': 0,
        }),
      ]),
    }),
    dict({
      'file': 'HSS.yaml',
      'kernels': list([
        dict({
          'basename': 'Cijk_Alik_Bjlk_HSS_BH_Bias_HA_S_SAV_UserArgs_MT3pxDAWxAWVFqGZzfebewB39IzdLCHn86g7V5oNYYe8GA=',
          'err': 0,
        }),
      ]),
    }),
    dict({
      'file': 'SB.yaml',
      'kernels': list([
        dict({
          'basename': 'Cijk_Alik_Bjlk_S_B_Bias_HA_S_SAV_UserArgs_MT32x3o_wegwBOSGWAOHjhYGm5ltzuZs7rZ9EfRGyGfu6q6DM=',
          'err': 0,
        }),
      ]),
    }),
  ])
# ---
