# serializer version: 1
# name: test_r3_addrstore_gfx942_golden
  list([
    dict({
      'basename': 'Cijk_Alik_Bljk_F8NSS_BH_SABV_SAV_UserArgs_MT128x4ImuQd0n7BVsYfPJuh79NHMVnufcvJ9Gb4X1MYbqbMk=',
      'err': 0,
    }),
    dict({
      'basename': 'Cijk_Alik_Bljk_F8NSS_BH_SABV_SAV_UserArgs_MT256xFdQf5l0gy1Bx9af0AIEW4Dr9jxoLqXaXQb7wFmgfxlE=',
      'err': 0,
    }),
  ])
# ---
