====================================================================================================
  P1-FIXED MODEL: Oracle-Best Validation (Prediction-Only)
====================================================================================================

Loading training data...
✓ Loaded 648,264 benchmark runs (fp8, rcr)

Unique shapes: 168

✓ Loaded ML predictor
  Log targets: {'tflops', 'bandwidth'}

====================================================================================================
  Computing Oracle-Best Efficiency for Each Shape
====================================================================================================

  [20/168] 1×7168×2048: 100.00% efficiency
  [40/168] 1×11008×2304: 99.75% efficiency
  [60/168] 1×28672×2048: 90.65% efficiency
  [80/168] 64×576×7168: 100.00% efficiency
  [100/168] 256×3072×1536: 99.67% efficiency
  [120/168] 1024×4608×7168: 98.88% efficiency
  [140/168] 4096×7168×2048: 95.30% efficiency
  [160/168] 20480×512×7168: 100.00% efficiency

====================================================================================================
  Results Summary
====================================================================================================

Total shapes tested: 168

Efficiency Statistics (% of Oracle-Best):
  Mean:   97.88%
  Median: 99.42%
  Min:    82.48%
  Max:    100.00%
  P10:    93.35%
  P25:    97.38%
  P75:    100.00%
  P90:    100.00%

====================================================================================================
  Comparison with Published Results
====================================================================================================

Published (README): 98.28% mean efficiency
Our result:         97.88% mean efficiency

✅ PASS - Matches published performance!

✓ Results saved to oracle_best_results.csv

Top 10 shapes (best efficiency):
    m     n      k  efficiency_pct  oracle_best_tflops
0   1  4096   2048           100.0                2.89
1   1  4096   2304           100.0                3.04
3   1  4096   7168           100.0                4.39
5   1  4096  11008           100.0                4.57
9   1  4608   1536           100.0                2.77
10  1  4608   2048           100.0                3.24
11  1  4608   2304           100.0                3.41
14  1  4608   8192           100.0                4.98
18  1  7168   1536           100.0                4.28
19  1  7168   2048           100.0                4.98

Bottom 10 shapes (worst efficiency):
     m      n     k  efficiency_pct  oracle_best_tflops
24   1   8192   256       82.481752                1.37
34   1  11008   256       83.060109                1.83
43   1  14336   256       83.122363                2.37
15   1   7168   256       84.033613                1.19
6    1   4608   256       87.012987                0.77
49   1  14336  4096       88.714154               10.81
73  32   4096   512       89.831362               39.73
82  64   4096   512       90.354503               79.83
59   1  28672  2048       90.647482               12.51
25   1   8192   512       91.139241                2.37

====================================================================================================
