MIOpenDriver conv -n 16 -c 16 -H 16 -W 16 -k 16 -y 3 -x 3 -p 1 -q 1 -u 1 -v 1 -l 1 -j 1 -F 1 -V 1 -i 5
[2026-06-12 00:19:04.868] [tid 3046546] [info] [hipdnn_backend] System Information: {System Name: Linux, Node Name: splinter-ctr-bj78-02.adc.amd.com, Release: 6.8.0-31-generic, Version: #31-Ubuntu SMP PREEMPT_DYNAMIC Sat Apr 20 00:40:06 UTC 2024, Machine: x86_64}
[2026-06-12 00:19:04.868] [tid 3046546] [info] [hipdnn_backend] HIP Device Information: {Device: 0, Name: AMD Instinct MI308X, Global Mem: 206141652992 bytes, Compute: 9.4, MPs: 80, Clock: 1420000 kHz}
[2026-06-12 00:19:04.868] [tid 3046546] [info] [hipdnn_backend] API called: [hipdnnCreate] handle_ptr=0x7ffd522402e8
[2026-06-12 00:19:04.868] [tid 3046546] [info] [hipdnn_backend] Attempting to load plugin from [/opt/rocm/lib/hipdnn_plugins/engines/libmiopen_plugin.so]
[2026-06-12 00:19:04.868] [tid 3046546] [info] [hipdnn_backend] SharedLibrary: Attempting to load shared library from final absolute path: /opt/rocm/lib/hipdnn_plugins/engines/libmiopen_plugin.so
[2026-06-12 00:19:04.868] [tid 3046546] [info] [hipdnn_backend] Plugin does not support override-aware execute (hipdnnEnginePluginExecuteOpGraphWithOverrides not exported)
[2026-06-12 00:19:04.868] [tid 3046546] [info] [miopen_provider_plugin] API success: [hipdnnPluginSetLoggingCallback] 
[2026-06-12 00:19:04.868] [tid 3046546] [info] [miopen_provider_plugin] API success: [hipdnnPluginSetLogLevel] level=0
[2026-06-12 00:19:04.868] [tid 3046546] [info] [miopen_provider_plugin] API called: [hipdnnPluginGetApiVersion] versionPtr=0x7ffd5223f058
[2026-06-12 00:19:04.868] [tid 3046546] [info] [miopen_provider_plugin] API success: [hipdnnPluginGetApiVersion] version=0x7ffd5223f058
[2026-06-12 00:19:04.868] [tid 3046546] [info] [miopen_provider_plugin] API called: [hipdnnEnginePluginGetAllEngineIds] engineIds=0, maxEngines=0, numEngines=0x7ffd5223f1d4
[2026-06-12 00:19:04.868] [tid 3046546] [info] [miopen_provider_plugin] API success: [hipdnnEnginePluginGetAllEngineIds] numEngines=2 totalEngines=2
[2026-06-12 00:19:04.868] [tid 3046546] [info] [miopen_provider_plugin] API called: [hipdnnEnginePluginGetAllEngineIds] engineIds=0x6422f54e64e0, maxEngines=2, numEngines=0x7ffd5223f1d4
[2026-06-12 00:19:04.868] [tid 3046546] [info] [miopen_provider_plugin] API success: [hipdnnEnginePluginGetAllEngineIds] numEngines=2 totalEngines=2
[2026-06-12 00:19:04.868] [tid 3046546] [info] [hipdnn_backend] Plugin loaded successfully: /opt/rocm/lib/hipdnn_plugins/engines/libmiopen_plugin.so
[2026-06-12 00:19:04.868] [tid 3046546] [info] [hipdnn_backend] Plugin info: name=miopen_provider_plugin, version=0.1.0.ba03cc8c6c, type=HIPDNN_PLUGIN_TYPE_ENGINE(1)
[2026-06-12 00:19:04.868] [tid 3046546] [info] [hipdnn_backend] ✓ Successfully loaded all 1 plugin(s)
[2026-06-12 00:19:04.868] [tid 3046546] [info] [miopen_provider_plugin] API called: [hipdnnEnginePluginCreate] handle_ptr=0x7ffd5223fb80
[2026-06-12 00:19:04.869] [tid 3046546] [info] [miopen_provider_plugin] Creating MiopenContainer
[2026-06-12 00:19:04.869] [tid 3046546] [info] [miopen_provider_plugin] API success: [hipdnnEnginePluginCreate] createdHandle=0x6422f54dff10
[2026-06-12 00:19:04.869] [tid 3046546] [warning] [hipdnn_backend] Plugin path 'hipdnn_plugins/heuristics/' is invalid - expected either a directory containing plugins or a path to a plugin file
[2026-06-12 00:19:04.869] [tid 3046546] [info] [hipdnn_backend] Registered heuristic policy ID 8780545043193714113 (SelectionHeuristic::Config) from plugin 'BuiltInConfigHeuristic'
[2026-06-12 00:19:04.869] [tid 3046546] [info] [hipdnn_backend] Registered heuristic policy ID -5112828146460458467 (SelectionHeuristic::StaticOrdering) from plugin 'BuiltInStaticOrderingHeuristic'
[2026-06-12 00:19:04.869] [tid 3046546] [info] [hipdnn_backend] Created handle: 0x6422f54df790
[2026-06-12 00:19:04.869] [tid 3046546] [info] [hipdnn_backend] API success: [hipdnnCreate] createHandle=hipdnnHandle: {stream=null, EnginePluginResourceManager: {loadedPlugins=1, loadedPluginPaths=[/opt/rocm/lib/hipdnn_plugins/engines/libmiopen_plugin.so]}}
[MIOpen->hipDNN] hipdnnCreate cold: 2395467 ns
MIOpen(HIP): Warning [ParseAndLoadDb] File is unreadable: "/home/AMD/nhanna/repos/rocm-libraries/projects/miopen/build-flagon/share/miopen/db/gfx94250.HIP.fdb.txt"
[2026-06-12 00:19:27.406] [tid 3046546] [info] [hipdnn_backend] API called: [hipdnnBackendCreateDescriptor] descriptorType=HIPDNN_BACKEND_TENSOR_DESCRIPTOR, descriptor_ptr=0x7ffd5223fd58
[2026-06-12 00:19:27.406] [tid 3046546] [info] [hipdnn_backend] Creating descriptor of type: HIPDNN_BACKEND_TENSOR_DESCRIPTOR
[2026-06-12 00:19:27.406] [tid 3046546] [info] [hipdnn_backend] Created descriptor: 0x64232da94e70
[2026-06-12 00:19:27.406] [tid 3046546] [info] [hipdnn_backend] API success: [hipdnnBackendCreateDescriptor] created_descriptor=TensorDescriptor: {uid=0, name=, dataType=UNSET, dims=[], strides=[], virtual=false}
[2026-06-12 00:19:27.406] [tid 3046546] [info] [hipdnn_backend] API called: [hipdnnBackendSetAttribute] descriptor=TensorDescriptor: {uid=0, name=, dataType=UNSET, dims=[], strides=[], virtual=false}, attributeName=HIPDNN_ATTR_TENSOR_UNIQUE_ID, attributeType=HIPDNN_TYPE_INT64, elementCount=1, arrayOfElements_ptr=0x7ffd5223fd68
[2026-06-12 00:19:27.406] [tid 3046546] [info] [hipdnn_backend] API success: [hipdnnBackendSetAttribute] status=HIPDNN_STATUS_SUCCESS
[2026-06-12 00:19:27.406] [tid 3046546] [info] [hipdnn_backend] API called: [hipdnnBackendSetAttribute] descriptor=TensorDescriptor: {uid=1, name=, dataType=UNSET, dims=[], strides=[], virtual=false}, attributeName=HIPDNN_ATTR_TENSOR_DATA_TYPE, attributeType=HIPDNN_TYPE_DATA_TYPE, elementCount=1, arrayOfElements_ptr=0x7ffd5223fd64
[2026-06-12 00:19:27.406] [tid 3046546] [info] [hipdnn_backend] API success: [hipdnnBackendSetAttribute] status=HIPDNN_STATUS_SUCCESS
[2026-06-12 00:19:27.406] [tid 3046546] [info] [hipdnn_backend] API called: [hipdnnBackendSetAttribute] descriptor=TensorDescriptor: {uid=1, name=, dataType=HIPDNN_DATA_FLOAT, dims=[], strides=[], virtual=false}, attributeName=HIPDNN_ATTR_TENSOR_DIMENSIONS, attributeType=HIPDNN_TYPE_INT64, elementCount=4, arrayOfElements_ptr=0x642327c3e900
[2026-06-12 00:19:27.406] [tid 3046546] [info] [hipdnn_backend] API success: [hipdnnBackendSetAttribute] status=HIPDNN_STATUS_SUCCESS
[2026-06-12 00:19:27.406] [tid 3046546] [info] [hipdnn_backend] API called: [hipdnnBackendSetAttribute] descriptor=TensorDescriptor: {uid=1, name=, dataType=HIPDNN_DATA_FLOAT, dims=[16, 16, 16, 16], strides=[], virtual=false}, attributeName=HIPDNN_ATTR_TENSOR_STRIDES, attributeType=HIPDNN_TYPE_INT64, elementCount=4, arrayOfElements_ptr=0x642327bdf3f0
[2026-06-12 00:19:27.406] [tid 3046546] [info] [hipdnn_backend] API success: [hipdnnBackendSetAttribute] status=HIPDNN_STATUS_SUCCESS
[2026-06-12 00:19:27.406] [tid 3046546] [info] [hipdnn_backend] API called: [hipdnnBackendSetAttribute] descriptor=TensorDescriptor: {uid=1, name=, dataType=HIPDNN_DATA_FLOAT, dims=[16, 16, 16, 16], strides=[4096, 256, 16, 1], virtual=false}, attributeName=HIPDNN_ATTR_TENSOR_IS_VIRTUAL, attributeType=HIPDNN_TYPE_BOOLEAN, elementCount=1, arrayOfElements_ptr=0x7ffd5223fd57
[2026-06-12 00:19:27.406] [tid 3046546] [info] [hipdnn_backend] API success: [hipdnnBackendSetAttribute] status=HIPDNN_STATUS_SUCCESS
[2026-06-12 00:19:27.406] [tid 3046546] [info] [hipdnn_backend] API called: [hipdnnBackendFinalize] descriptor=TensorDescriptor: {uid=1, name=, dataType=HIPDNN_DATA_FLOAT, dims=[16, 16, 16, 16], strides=[4096, 256, 16, 1], virtual=false}
[2026-06-12 00:19:27.406] [tid 3046546] [info] [hipdnn_backend] API success: [hipdnnBackendFinalize] descriptor=TensorDescriptor: {uid=1, name=, dataType=HIPDNN_DATA_FLOAT, dims=[16, 16, 16, 16], strides=[4096, 256, 16, 1], virtual=false}
[2026-06-12 00:19:27.406] [tid 3046546] [info] [hipdnn_backend] API called: [hipdnnBackendCreateDescriptor] descriptorType=HIPDNN_BACKEND_TENSOR_DESCRIPTOR, descriptor_ptr=0x7ffd5223fd58
[2026-06-12 00:19:27.406] [tid 3046546] [info] [hipdnn_backend] Creating descriptor of type: HIPDNN_BACKEND_TENSOR_DESCRIPTOR
[2026-06-12 00:19:27.406] [tid 3046546] [info] [hipdnn_backend] Created descriptor: 0x64232da94e30
[2026-06-12 00:19:27.406] [tid 3046546] [info] [hipdnn_backend] API success: [hipdnnBackendCreateDescriptor] created_descriptor=TensorDescriptor: {uid=0, name=, dataType=UNSET, dims=[], strides=[], virtual=false}
[2026-06-12 00:19:27.406] [tid 3046546] [info] [hipdnn_backend] API called: [hipdnnBackendSetAttribute] descriptor=TensorDescriptor: {uid=0, name=, dataType=UNSET, dims=[], strides=[], virtual=false}, attributeName=HIPDNN_ATTR_TENSOR_UNIQUE_ID, attributeType=HIPDNN_TYPE_INT64, elementCount=1, arrayOfElements_ptr=0x7ffd5223fd68
[2026-06-12 00:19:27.406] [tid 3046546] [info] [hipdnn_backend] API success: [hipdnnBackendSetAttribute] status=HIPDNN_STATUS_SUCCESS
[2026-06-12 00:19:27.406] [tid 3046546] [info] [hipdnn_backend] API called: [hipdnnBackendSetAttribute] descriptor=TensorDescriptor: {uid=2, name=, dataType=UNSET, dims=[], strides=[], virtual=false}, attributeName=HIPDNN_ATTR_TENSOR_DATA_TYPE, attributeType=HIPDNN_TYPE_DATA_TYPE, elementCount=1, arrayOfElements_ptr=0x7ffd5223fd64
[2026-06-12 00:19:27.406] [tid 3046546] [info] [hipdnn_backend] API success: [hipdnnBackendSetAttribute] status=HIPDNN_STATUS_SUCCESS
[2026-06-12 00:19:27.406] [tid 3046546] [info] [hipdnn_backend] API called: [hipdnnBackendSetAttribute] descriptor=TensorDescriptor: {uid=2, name=, dataType=HIPDNN_DATA_FLOAT, dims=[], strides=[], virtual=false}, attributeName=HIPDNN_ATTR_TENSOR_DIMENSIONS, attributeType=HIPDNN_TYPE_INT64, elementCount=4, arrayOfElements_ptr=0x64232db6ff20
[2026-06-12 00:19:27.406] [tid 3046546] [info] [hipdnn_backend] API success: [hipdnnBackendSetAttribute] status=HIPDNN_STATUS_SUCCESS
[2026-06-12 00:19:27.406] [tid 3046546] [info] [hipdnn_backend] API called: [hipdnnBackendSetAttribute] descriptor=TensorDescriptor: {uid=2, name=, dataType=HIPDNN_DATA_FLOAT, dims=[16, 16, 3, 3], strides=[], virtual=false}, attributeName=HIPDNN_ATTR_TENSOR_STRIDES, attributeType=HIPDNN_TYPE_INT64, elementCount=4, arrayOfElements_ptr=0x642327bdb260
[2026-06-12 00:19:27.406] [tid 3046546] [info] [hipdnn_backend] API success: [hipdnnBackendSetAttribute] status=HIPDNN_STATUS_SUCCESS
[2026-06-12 00:19:27.406] [tid 3046546] [info] [hipdnn_backend] API called: [hipdnnBackendSetAttribute] descriptor=TensorDescriptor: {uid=2, name=, dataType=HIPDNN_DATA_FLOAT, dims=[16, 16, 3, 3], strides=[144, 9, 3, 1], virtual=false}, attributeName=HIPDNN_ATTR_TENSOR_IS_VIRTUAL, attributeType=HIPDNN_TYPE_BOOLEAN, elementCount=1, arrayOfElements_ptr=0x7ffd5223fd57
[2026-06-12 00:19:27.406] [tid 3046546] [info] [hipdnn_backend] API success: [hipdnnBackendSetAttribute] status=HIPDNN_STATUS_SUCCESS
[2026-06-12 00:19:27.406] [tid 3046546] [info] [hipdnn_backend] API called: [hipdnnBackendFinalize] descriptor=TensorDescriptor: {uid=2, name=, dataType=HIPDNN_DATA_FLOAT, dims=[16, 16, 3, 3], strides=[144, 9, 3, 1], virtual=false}
[2026-06-12 00:19:27.406] [tid 3046546] [info] [hipdnn_backend] API success: [hipdnnBackendFinalize] descriptor=TensorDescriptor: {uid=2, name=, dataType=HIPDNN_DATA_FLOAT, dims=[16, 16, 3, 3], strides=[144, 9, 3, 1], virtual=false}
[2026-06-12 00:19:27.406] [tid 3046546] [info] [hipdnn_backend] API called: [hipdnnBackendCreateDescriptor] descriptorType=HIPDNN_BACKEND_TENSOR_DESCRIPTOR, descriptor_ptr=0x7ffd5223fd58
[2026-06-12 00:19:27.406] [tid 3046546] [info] [hipdnn_backend] Creating descriptor of type: HIPDNN_BACKEND_TENSOR_DESCRIPTOR
[2026-06-12 00:19:27.406] [tid 3046546] [info] [hipdnn_backend] Created descriptor: 0x6422f56129a0
[2026-06-12 00:19:27.406] [tid 3046546] [info] [hipdnn_backend] API success: [hipdnnBackendCreateDescriptor] created_descriptor=TensorDescriptor: {uid=0, name=, dataType=UNSET, dims=[], strides=[], virtual=false}
[2026-06-12 00:19:27.406] [tid 3046546] [info] [hipdnn_backend] API called: [hipdnnBackendSetAttribute] descriptor=TensorDescriptor: {uid=0, name=, dataType=UNSET, dims=[], strides=[], virtual=false}, attributeName=HIPDNN_ATTR_TENSOR_UNIQUE_ID, attributeType=HIPDNN_TYPE_INT64, elementCount=1, arrayOfElements_ptr=0x7ffd5223fd68
[2026-06-12 00:19:27.406] [tid 3046546] [info] [hipdnn_backend] API success: [hipdnnBackendSetAttribute] status=HIPDNN_STATUS_SUCCESS
[2026-06-12 00:19:27.406] [tid 3046546] [info] [hipdnn_backend] API called: [hipdnnBackendSetAttribute] descriptor=TensorDescriptor: {uid=3, name=, dataType=UNSET, dims=[], strides=[], virtual=false}, attributeName=HIPDNN_ATTR_TENSOR_DATA_TYPE, attributeType=HIPDNN_TYPE_DATA_TYPE, elementCount=1, arrayOfElements_ptr=0x7ffd5223fd64
[2026-06-12 00:19:27.406] [tid 3046546] [info] [hipdnn_backend] API success: [hipdnnBackendSetAttribute] status=HIPDNN_STATUS_SUCCESS
[2026-06-12 00:19:27.406] [tid 3046546] [info] [hipdnn_backend] API called: [hipdnnBackendSetAttribute] descriptor=TensorDescriptor: {uid=3, name=, dataType=HIPDNN_DATA_FLOAT, dims=[], strides=[], virtual=false}, attributeName=HIPDNN_ATTR_TENSOR_DIMENSIONS, attributeType=HIPDNN_TYPE_INT64, elementCount=4, arrayOfElements_ptr=0x64232f0e1010
[2026-06-12 00:19:27.406] [tid 3046546] [info] [hipdnn_backend] API success: [hipdnnBackendSetAttribute] status=HIPDNN_STATUS_SUCCESS
[2026-06-12 00:19:27.406] [tid 3046546] [info] [hipdnn_backend] API called: [hipdnnBackendSetAttribute] descriptor=TensorDescriptor: {uid=3, name=, dataType=HIPDNN_DATA_FLOAT, dims=[16, 16, 16, 16], strides=[], virtual=false}, attributeName=HIPDNN_ATTR_TENSOR_STRIDES, attributeType=HIPDNN_TYPE_INT64, elementCount=4, arrayOfElements_ptr=0x64232cf0e400
[2026-06-12 00:19:27.406] [tid 3046546] [info] [hipdnn_backend] API success: [hipdnnBackendSetAttribute] status=HIPDNN_STATUS_SUCCESS
[2026-06-12 00:19:27.406] [tid 3046546] [info] [hipdnn_backend] API called: [hipdnnBackendSetAttribute] descriptor=TensorDescriptor: {uid=3, name=, dataType=HIPDNN_DATA_FLOAT, dims=[16, 16, 16, 16], strides=[4096, 256, 16, 1], virtual=false}, attributeName=HIPDNN_ATTR_TENSOR_IS_VIRTUAL, attributeType=HIPDNN_TYPE_BOOLEAN, elementCount=1, arrayOfElements_ptr=0x7ffd5223fd57
[2026-06-12 00:19:27.406] [tid 3046546] [info] [hipdnn_backend] API success: [hipdnnBackendSetAttribute] status=HIPDNN_STATUS_SUCCESS
[2026-06-12 00:19:27.406] [tid 3046546] [info] [hipdnn_backend] API called: [hipdnnBackendFinalize] descriptor=TensorDescriptor: {uid=3, name=, dataType=HIPDNN_DATA_FLOAT, dims=[16, 16, 16, 16], strides=[4096, 256, 16, 1], virtual=false}
[2026-06-12 00:19:27.406] [tid 3046546] [info] [hipdnn_backend] API success: [hipdnnBackendFinalize] descriptor=TensorDescriptor: {uid=3, name=, dataType=HIPDNN_DATA_FLOAT, dims=[16, 16, 16, 16], strides=[4096, 256, 16, 1], virtual=false}
[2026-06-12 00:19:27.406] [tid 3046546] [info] [hipdnn_backend] API called: [hipdnnBackendCreateDescriptor] descriptorType=HIPDNN_BACKEND_OPERATION_CONVOLUTION_FORWARD_DESCRIPTOR, descriptor_ptr=0x7ffd5223fd90
[2026-06-12 00:19:27.406] [tid 3046546] [info] [hipdnn_backend] Creating descriptor of type: HIPDNN_BACKEND_OPERATION_CONVOLUTION_FORWARD_DESCRIPTOR
[2026-06-12 00:19:27.406] [tid 3046546] [info] [hipdnn_backend] Created descriptor: 0x64232c618820
[2026-06-12 00:19:27.406] [tid 3046546] [info] [hipdnn_backend] API success: [hipdnnBackendCreateDescriptor] created_descriptor=ConvolutionFwdOperationDescriptor: {name=, x_uid=0, w_uid=0, y_uid=0, pre_padding=[], post_padding=[], stride=[], dilation=[], conv_mode=0, compute_data_type=UNSET}
[2026-06-12 00:19:27.406] [tid 3046546] [info] [hipdnn_backend] API called: [hipdnnBackendSetAttribute] descriptor=ConvolutionFwdOperationDescriptor: {name=, x_uid=0, w_uid=0, y_uid=0, pre_padding=[], post_padding=[], stride=[], dilation=[], conv_mode=0, compute_data_type=UNSET}, attributeName=HIPDNN_ATTR_OPERATION_CONVOLUTION_FORWARD_X, attributeType=HIPDNN_TYPE_BACKEND_DESCRIPTOR, elementCount=1, arrayOfElements_ptr=0x7ffd5223fdf8
[2026-06-12 00:19:27.406] [tid 3046546] [info] [hipdnn_backend] API success: [hipdnnBackendSetAttribute] status=HIPDNN_STATUS_SUCCESS
[2026-06-12 00:19:27.406] [tid 3046546] [info] [hipdnn_backend] API called: [hipdnnBackendSetAttribute] descriptor=ConvolutionFwdOperationDescriptor: {name=, x_uid=1, w_uid=0, y_uid=0, pre_padding=[], post_padding=[], stride=[], dilation=[], conv_mode=0, compute_data_type=UNSET}, attributeName=HIPDNN_ATTR_OPERATION_CONVOLUTION_FORWARD_W, attributeType=HIPDNN_TYPE_BACKEND_DESCRIPTOR, elementCount=1, arrayOfElements_ptr=0x7ffd5223fdc8
[2026-06-12 00:19:27.406] [tid 3046546] [info] [hipdnn_backend] API success: [hipdnnBackendSetAttribute] status=HIPDNN_STATUS_SUCCESS
[2026-06-12 00:19:27.406] [tid 3046546] [info] [hipdnn_backend] API called: [hipdnnBackendSetAttribute] descriptor=ConvolutionFwdOperationDescriptor: {name=, x_uid=1, w_uid=2, y_uid=0, pre_padding=[], post_padding=[], stride=[], dilation=[], conv_mode=0, compute_data_type=UNSET}, attributeName=HIPDNN_ATTR_OPERATION_CONVOLUTION_FORWARD_Y, attributeType=HIPDNN_TYPE_BACKEND_DESCRIPTOR, elementCount=1, arrayOfElements_ptr=0x7ffd5223fdc0
[2026-06-12 00:19:27.406] [tid 3046546] [info] [hipdnn_backend] API success: [hipdnnBackendSetAttribute] status=HIPDNN_STATUS_SUCCESS
[2026-06-12 00:19:27.406] [tid 3046546] [info] [hipdnn_backend] API called: [hipdnnBackendSetAttribute] descriptor=ConvolutionFwdOperationDescriptor: {name=, x_uid=1, w_uid=2, y_uid=3, pre_padding=[], post_padding=[], stride=[], dilation=[], conv_mode=0, compute_data_type=UNSET}, attributeName=HIPDNN_ATTR_CONVOLUTION_COMP_TYPE, attributeType=HIPDNN_TYPE_DATA_TYPE, elementCount=1, arrayOfElements_ptr=0x7ffd5223fddc
[2026-06-12 00:19:27.406] [tid 3046546] [info] [hipdnn_backend] API success: [hipdnnBackendSetAttribute] status=HIPDNN_STATUS_SUCCESS
[2026-06-12 00:19:27.406] [tid 3046546] [info] [hipdnn_backend] API called: [hipdnnBackendSetAttribute] descriptor=ConvolutionFwdOperationDescriptor: {name=, x_uid=1, w_uid=2, y_uid=3, pre_padding=[], post_padding=[], stride=[], dilation=[], conv_mode=0, compute_data_type=FLOAT}, attributeName=HIPDNN_ATTR_CONVOLUTION_CONV_MODE, attributeType=HIPDNN_TYPE_CONVOLUTION_MODE, elementCount=1, arrayOfElements_ptr=0x7ffd5223fdd8
[2026-06-12 00:19:27.406] [tid 3046546] [info] [hipdnn_backend] API success: [hipdnnBackendSetAttribute] status=HIPDNN_STATUS_SUCCESS
[2026-06-12 00:19:27.406] [tid 3046546] [info] [hipdnn_backend] API called: [hipdnnBackendSetAttribute] descriptor=ConvolutionFwdOperationDescriptor: {name=, x_uid=1, w_uid=2, y_uid=3, pre_padding=[], post_padding=[], stride=[], dilation=[], conv_mode=2, compute_data_type=FLOAT}, attributeName=HIPDNN_ATTR_CONVOLUTION_DILATIONS, attributeType=HIPDNN_TYPE_INT64, elementCount=2, arrayOfElements_ptr=0x64232d83b8b0
[2026-06-12 00:19:27.406] [tid 3046546] [info] [hipdnn_backend] API success: [hipdnnBackendSetAttribute] status=HIPDNN_STATUS_SUCCESS
[2026-06-12 00:19:27.406] [tid 3046546] [info] [hipdnn_backend] API called: [hipdnnBackendSetAttribute] descriptor=ConvolutionFwdOperationDescriptor: {name=, x_uid=1, w_uid=2, y_uid=3, pre_padding=[], post_padding=[], stride=[], dilation=[1, 1], conv_mode=2, compute_data_type=FLOAT}, attributeName=HIPDNN_ATTR_CONVOLUTION_FILTER_STRIDES, attributeType=HIPDNN_TYPE_INT64, elementCount=2, arrayOfElements_ptr=0x64232c17d3d0
[2026-06-12 00:19:27.406] [tid 3046546] [info] [hipdnn_backend] API success: [hipdnnBackendSetAttribute] status=HIPDNN_STATUS_SUCCESS
[2026-06-12 00:19:27.406] [tid 3046546] [info] [hipdnn_backend] API called: [hipdnnBackendSetAttribute] descriptor=ConvolutionFwdOperationDescriptor: {name=, x_uid=1, w_uid=2, y_uid=3, pre_padding=[], post_padding=[], stride=[1, 1], dilation=[1, 1], conv_mode=2, compute_data_type=FLOAT}, attributeName=HIPDNN_ATTR_CONVOLUTION_PRE_PADDINGS, attributeType=HIPDNN_TYPE_INT64, elementCount=2, arrayOfElements_ptr=0x642327bc6060
[2026-06-12 00:19:27.406] [tid 3046546] [info] [hipdnn_backend] API success: [hipdnnBackendSetAttribute] status=HIPDNN_STATUS_SUCCESS
[2026-06-12 00:19:27.406] [tid 3046546] [info] [hipdnn_backend] API called: [hipdnnBackendSetAttribute] descriptor=ConvolutionFwdOperationDescriptor: {name=, x_uid=1, w_uid=2, y_uid=3, pre_padding=[1, 1], post_padding=[], stride=[1, 1], dilation=[1, 1], conv_mode=2, compute_data_type=FLOAT}, attributeName=HIPDNN_ATTR_CONVOLUTION_POST_PADDINGS, attributeType=HIPDNN_TYPE_INT64, elementCount=2, arrayOfElements_ptr=0x642327bc6060
[2026-06-12 00:19:27.406] [tid 3046546] [info] [hipdnn_backend] API success: [hipdnnBackendSetAttribute] status=HIPDNN_STATUS_SUCCESS
[2026-06-12 00:19:27.406] [tid 3046546] [info] [hipdnn_backend] API called: [hipdnnBackendFinalize] descriptor=ConvolutionFwdOperationDescriptor: {name=, x_uid=1, w_uid=2, y_uid=3, pre_padding=[1, 1], post_padding=[1, 1], stride=[1, 1], dilation=[1, 1], conv_mode=2, compute_data_type=FLOAT}
[2026-06-12 00:19:27.406] [tid 3046546] [info] [hipdnn_backend] API success: [hipdnnBackendFinalize] descriptor=ConvolutionFwdOperationDescriptor: {name=, x_uid=1, w_uid=2, y_uid=3, pre_padding=[1, 1], post_padding=[1, 1], stride=[1, 1], dilation=[1, 1], conv_mode=2, compute_data_type=FLOAT}
[2026-06-12 00:19:27.406] [tid 3046546] [info] [hipdnn_backend] API called: [hipdnnBackendCreateDescriptor] descriptorType=HIPDNN_BACKEND_OPERATIONGRAPH_DESCRIPTOR, descriptor_ptr=0x7ffd5223fda8
[2026-06-12 00:19:27.406] [tid 3046546] [info] [hipdnn_backend] Creating descriptor of type: HIPDNN_BACKEND_OPERATIONGRAPH_DESCRIPTOR
[2026-06-12 00:19:27.406] [tid 3046546] [info] [hipdnn_backend] Created descriptor: 0x64232cec53f0
[2026-06-12 00:19:27.406] [tid 3046546] [info] [hipdnn_backend] API success: [hipdnnBackendCreateDescriptor] created_descriptor=GraphDescriptor: {handle=null, name=(empty), serializedGraphSize=0}
[2026-06-12 00:19:27.406] [tid 3046546] [info] [hipdnn_backend] API called: [hipdnnBackendSetAttribute] descriptor=GraphDescriptor: {handle=null, name=(empty), serializedGraphSize=0}, attributeName=HIPDNN_ATTR_OPERATIONGRAPH_OPS, attributeType=HIPDNN_TYPE_BACKEND_DESCRIPTOR, elementCount=1, arrayOfElements_ptr=0x7ffd5223fd90
[2026-06-12 00:19:27.406] [tid 3046546] [info] [hipdnn_backend] API success: [hipdnnBackendSetAttribute] status=HIPDNN_STATUS_SUCCESS
[2026-06-12 00:19:27.406] [tid 3046546] [info] [hipdnn_backend] API called: [hipdnnBackendSetAttribute] descriptor=GraphDescriptor: {handle=null, name=(empty), serializedGraphSize=0}, attributeName=HIPDNN_ATTR_OPERATIONGRAPH_HANDLE, attributeType=HIPDNN_TYPE_HANDLE, elementCount=1, arrayOfElements_ptr=0x7ffd5223fe10
[2026-06-12 00:19:27.406] [tid 3046546] [info] [hipdnn_backend] API success: [hipdnnBackendSetAttribute] status=HIPDNN_STATUS_SUCCESS
[2026-06-12 00:19:27.406] [tid 3046546] [info] [hipdnn_backend] API called: [hipdnnBackendFinalize] descriptor=GraphDescriptor: {handle=0x6422f54df790, name=(empty), serializedGraphSize=0}
[2026-06-12 00:19:27.406] [tid 3046546] [info] [hipdnn_backend] API success: [hipdnnBackendFinalize] descriptor=GraphDescriptor: {handle=0x6422f54df790, name=(empty), serializedGraphSize=576}
[2026-06-12 00:19:27.406] [tid 3046546] [info] [hipdnn_backend] API called: [hipdnnBackendCreateDescriptor] descriptorType=HIPDNN_BACKEND_ENGINEHEUR_DESCRIPTOR, descriptor_ptr=0x7ffd5223fd98
[2026-06-12 00:19:27.406] [tid 3046546] [info] [hipdnn_backend] Creating descriptor of type: HIPDNN_BACKEND_ENGINEHEUR_DESCRIPTOR
[2026-06-12 00:19:27.406] [tid 3046546] [info] [hipdnn_backend] Created descriptor: 0x64232946ee20
[2026-06-12 00:19:27.406] [tid 3046546] [info] [hipdnn_backend] API success: [hipdnnBackendCreateDescriptor] created_descriptor=EngineHeuristicDescriptor: {heuristicMode=unset, graph=null}
[2026-06-12 00:19:27.406] [tid 3046546] [info] [hipdnn_backend] API called: [hipdnnBackendSetAttribute] descriptor=EngineHeuristicDescriptor: {heuristicMode=unset, graph=null}, attributeName=HIPDNN_ATTR_ENGINEHEUR_OPERATION_GRAPH, attributeType=HIPDNN_TYPE_BACKEND_DESCRIPTOR, elementCount=1, arrayOfElements_ptr=0x7ffd5223fda8
[2026-06-12 00:19:27.406] [tid 3046546] [info] [hipdnn_backend] API success: [hipdnnBackendSetAttribute] status=HIPDNN_STATUS_SUCCESS
[2026-06-12 00:19:27.406] [tid 3046546] [info] [hipdnn_backend] API called: [hipdnnBackendSetAttribute] descriptor=EngineHeuristicDescriptor: {heuristicMode=unset, graph=0x6422f5602700}, attributeName=HIPDNN_ATTR_ENGINEHEUR_MODE, attributeType=HIPDNN_TYPE_HEUR_MODE, elementCount=1, arrayOfElements_ptr=0x7ffd5223fdd4
[2026-06-12 00:19:27.406] [tid 3046546] [info] [hipdnn_backend] API success: [hipdnnBackendSetAttribute] status=HIPDNN_STATUS_SUCCESS
[2026-06-12 00:19:27.406] [tid 3046546] [info] [hipdnn_backend] API called: [hipdnnBackendFinalize] descriptor=EngineHeuristicDescriptor: {heuristicMode=0, graph=0x6422f5602700}
[2026-06-12 00:19:27.406] [tid 3046546] [info] [miopen_provider_plugin] API called: [hipdnnPluginGetApiVersion] versionPtr=0x7ffd5223ec38
[2026-06-12 00:19:27.406] [tid 3046546] [info] [miopen_provider_plugin] API success: [hipdnnPluginGetApiVersion] version=0x7ffd5223ec38
[2026-06-12 00:19:27.406] [tid 3046546] [info] [miopen_provider_plugin] API called: [hipdnnEnginePluginGetApplicableEngineIds] handle=0x6422f54dff10, opGraph=0x7ffd5223ef90, engineIds=0x6423293eabb0, maxEngines=2, numEngines=0x7ffd5223ed78
[2026-06-12 00:19:27.409] [tid 3046546] [info] [miopen_provider_plugin] Batchnorm plan builder is not applicable for this graph
[2026-06-12 00:19:27.409] [tid 3046546] [info] [miopen_provider_plugin] First node must be batchnorm
[2026-06-12 00:19:27.409] [tid 3046546] [info] [miopen_provider_plugin] API success: [hipdnnEnginePluginGetApplicableEngineIds] numEngines=2
[2026-06-12 00:19:27.409] [tid 3046546] [warning] [hipdnn_backend] No heuristic policy order configured, falling back to built-in defaults [SelectionHeuristic::Config, SelectionHeuristic::StaticOrdering]. Set HIPDNN_HEUR_POLICY_ORDER or the descriptor attribute to silence this warning.
[2026-06-12 00:19:27.409] [tid 3046546] [info] [BuiltInConfig] policyFinalize: HIPDNN_HEUR_CONFIG_PATH unset or unreadable; declining
[2026-06-12 00:19:27.409] [tid 3046546] [info] [hipdnn_backend] API success: [hipdnnBackendFinalize] descriptor=EngineHeuristicDescriptor: {heuristicMode=0, graph=0x6422f5602700}
[2026-06-12 00:19:27.409] [tid 3046546] [info] [hipdnn_backend] API called: [hipdnnBackendGetAttribute] descriptor=EngineHeuristicDescriptor: {heuristicMode=0, graph=0x6422f5602700}, attributeName=HIPDNN_ATTR_ENGINEHEUR_RESULTS, attributeType=HIPDNN_TYPE_BACKEND_DESCRIPTOR, requestedElementCount=0, elementCount_ptr=0x7ffd5223fdf0, arrayOfElements_ptr=0x0
[2026-06-12 00:19:27.409] [tid 3046546] [info] [hipdnn_backend] API success: [hipdnnBackendGetAttribute] status=HIPDNN_STATUS_SUCCESS, retrieved_elementCount=2
[2026-06-12 00:19:27.409] [tid 3046546] [info] [hipdnn_backend] API called: [hipdnnBackendCreateDescriptor] descriptorType=HIPDNN_BACKEND_ENGINECFG_DESCRIPTOR, descriptor_ptr=0x7ffd5223fdb0
[2026-06-12 00:19:27.409] [tid 3046546] [info] [hipdnn_backend] Creating descriptor of type: HIPDNN_BACKEND_ENGINECFG_DESCRIPTOR
[2026-06-12 00:19:27.409] [tid 3046546] [info] [hipdnn_backend] Created descriptor: 0x64232c6188f0
[2026-06-12 00:19:27.409] [tid 3046546] [info] [hipdnn_backend] API success: [hipdnnBackendCreateDescriptor] created_descriptor=EngineConfigDescriptor: {engineId=null, maxWorkspaceSize=-1}
[2026-06-12 00:19:27.409] [tid 3046546] [info] [hipdnn_backend] API called: [hipdnnBackendGetAttribute] descriptor=EngineHeuristicDescriptor: {heuristicMode=0, graph=0x6422f5602700}, attributeName=HIPDNN_ATTR_ENGINEHEUR_RESULTS, attributeType=HIPDNN_TYPE_BACKEND_DESCRIPTOR, requestedElementCount=1, elementCount_ptr=0x7ffd5223fde8, arrayOfElements_ptr=0x7ffd5223fe08
[2026-06-12 00:19:27.409] [tid 3046546] [info] [miopen_provider_plugin] API called: [hipdnnPluginGetApiVersion] versionPtr=0x7ffd5223f1c8
[2026-06-12 00:19:27.409] [tid 3046546] [info] [miopen_provider_plugin] API success: [hipdnnPluginGetApiVersion] version=0x7ffd5223f1c8
[2026-06-12 00:19:27.409] [tid 3046546] [info] [miopen_provider_plugin] API called: [hipdnnEnginePluginGetApplicableEngineIds] handle=0x6422f54dff10, opGraph=0x7ffd5223f520, engineIds=0x642327c3a150, maxEngines=2, numEngines=0x7ffd5223f308
[2026-06-12 00:19:27.409] [tid 3046546] [info] [miopen_provider_plugin] Batchnorm plan builder is not applicable for this graph
[2026-06-12 00:19:27.409] [tid 3046546] [info] [miopen_provider_plugin] First node must be batchnorm
[2026-06-12 00:19:27.409] [tid 3046546] [info] [miopen_provider_plugin] API success: [hipdnnEnginePluginGetApplicableEngineIds] numEngines=2
[2026-06-12 00:19:27.409] [tid 3046546] [info] [miopen_provider_plugin] API called: [hipdnnEnginePluginGetEngineDetails] handle=0x6422f54dff10, engineId=1563989756945604898, opGraph=0x7ffd5223f440, engineDetails=0x7ffd5223f480
[2026-06-12 00:19:27.409] [tid 3046546] [info] [miopen_provider_plugin] Getting workspace size range for Convolution Fwd: Found 6 solutions
[2026-06-12 00:19:27.409] [tid 3046546] [info] [miopen_provider_plugin] Convolution Fwd: solution_id=84, algorithm=3, time=0.0164281, workspace_size=0
[2026-06-12 00:19:27.409] [tid 3046546] [info] [miopen_provider_plugin] Convolution Fwd: solution_id=137, algorithm=5, time=0.0290458, workspace_size=533504
[2026-06-12 00:19:27.409] [tid 3046546] [info] [miopen_provider_plugin] Convolution Fwd: solution_id=37, algorithm=3, time=0.0312847, workspace_size=0
[2026-06-12 00:19:27.409] [tid 3046546] [info] [miopen_provider_plugin] Convolution Fwd: solution_id=107, algorithm=5, time=0.0338507, workspace_size=533504
[2026-06-12 00:19:27.409] [tid 3046546] [info] [miopen_provider_plugin] Convolution Fwd: solution_id=85, algorithm=1, time=0.0461471, workspace_size=0
[2026-06-12 00:19:27.409] [tid 3046546] [info] [miopen_provider_plugin] Convolution Fwd: solution_id=91, algorithm=0, time=0.272986, workspace_size=147456
[2026-06-12 00:19:27.409] [tid 3046546] [info] [miopen_provider_plugin] Convolution Fwd: Workspace range: min=0, max=533504
[2026-06-12 00:19:27.409] [tid 3046546] [info] [miopen_provider_plugin] Storing detached buffer at address: 0x642327be0358
[2026-06-12 00:19:27.409] [tid 3046546] [info] [miopen_provider_plugin] API success: [hipdnnEnginePluginGetEngineDetails] engineDetails->ptr=0x642327be0358
[2026-06-12 00:19:27.409] [tid 3046546] [info] [hipdnn_backend] API success: [hipdnnBackendGetAttribute] status=HIPDNN_STATUS_SUCCESS, retrieved_elementCount=1
[2026-06-12 00:19:27.409] [tid 3046546] [info] [hipdnn_backend] API called: [hipdnnBackendFinalize] descriptor=EngineConfigDescriptor: {engineId=1563989756945604898, maxWorkspaceSize=-1}
[2026-06-12 00:19:27.409] [tid 3046546] [info] [miopen_provider_plugin] API called: [hipdnnEnginePluginGetWorkspaceSize] handle=0x6422f54dff10, engineConfig=0x7ffd5223fb30, opGraph=0x7ffd5223fa00, workspaceSize=0x7ffd5223f9d0
[2026-06-12 00:19:27.409] [tid 3046546] [info] [miopen_provider_plugin] Batchnorm plan builder is not applicable for this graph
[2026-06-12 00:19:27.409] [tid 3046546] [info] [miopen_provider_plugin] First node must be batchnorm
[2026-06-12 00:19:27.409] [tid 3046546] [info] [miopen_provider_plugin] ConvFwdBiasActiv plan builder supports only graphs with 2 or 3 nodes. Graph has 1 nodes
[2026-06-12 00:19:27.409] [tid 3046546] [info] [miopen_provider_plugin] API success: [hipdnnEnginePluginGetWorkspaceSize] workspaceSize=0
[2026-06-12 00:19:27.409] [tid 3046546] [info] [hipdnn_backend] API success: [hipdnnBackendFinalize] descriptor=EngineConfigDescriptor: {engineId=1563989756945604898, maxWorkspaceSize=0}
[2026-06-12 00:19:27.409] [tid 3046546] [info] [hipdnn_backend] API called: [hipdnnBackendCreateDescriptor] descriptorType=HIPDNN_BACKEND_EXECUTION_PLAN_DESCRIPTOR, descriptor_ptr=0x7ffd5223fda0
[2026-06-12 00:19:27.409] [tid 3046546] [info] [hipdnn_backend] Creating descriptor of type: HIPDNN_BACKEND_EXECUTION_PLAN_DESCRIPTOR
[2026-06-12 00:19:27.409] [tid 3046546] [info] [hipdnn_backend] Created descriptor: 0x6423293eabb0
[2026-06-12 00:19:27.409] [tid 3046546] [info] [hipdnn_backend] API success: [hipdnnBackendCreateDescriptor] created_descriptor=ExecutionPlanDescriptor: {workspaceSize=-1, engineId=-1, engineConfig=null}
[2026-06-12 00:19:27.409] [tid 3046546] [info] [hipdnn_backend] API called: [hipdnnBackendSetAttribute] descriptor=ExecutionPlanDescriptor: {workspaceSize=-1, engineId=-1, engineConfig=null}, attributeName=HIPDNN_ATTR_EXECUTION_PLAN_ENGINE_CONFIG, attributeType=HIPDNN_TYPE_BACKEND_DESCRIPTOR, elementCount=1, arrayOfElements_ptr=0x7ffd5223fdb0
[2026-06-12 00:19:27.409] [tid 3046546] [info] [hipdnn_backend] API success: [hipdnnBackendSetAttribute] status=HIPDNN_STATUS_SUCCESS
[2026-06-12 00:19:27.409] [tid 3046546] [info] [hipdnn_backend] API called: [hipdnnBackendFinalize] descriptor=ExecutionPlanDescriptor: {workspaceSize=-1, engineId=-1, engineConfig=0x642327c3aa30}
[2026-06-12 00:19:27.409] [tid 3046546] [info] [miopen_provider_plugin] API called: [hipdnnEnginePluginCreateExecutionContext] handle=0x6422f54dff10, engineConfig=0x7ffd5223fb18, opGraph=0x7ffd5223f8f0, executionContext=0x7ffd5223f8c8
[2026-06-12 00:19:27.409] [tid 3046546] [info] [miopen_provider_plugin] Batchnorm plan builder is not applicable for this graph
[2026-06-12 00:19:27.409] [tid 3046546] [info] [miopen_provider_plugin] First node must be batchnorm
[2026-06-12 00:19:27.410] [tid 3046546] [info] [miopen_provider_plugin] Batchnorm plan builder is not applicable for this graph
[2026-06-12 00:19:27.410] [tid 3046546] [info] [miopen_provider_plugin] First node must be batchnorm
[2026-06-12 00:19:27.410] [tid 3046546] [info] [miopen_provider_plugin] Building convolution fwd plan for node: 
[2026-06-12 00:19:27.410] [tid 3046546] [info] [miopen_provider_plugin] Convolution Fwd: Using default max workspace size: 0
[2026-06-12 00:19:27.410] [tid 3046546] [info] [miopen_provider_plugin] API success: [hipdnnEnginePluginCreateExecutionContext] created_execution_context=0x642327bdb170
[2026-06-12 00:19:27.410] [tid 3046546] [info] [miopen_provider_plugin] API called: [hipdnnEnginePluginGetWorkspaceSizeFromExecutionContext] handle=0x6422f54dff10, executionContext=0x642327bdb170, workspaceSize=0x7ffd5223f9c8
[2026-06-12 00:19:27.410] [tid 3046546] [info] [miopen_provider_plugin] API success: [hipdnnEnginePluginGetWorkspaceSizeFromExecutionContext] workspaceSize=0
[2026-06-12 00:19:27.410] [tid 3046546] [info] [hipdnn_backend] API success: [hipdnnBackendFinalize] descriptor=ExecutionPlanDescriptor: {workspaceSize=0, engineId=1563989756945604898, engineConfig=0x642327c3aa30}
[MIOpen->hipDNN] conv plan build (cold): 3660534 ns
[2026-06-12 00:19:27.410] [tid 3046546] [info] [hipdnn_backend] API called: [hipdnnBackendGetAttribute] descriptor=ExecutionPlanDescriptor: {workspaceSize=0, engineId=1563989756945604898, engineConfig=0x642327c3aa30}, attributeName=HIPDNN_ATTR_EXECUTION_PLAN_WORKSPACE_SIZE, attributeType=HIPDNN_TYPE_INT64, requestedElementCount=1, elementCount_ptr=0x7ffd5223fe00, arrayOfElements_ptr=0x7ffd5223fdb8
[2026-06-12 00:19:27.410] [tid 3046546] [info] [hipdnn_backend] API success: [hipdnnBackendGetAttribute] status=HIPDNN_STATUS_SUCCESS, retrieved_elementCount=1
[2026-06-12 00:19:27.410] [tid 3046546] [info] [hipdnn_backend] API called: [hipdnnSetStream] handle=hipdnnHandle: {stream=null, EnginePluginResourceManager: {loadedPlugins=1, loadedPluginPaths=[/opt/rocm/lib/hipdnn_plugins/engines/libmiopen_plugin.so]}}, streamId=0x6422f54805e0
[2026-06-12 00:19:27.410] [tid 3046546] [info] [miopen_provider_plugin] API called: [hipdnnEnginePluginSetStream] handle=0x6422f54dff10, stream_id=0x6422f54805e0
[2026-06-12 00:19:27.410] [tid 3046546] [info] [miopen_provider_plugin] API success: [hipdnnEnginePluginSetStream] 
[2026-06-12 00:19:27.410] [tid 3046546] [info] [hipdnn_backend] HIP Device Information: {Device: 0, Name: AMD Instinct MI308X, Global Mem: 206141652992 bytes, Compute: 9.4, MPs: 80, Clock: 1420000 kHz}
[2026-06-12 00:19:27.410] [tid 3046546] [info] [hipdnn_backend] API success: [hipdnnSetStream] stream=0x6422f54805e0
[2026-06-12 00:19:27.410] [tid 3046546] [info] [hipdnn_backend] API called: [hipdnnBackendCreateDescriptor] descriptorType=HIPDNN_BACKEND_VARIANT_PACK_DESCRIPTOR, descriptor_ptr=0x7ffd5223fe20
[2026-06-12 00:19:27.410] [tid 3046546] [info] [hipdnn_backend] Creating descriptor of type: HIPDNN_BACKEND_VARIANT_PACK_DESCRIPTOR
[2026-06-12 00:19:27.410] [tid 3046546] [info] [hipdnn_backend] Created descriptor: 0x6422f54df7d0
[2026-06-12 00:19:27.410] [tid 3046546] [info] [hipdnn_backend] API success: [hipdnnBackendCreateDescriptor] created_descriptor=VariantDescriptor: {numDataPointers=0, numUniqueIds=0, workspace=null}
[2026-06-12 00:19:27.410] [tid 3046546] [info] [hipdnn_backend] API called: [hipdnnBackendSetAttribute] descriptor=VariantDescriptor: {numDataPointers=0, numUniqueIds=0, workspace=null}, attributeName=HIPDNN_ATTR_VARIANT_PACK_UNIQUE_IDS, attributeType=HIPDNN_TYPE_INT64, elementCount=3, arrayOfElements_ptr=0x7ffd5223fe50
[2026-06-12 00:19:27.410] [tid 3046546] [info] [hipdnn_backend] API success: [hipdnnBackendSetAttribute] status=HIPDNN_STATUS_SUCCESS
[2026-06-12 00:19:27.410] [tid 3046546] [info] [hipdnn_backend] API called: [hipdnnBackendSetAttribute] descriptor=VariantDescriptor: {numDataPointers=0, numUniqueIds=3, workspace=null}, attributeName=HIPDNN_ATTR_VARIANT_PACK_DATA_POINTERS, attributeType=HIPDNN_TYPE_VOID_PTR, elementCount=3, arrayOfElements_ptr=0x7ffd5223fe30
[2026-06-12 00:19:27.410] [tid 3046546] [info] [hipdnn_backend] API success: [hipdnnBackendSetAttribute] status=HIPDNN_STATUS_SUCCESS
[2026-06-12 00:19:27.410] [tid 3046546] [info] [hipdnn_backend] API called: [hipdnnBackendSetAttribute] descriptor=VariantDescriptor: {numDataPointers=3, numUniqueIds=3, workspace=null}, attributeName=HIPDNN_ATTR_VARIANT_PACK_WORKSPACE, attributeType=HIPDNN_TYPE_VOID_PTR, elementCount=1, arrayOfElements_ptr=0x7ffd5223fe28
[2026-06-12 00:19:27.410] [tid 3046546] [info] [hipdnn_backend] API success: [hipdnnBackendSetAttribute] status=HIPDNN_STATUS_SUCCESS
[2026-06-12 00:19:27.410] [tid 3046546] [info] [hipdnn_backend] API called: [hipdnnBackendFinalize] descriptor=VariantDescriptor: {numDataPointers=3, numUniqueIds=3, workspace=null}
[2026-06-12 00:19:27.410] [tid 3046546] [info] [hipdnn_backend] API success: [hipdnnBackendFinalize] descriptor=VariantDescriptor: {numDataPointers=3, numUniqueIds=3, workspace=null}
[2026-06-12 00:19:27.410] [tid 3046546] [info] [hipdnn_backend] API called: [hipdnnBackendExecute] handle=hipdnnHandle: {stream=0x6422f54805e0, EnginePluginResourceManager: {loadedPlugins=1, loadedPluginPaths=[/opt/rocm/lib/hipdnn_plugins/engines/libmiopen_plugin.so]}}, executionPlan=ExecutionPlanDescriptor: {workspaceSize=0, engineId=1563989756945604898, engineConfig=0x642327c3aa30}, variantPack=VariantDescriptor: {numDataPointers=3, numUniqueIds=3, workspace=null}
[2026-06-12 00:19:27.410] [tid 3046546] [info] [miopen_provider_plugin] API called: [hipdnnEnginePluginExecuteOpGraph] handle=0x6422f54dff10, executionContext=0x642327bdb170, workspace=0, deviceBuffers=0x64232c619180, numDeviceBuffers=3
[2026-06-12 00:19:27.410] [tid 3046546] [info] [miopen_provider_plugin] Tuning policy set to 1 (benchmarking=0)
[2026-06-12 00:19:27.410] [tid 3046546] [info] [miopen_provider_plugin] Convolution Fwd: Performing algorithm selection (first execution)
[2026-06-12 00:19:27.411] [tid 3046546] [info] [miopen_provider_plugin] Convolution Fwd: Found 1 algorithms
[2026-06-12 00:19:27.411] [tid 3046546] [info] [miopen_provider_plugin]   Algorithm 0: algorithm=3, time=0.0164281, workspace_size=0
[2026-06-12 00:19:27.411] [tid 3046546] [info] [miopen_provider_plugin] Convolution Fwd: Selected algorithm=3, time=0.0164281, workspace_size=0
[2026-06-12 00:19:27.411] [tid 3046546] [info] [miopen_provider_plugin] Tuning policy restored to 1
[2026-06-12 00:19:27.411] [tid 3046546] [info] [miopen_provider_plugin] API success: [hipdnnEnginePluginExecuteOpGraph] executed graph
[2026-06-12 00:19:27.411] [tid 3046546] [info] [hipdnn_backend] API success: [hipdnnBackendExecute] executionPlan=ExecutionPlanDescriptor: {workspaceSize=0, engineId=1563989756945604898, engineConfig=0x642327c3aa30}
[2026-06-12 00:19:27.411] [tid 3046546] [info] [hipdnn_backend] API called: [hipdnnBackendDestroyDescriptor] descriptor=VariantDescriptor: {numDataPointers=3, numUniqueIds=3, workspace=null}
[2026-06-12 00:19:27.411] [tid 3046546] [info] [hipdnn_backend] Destroyed descriptor: 0x6422f54df7d0
[2026-06-12 00:19:27.411] [tid 3046546] [info] [hipdnn_backend] API success: [hipdnnBackendDestroyDescriptor] descriptor destroyed
[MIOpen->hipDNN] conv execute (cold): 1428756 ns
[2026-06-12 00:19:27.411] [tid 3046546] [info] [hipdnn_backend] API called: [hipdnnSetStream] handle=hipdnnHandle: {stream=0x6422f54805e0, EnginePluginResourceManager: {loadedPlugins=1, loadedPluginPaths=[/opt/rocm/lib/hipdnn_plugins/engines/libmiopen_plugin.so]}}, streamId=0x6422f54805e0
[2026-06-12 00:19:27.411] [tid 3046546] [info] [miopen_provider_plugin] API called: [hipdnnEnginePluginSetStream] handle=0x6422f54dff10, stream_id=0x6422f54805e0
[2026-06-12 00:19:27.411] [tid 3046546] [info] [miopen_provider_plugin] API success: [hipdnnEnginePluginSetStream] 
[2026-06-12 00:19:27.411] [tid 3046546] [info] [hipdnn_backend] HIP Device Information: {Device: 0, Name: AMD Instinct MI308X, Global Mem: 206141652992 bytes, Compute: 9.4, MPs: 80, Clock: 1420000 kHz}
[2026-06-12 00:19:27.411] [tid 3046546] [info] [hipdnn_backend] API success: [hipdnnSetStream] stream=0x6422f54805e0
[2026-06-12 00:19:27.411] [tid 3046546] [info] [hipdnn_backend] API called: [hipdnnBackendCreateDescriptor] descriptorType=HIPDNN_BACKEND_VARIANT_PACK_DESCRIPTOR, descriptor_ptr=0x7ffd5223fe20
[2026-06-12 00:19:27.411] [tid 3046546] [info] [hipdnn_backend] Creating descriptor of type: HIPDNN_BACKEND_VARIANT_PACK_DESCRIPTOR
[2026-06-12 00:19:27.411] [tid 3046546] [info] [hipdnn_backend] Created descriptor: 0x642327c3e300
[2026-06-12 00:19:27.411] [tid 3046546] [info] [hipdnn_backend] API success: [hipdnnBackendCreateDescriptor] created_descriptor=VariantDescriptor: {numDataPointers=0, numUniqueIds=0, workspace=null}
[2026-06-12 00:19:27.411] [tid 3046546] [info] [hipdnn_backend] API called: [hipdnnBackendSetAttribute] descriptor=VariantDescriptor: {numDataPointers=0, numUniqueIds=0, workspace=null}, attributeName=HIPDNN_ATTR_VARIANT_PACK_UNIQUE_IDS, attributeType=HIPDNN_TYPE_INT64, elementCount=3, arrayOfElements_ptr=0x7ffd5223fe50
[2026-06-12 00:19:27.411] [tid 3046546] [info] [hipdnn_backend] API success: [hipdnnBackendSetAttribute] status=HIPDNN_STATUS_SUCCESS
[2026-06-12 00:19:27.411] [tid 3046546] [info] [hipdnn_backend] API called: [hipdnnBackendSetAttribute] descriptor=VariantDescriptor: {numDataPointers=0, numUniqueIds=3, workspace=null}, attributeName=HIPDNN_ATTR_VARIANT_PACK_DATA_POINTERS, attributeType=HIPDNN_TYPE_VOID_PTR, elementCount=3, arrayOfElements_ptr=0x7ffd5223fe30
[2026-06-12 00:19:27.411] [tid 3046546] [info] [hipdnn_backend] API success: [hipdnnBackendSetAttribute] status=HIPDNN_STATUS_SUCCESS
[2026-06-12 00:19:27.411] [tid 3046546] [info] [hipdnn_backend] API called: [hipdnnBackendSetAttribute] descriptor=VariantDescriptor: {numDataPointers=3, numUniqueIds=3, workspace=null}, attributeName=HIPDNN_ATTR_VARIANT_PACK_WORKSPACE, attributeType=HIPDNN_TYPE_VOID_PTR, elementCount=1, arrayOfElements_ptr=0x7ffd5223fe28
[2026-06-12 00:19:27.411] [tid 3046546] [info] [hipdnn_backend] API success: [hipdnnBackendSetAttribute] status=HIPDNN_STATUS_SUCCESS
[2026-06-12 00:19:27.411] [tid 3046546] [info] [hipdnn_backend] API called: [hipdnnBackendFinalize] descriptor=VariantDescriptor: {numDataPointers=3, numUniqueIds=3, workspace=null}
[2026-06-12 00:19:27.411] [tid 3046546] [info] [hipdnn_backend] API success: [hipdnnBackendFinalize] descriptor=VariantDescriptor: {numDataPointers=3, numUniqueIds=3, workspace=null}
[2026-06-12 00:19:27.411] [tid 3046546] [info] [hipdnn_backend] API called: [hipdnnBackendExecute] handle=hipdnnHandle: {stream=0x6422f54805e0, EnginePluginResourceManager: {loadedPlugins=1, loadedPluginPaths=[/opt/rocm/lib/hipdnn_plugins/engines/libmiopen_plugin.so]}}, executionPlan=ExecutionPlanDescriptor: {workspaceSize=0, engineId=1563989756945604898, engineConfig=0x642327c3aa30}, variantPack=VariantDescriptor: {numDataPointers=3, numUniqueIds=3, workspace=null}
[2026-06-12 00:19:27.411] [tid 3046546] [info] [miopen_provider_plugin] API called: [hipdnnEnginePluginExecuteOpGraph] handle=0x6422f54dff10, executionContext=0x642327bdb170, workspace=0, deviceBuffers=0x64232c619180, numDeviceBuffers=3
[2026-06-12 00:19:27.411] [tid 3046546] [info] [miopen_provider_plugin] Tuning policy set to 1 (benchmarking=0)
[2026-06-12 00:19:27.411] [tid 3046546] [info] [miopen_provider_plugin] Tuning policy restored to 1
[2026-06-12 00:19:27.411] [tid 3046546] [info] [miopen_provider_plugin] API success: [hipdnnEnginePluginExecuteOpGraph] executed graph
[2026-06-12 00:19:27.411] [tid 3046546] [info] [hipdnn_backend] API success: [hipdnnBackendExecute] executionPlan=ExecutionPlanDescriptor: {workspaceSize=0, engineId=1563989756945604898, engineConfig=0x642327c3aa30}
[2026-06-12 00:19:27.411] [tid 3046546] [info] [hipdnn_backend] API called: [hipdnnBackendDestroyDescriptor] descriptor=VariantDescriptor: {numDataPointers=3, numUniqueIds=3, workspace=null}
[2026-06-12 00:19:27.411] [tid 3046546] [info] [hipdnn_backend] Destroyed descriptor: 0x642327c3e300
[2026-06-12 00:19:27.411] [tid 3046546] [info] [hipdnn_backend] API success: [hipdnnBackendDestroyDescriptor] descriptor destroyed
[MIOpen->hipDNN] conv execute (warm): 41249 ns
[2026-06-12 00:19:27.411] [tid 3046546] [info] [hipdnn_backend] API called: [hipdnnSetStream] handle=hipdnnHandle: {stream=0x6422f54805e0, EnginePluginResourceManager: {loadedPlugins=1, loadedPluginPaths=[/opt/rocm/lib/hipdnn_plugins/engines/libmiopen_plugin.so]}}, streamId=0x6422f54805e0
[2026-06-12 00:19:27.411] [tid 3046546] [info] [miopen_provider_plugin] API called: [hipdnnEnginePluginSetStream] handle=0x6422f54dff10, stream_id=0x6422f54805e0
[2026-06-12 00:19:27.411] [tid 3046546] [info] [miopen_provider_plugin] API success: [hipdnnEnginePluginSetStream] 
[2026-06-12 00:19:27.411] [tid 3046546] [info] [hipdnn_backend] HIP Device Information: {Device: 0, Name: AMD Instinct MI308X, Global Mem: 206141652992 bytes, Compute: 9.4, MPs: 80, Clock: 1420000 kHz}
[2026-06-12 00:19:27.411] [tid 3046546] [info] [hipdnn_backend] API success: [hipdnnSetStream] stream=0x6422f54805e0
[2026-06-12 00:19:27.411] [tid 3046546] [info] [hipdnn_backend] API called: [hipdnnBackendCreateDescriptor] descriptorType=HIPDNN_BACKEND_VARIANT_PACK_DESCRIPTOR, descriptor_ptr=0x7ffd5223fe20
[2026-06-12 00:19:27.411] [tid 3046546] [info] [hipdnn_backend] Creating descriptor of type: HIPDNN_BACKEND_VARIANT_PACK_DESCRIPTOR
[2026-06-12 00:19:27.411] [tid 3046546] [info] [hipdnn_backend] Created descriptor: 0x64232c1dfed0
[2026-06-12 00:19:27.411] [tid 3046546] [info] [hipdnn_backend] API success: [hipdnnBackendCreateDescriptor] created_descriptor=VariantDescriptor: {numDataPointers=0, numUniqueIds=0, workspace=null}
[2026-06-12 00:19:27.411] [tid 3046546] [info] [hipdnn_backend] API called: [hipdnnBackendSetAttribute] descriptor=VariantDescriptor: {numDataPointers=0, numUniqueIds=0, workspace=null}, attributeName=HIPDNN_ATTR_VARIANT_PACK_UNIQUE_IDS, attributeType=HIPDNN_TYPE_INT64, elementCount=3, arrayOfElements_ptr=0x7ffd5223fe50
[2026-06-12 00:19:27.411] [tid 3046546] [info] [hipdnn_backend] API success: [hipdnnBackendSetAttribute] status=HIPDNN_STATUS_SUCCESS
[2026-06-12 00:19:27.411] [tid 3046546] [info] [hipdnn_backend] API called: [hipdnnBackendSetAttribute] descriptor=VariantDescriptor: {numDataPointers=0, numUniqueIds=3, workspace=null}, attributeName=HIPDNN_ATTR_VARIANT_PACK_DATA_POINTERS, attributeType=HIPDNN_TYPE_VOID_PTR, elementCount=3, arrayOfElements_ptr=0x7ffd5223fe30
[2026-06-12 00:19:27.411] [tid 3046546] [info] [hipdnn_backend] API success: [hipdnnBackendSetAttribute] status=HIPDNN_STATUS_SUCCESS
[2026-06-12 00:19:27.411] [tid 3046546] [info] [hipdnn_backend] API called: [hipdnnBackendSetAttribute] descriptor=VariantDescriptor: {numDataPointers=3, numUniqueIds=3, workspace=null}, attributeName=HIPDNN_ATTR_VARIANT_PACK_WORKSPACE, attributeType=HIPDNN_TYPE_VOID_PTR, elementCount=1, arrayOfElements_ptr=0x7ffd5223fe28
[2026-06-12 00:19:27.411] [tid 3046546] [info] [hipdnn_backend] API success: [hipdnnBackendSetAttribute] status=HIPDNN_STATUS_SUCCESS
[2026-06-12 00:19:27.411] [tid 3046546] [info] [hipdnn_backend] API called: [hipdnnBackendFinalize] descriptor=VariantDescriptor: {numDataPointers=3, numUniqueIds=3, workspace=null}
[2026-06-12 00:19:27.411] [tid 3046546] [info] [hipdnn_backend] API success: [hipdnnBackendFinalize] descriptor=VariantDescriptor: {numDataPointers=3, numUniqueIds=3, workspace=null}
[2026-06-12 00:19:27.411] [tid 3046546] [info] [hipdnn_backend] API called: [hipdnnBackendExecute] handle=hipdnnHandle: {stream=0x6422f54805e0, EnginePluginResourceManager: {loadedPlugins=1, loadedPluginPaths=[/opt/rocm/lib/hipdnn_plugins/engines/libmiopen_plugin.so]}}, executionPlan=ExecutionPlanDescriptor: {workspaceSize=0, engineId=1563989756945604898, engineConfig=0x642327c3aa30}, variantPack=VariantDescriptor: {numDataPointers=3, numUniqueIds=3, workspace=null}
[2026-06-12 00:19:27.411] [tid 3046546] [info] [miopen_provider_plugin] API called: [hipdnnEnginePluginExecuteOpGraph] handle=0x6422f54dff10, executionContext=0x642327bdb170, workspace=0, deviceBuffers=0x64232c619180, numDeviceBuffers=3
[2026-06-12 00:19:27.411] [tid 3046546] [info] [miopen_provider_plugin] Tuning policy set to 1 (benchmarking=0)
[2026-06-12 00:19:27.411] [tid 3046546] [info] [miopen_provider_plugin] Tuning policy restored to 1
[2026-06-12 00:19:27.411] [tid 3046546] [info] [miopen_provider_plugin] API success: [hipdnnEnginePluginExecuteOpGraph] executed graph
[2026-06-12 00:19:27.411] [tid 3046546] [info] [hipdnn_backend] API success: [hipdnnBackendExecute] executionPlan=ExecutionPlanDescriptor: {workspaceSize=0, engineId=1563989756945604898, engineConfig=0x642327c3aa30}
[2026-06-12 00:19:27.411] [tid 3046546] [info] [hipdnn_backend] API called: [hipdnnBackendDestroyDescriptor] descriptor=VariantDescriptor: {numDataPointers=3, numUniqueIds=3, workspace=null}
[2026-06-12 00:19:27.411] [tid 3046546] [info] [hipdnn_backend] Destroyed descriptor: 0x64232c1dfed0
[2026-06-12 00:19:27.411] [tid 3046546] [info] [hipdnn_backend] API success: [hipdnnBackendDestroyDescriptor] descriptor destroyed
[MIOpen->hipDNN] conv execute (warm): 36510 ns
[2026-06-12 00:19:27.411] [tid 3046546] [info] [hipdnn_backend] API called: [hipdnnSetStream] handle=hipdnnHandle: {stream=0x6422f54805e0, EnginePluginResourceManager: {loadedPlugins=1, loadedPluginPaths=[/opt/rocm/lib/hipdnn_plugins/engines/libmiopen_plugin.so]}}, streamId=0x6422f54805e0
[2026-06-12 00:19:27.411] [tid 3046546] [info] [miopen_provider_plugin] API called: [hipdnnEnginePluginSetStream] handle=0x6422f54dff10, stream_id=0x6422f54805e0
[2026-06-12 00:19:27.411] [tid 3046546] [info] [miopen_provider_plugin] API success: [hipdnnEnginePluginSetStream] 
[2026-06-12 00:19:27.411] [tid 3046546] [info] [hipdnn_backend] HIP Device Information: {Device: 0, Name: AMD Instinct MI308X, Global Mem: 206141652992 bytes, Compute: 9.4, MPs: 80, Clock: 1420000 kHz}
[2026-06-12 00:19:27.411] [tid 3046546] [info] [hipdnn_backend] API success: [hipdnnSetStream] stream=0x6422f54805e0
[2026-06-12 00:19:27.411] [tid 3046546] [info] [hipdnn_backend] API called: [hipdnnBackendCreateDescriptor] descriptorType=HIPDNN_BACKEND_VARIANT_PACK_DESCRIPTOR, descriptor_ptr=0x7ffd5223fe20
[2026-06-12 00:19:27.411] [tid 3046546] [info] [hipdnn_backend] Creating descriptor of type: HIPDNN_BACKEND_VARIANT_PACK_DESCRIPTOR
[2026-06-12 00:19:27.411] [tid 3046546] [info] [hipdnn_backend] Created descriptor: 0x6422f54df7d0
[2026-06-12 00:19:27.411] [tid 3046546] [info] [hipdnn_backend] API success: [hipdnnBackendCreateDescriptor] created_descriptor=VariantDescriptor: {numDataPointers=0, numUniqueIds=0, workspace=null}
[2026-06-12 00:19:27.411] [tid 3046546] [info] [hipdnn_backend] API called: [hipdnnBackendSetAttribute] descriptor=VariantDescriptor: {numDataPointers=0, numUniqueIds=0, workspace=null}, attributeName=HIPDNN_ATTR_VARIANT_PACK_UNIQUE_IDS, attributeType=HIPDNN_TYPE_INT64, elementCount=3, arrayOfElements_ptr=0x7ffd5223fe50
[2026-06-12 00:19:27.411] [tid 3046546] [info] [hipdnn_backend] API success: [hipdnnBackendSetAttribute] status=HIPDNN_STATUS_SUCCESS
[2026-06-12 00:19:27.411] [tid 3046546] [info] [hipdnn_backend] API called: [hipdnnBackendSetAttribute] descriptor=VariantDescriptor: {numDataPointers=0, numUniqueIds=3, workspace=null}, attributeName=HIPDNN_ATTR_VARIANT_PACK_DATA_POINTERS, attributeType=HIPDNN_TYPE_VOID_PTR, elementCount=3, arrayOfElements_ptr=0x7ffd5223fe30
[2026-06-12 00:19:27.411] [tid 3046546] [info] [hipdnn_backend] API success: [hipdnnBackendSetAttribute] status=HIPDNN_STATUS_SUCCESS
[2026-06-12 00:19:27.411] [tid 3046546] [info] [hipdnn_backend] API called: [hipdnnBackendSetAttribute] descriptor=VariantDescriptor: {numDataPointers=3, numUniqueIds=3, workspace=null}, attributeName=HIPDNN_ATTR_VARIANT_PACK_WORKSPACE, attributeType=HIPDNN_TYPE_VOID_PTR, elementCount=1, arrayOfElements_ptr=0x7ffd5223fe28
[2026-06-12 00:19:27.411] [tid 3046546] [info] [hipdnn_backend] API success: [hipdnnBackendSetAttribute] status=HIPDNN_STATUS_SUCCESS
[2026-06-12 00:19:27.411] [tid 3046546] [info] [hipdnn_backend] API called: [hipdnnBackendFinalize] descriptor=VariantDescriptor: {numDataPointers=3, numUniqueIds=3, workspace=null}
[2026-06-12 00:19:27.411] [tid 3046546] [info] [hipdnn_backend] API success: [hipdnnBackendFinalize] descriptor=VariantDescriptor: {numDataPointers=3, numUniqueIds=3, workspace=null}
[2026-06-12 00:19:27.411] [tid 3046546] [info] [hipdnn_backend] API called: [hipdnnBackendExecute] handle=hipdnnHandle: {stream=0x6422f54805e0, EnginePluginResourceManager: {loadedPlugins=1, loadedPluginPaths=[/opt/rocm/lib/hipdnn_plugins/engines/libmiopen_plugin.so]}}, executionPlan=ExecutionPlanDescriptor: {workspaceSize=0, engineId=1563989756945604898, engineConfig=0x642327c3aa30}, variantPack=VariantDescriptor: {numDataPointers=3, numUniqueIds=3, workspace=null}
[2026-06-12 00:19:27.411] [tid 3046546] [info] [miopen_provider_plugin] API called: [hipdnnEnginePluginExecuteOpGraph] handle=0x6422f54dff10, executionContext=0x642327bdb170, workspace=0, deviceBuffers=0x64232c619180, numDeviceBuffers=3
[2026-06-12 00:19:27.411] [tid 3046546] [info] [miopen_provider_plugin] Tuning policy set to 1 (benchmarking=0)
[2026-06-12 00:19:27.411] [tid 3046546] [info] [miopen_provider_plugin] Tuning policy restored to 1
[2026-06-12 00:19:27.411] [tid 3046546] [info] [miopen_provider_plugin] API success: [hipdnnEnginePluginExecuteOpGraph] executed graph
[2026-06-12 00:19:27.411] [tid 3046546] [info] [hipdnn_backend] API success: [hipdnnBackendExecute] executionPlan=ExecutionPlanDescriptor: {workspaceSize=0, engineId=1563989756945604898, engineConfig=0x642327c3aa30}
[2026-06-12 00:19:27.411] [tid 3046546] [info] [hipdnn_backend] API called: [hipdnnBackendDestroyDescriptor] descriptor=VariantDescriptor: {numDataPointers=3, numUniqueIds=3, workspace=null}
[2026-06-12 00:19:27.411] [tid 3046546] [info] [hipdnn_backend] Destroyed descriptor: 0x6422f54df7d0
[2026-06-12 00:19:27.411] [tid 3046546] [info] [hipdnn_backend] API success: [hipdnnBackendDestroyDescriptor] descriptor destroyed
[MIOpen->hipDNN] conv execute (warm): 35630 ns
[2026-06-12 00:19:27.411] [tid 3046546] [info] [hipdnn_backend] API called: [hipdnnSetStream] handle=hipdnnHandle: {stream=0x6422f54805e0, EnginePluginResourceManager: {loadedPlugins=1, loadedPluginPaths=[/opt/rocm/lib/hipdnn_plugins/engines/libmiopen_plugin.so]}}, streamId=0x6422f54805e0
[2026-06-12 00:19:27.411] [tid 3046546] [info] [miopen_provider_plugin] API called: [hipdnnEnginePluginSetStream] handle=0x6422f54dff10, stream_id=0x6422f54805e0
[2026-06-12 00:19:27.411] [tid 3046546] [info] [miopen_provider_plugin] API success: [hipdnnEnginePluginSetStream] 
[2026-06-12 00:19:27.411] [tid 3046546] [info] [hipdnn_backend] HIP Device Information: {Device: 0, Name: AMD Instinct MI308X, Global Mem: 206141652992 bytes, Compute: 9.4, MPs: 80, Clock: 1420000 kHz}
[2026-06-12 00:19:27.411] [tid 3046546] [info] [hipdnn_backend] API success: [hipdnnSetStream] stream=0x6422f54805e0
[2026-06-12 00:19:27.411] [tid 3046546] [info] [hipdnn_backend] API called: [hipdnnBackendCreateDescriptor] descriptorType=HIPDNN_BACKEND_VARIANT_PACK_DESCRIPTOR, descriptor_ptr=0x7ffd5223fe20
[2026-06-12 00:19:27.411] [tid 3046546] [info] [hipdnn_backend] Creating descriptor of type: HIPDNN_BACKEND_VARIANT_PACK_DESCRIPTOR
[2026-06-12 00:19:27.411] [tid 3046546] [info] [hipdnn_backend] Created descriptor: 0x642327c3e300
[2026-06-12 00:19:27.411] [tid 3046546] [info] [hipdnn_backend] API success: [hipdnnBackendCreateDescriptor] created_descriptor=VariantDescriptor: {numDataPointers=0, numUniqueIds=0, workspace=null}
[2026-06-12 00:19:27.411] [tid 3046546] [info] [hipdnn_backend] API called: [hipdnnBackendSetAttribute] descriptor=VariantDescriptor: {numDataPointers=0, numUniqueIds=0, workspace=null}, attributeName=HIPDNN_ATTR_VARIANT_PACK_UNIQUE_IDS, attributeType=HIPDNN_TYPE_INT64, elementCount=3, arrayOfElements_ptr=0x7ffd5223fe50
[2026-06-12 00:19:27.411] [tid 3046546] [info] [hipdnn_backend] API success: [hipdnnBackendSetAttribute] status=HIPDNN_STATUS_SUCCESS
[2026-06-12 00:19:27.411] [tid 3046546] [info] [hipdnn_backend] API called: [hipdnnBackendSetAttribute] descriptor=VariantDescriptor: {numDataPointers=0, numUniqueIds=3, workspace=null}, attributeName=HIPDNN_ATTR_VARIANT_PACK_DATA_POINTERS, attributeType=HIPDNN_TYPE_VOID_PTR, elementCount=3, arrayOfElements_ptr=0x7ffd5223fe30
[2026-06-12 00:19:27.411] [tid 3046546] [info] [hipdnn_backend] API success: [hipdnnBackendSetAttribute] status=HIPDNN_STATUS_SUCCESS
[2026-06-12 00:19:27.411] [tid 3046546] [info] [hipdnn_backend] API called: [hipdnnBackendSetAttribute] descriptor=VariantDescriptor: {numDataPointers=3, numUniqueIds=3, workspace=null}, attributeName=HIPDNN_ATTR_VARIANT_PACK_WORKSPACE, attributeType=HIPDNN_TYPE_VOID_PTR, elementCount=1, arrayOfElements_ptr=0x7ffd5223fe28
[2026-06-12 00:19:27.411] [tid 3046546] [info] [hipdnn_backend] API success: [hipdnnBackendSetAttribute] status=HIPDNN_STATUS_SUCCESS
[2026-06-12 00:19:27.411] [tid 3046546] [info] [hipdnn_backend] API called: [hipdnnBackendFinalize] descriptor=VariantDescriptor: {numDataPointers=3, numUniqueIds=3, workspace=null}
[2026-06-12 00:19:27.411] [tid 3046546] [info] [hipdnn_backend] API success: [hipdnnBackendFinalize] descriptor=VariantDescriptor: {numDataPointers=3, numUniqueIds=3, workspace=null}
[2026-06-12 00:19:27.411] [tid 3046546] [info] [hipdnn_backend] API called: [hipdnnBackendExecute] handle=hipdnnHandle: {stream=0x6422f54805e0, EnginePluginResourceManager: {loadedPlugins=1, loadedPluginPaths=[/opt/rocm/lib/hipdnn_plugins/engines/libmiopen_plugin.so]}}, executionPlan=ExecutionPlanDescriptor: {workspaceSize=0, engineId=1563989756945604898, engineConfig=0x642327c3aa30}, variantPack=VariantDescriptor: {numDataPointers=3, numUniqueIds=3, workspace=null}
[2026-06-12 00:19:27.411] [tid 3046546] [info] [miopen_provider_plugin] API called: [hipdnnEnginePluginExecuteOpGraph] handle=0x6422f54dff10, executionContext=0x642327bdb170, workspace=0, deviceBuffers=0x64232c619180, numDeviceBuffers=3
[2026-06-12 00:19:27.411] [tid 3046546] [info] [miopen_provider_plugin] Tuning policy set to 1 (benchmarking=0)
[2026-06-12 00:19:27.411] [tid 3046546] [info] [miopen_provider_plugin] Tuning policy restored to 1
[2026-06-12 00:19:27.411] [tid 3046546] [info] [miopen_provider_plugin] API success: [hipdnnEnginePluginExecuteOpGraph] executed graph
[2026-06-12 00:19:27.411] [tid 3046546] [info] [hipdnn_backend] API success: [hipdnnBackendExecute] executionPlan=ExecutionPlanDescriptor: {workspaceSize=0, engineId=1563989756945604898, engineConfig=0x642327c3aa30}
[2026-06-12 00:19:27.411] [tid 3046546] [info] [hipdnn_backend] API called: [hipdnnBackendDestroyDescriptor] descriptor=VariantDescriptor: {numDataPointers=3, numUniqueIds=3, workspace=null}
[2026-06-12 00:19:27.411] [tid 3046546] [info] [hipdnn_backend] Destroyed descriptor: 0x642327c3e300
[2026-06-12 00:19:27.411] [tid 3046546] [info] [hipdnn_backend] API success: [hipdnnBackendDestroyDescriptor] descriptor destroyed
[MIOpen->hipDNN] conv execute (warm): 36619 ns
PRNG seed: 12345678
Forward Convolution Verifies OK on GPU reference (4.52339e-08 < 1.5e-06)
[MIOpen->hipDNN] hipdnnDestroy: 4360 ns
[2026-06-12 00:19:27.412] [tid 3046546] [info] [hipdnn_backend] API called: [hipdnnDestroy] handle=hipdnnHandle: {stream=0x6422f54805e0, EnginePluginResourceManager: {loadedPlugins=1, loadedPluginPaths=[/opt/rocm/lib/hipdnn_plugins/engines/libmiopen_plugin.so]}}
[2026-06-12 00:19:27.412] [tid 3046546] [info] [hipdnn_backend] API success: [hipdnnDestroy] handle destroyed
