................./opt/python/cp312-cp312/lib/python3.12/site-packages/coverage/report_core.py:113: CoverageWarning: Couldn't parse '/work/projects/hipblaslt/tensilelite/Tensile/KernelWriterAssembly.py': Couldn't use data file '/work/projects/hipblaslt/tensilelite/.coverage.mA4_cpu': no such table: arc (couldnt-parse); see https://coverage.readthedocs.io/en/7.14.1/messages.html#warning-couldnt-parse
  coverage._warn(msg, slug="couldnt-parse")
/opt/python/cp312-cp312/lib/python3.12/site-packages/coverage/report_core.py:113: CoverageWarning: Couldn't parse '/work/projects/hipblaslt/tensilelite/Tensile/KernelWriterBase.py': Couldn't use data file '/work/projects/hipblaslt/tensilelite/.coverage.mA4_cpu': no such table: tracer (couldnt-parse); see https://coverage.readthedocs.io/en/7.14.1/messages.html#warning-couldnt-parse
  coverage._warn(msg, slug="couldnt-parse")
/opt/python/cp312-cp312/lib/python3.12/site-packages/coverage/report_core.py:113: CoverageWarning: Couldn't parse '/work/projects/hipblaslt/tensilelite/Tensile/KernelWriterBetaOnly.py': Couldn't use data file '/work/projects/hipblaslt/tensilelite/.coverage.mA4_cpu': no such table: tracer (couldnt-parse); see https://coverage.readthedocs.io/en/7.14.1/messages.html#warning-couldnt-parse
  coverage._warn(msg, slug="couldnt-parse")
/opt/python/cp312-cp312/lib/python3.12/site-packages/coverage/report_core.py:113: CoverageWarning: Couldn't parse '/work/projects/hipblaslt/tensilelite/Tensile/KernelWriterConversion.py': Couldn't use data file '/work/projects/hipblaslt/tensilelite/.coverage.mA4_cpu': no such table: tracer (couldnt-parse); see https://coverage.readthedocs.io/en/7.14.1/messages.html#warning-couldnt-parse
  coverage._warn(msg, slug="couldnt-parse")
/opt/python/cp312-cp312/lib/python3.12/site-packages/coverage/report_core.py:113: CoverageWarning: Couldn't parse '/work/projects/hipblaslt/tensilelite/Tensile/KernelWriterModules.py': Couldn't use data file '/work/projects/hipblaslt/tensilelite/.coverage.mA4_cpu': no such table: tracer (couldnt-parse); see https://coverage.readthedocs.io/en/7.14.1/messages.html#warning-couldnt-parse
  coverage._warn(msg, slug="couldnt-parse")
/opt/python/cp312-cp312/lib/python3.12/site-packages/coverage/report_core.py:113: CoverageWarning: Couldn't parse '/work/projects/hipblaslt/tensilelite/Tensile/KernelWriterReduction.py': Couldn't use data file '/work/projects/hipblaslt/tensilelite/.coverage.mA4_cpu': no such table: tracer (couldnt-parse); see https://coverage.readthedocs.io/en/7.14.1/messages.html#warning-couldnt-parse
  coverage._warn(msg, slug="couldnt-parse")
/opt/python/cp312-cp312/lib/python3.12/site-packages/coverage/report_core.py:113: CoverageWarning: Couldn't parse '/work/projects/hipblaslt/tensilelite/Tensile/LibraryIO.py': Couldn't use data file '/work/projects/hipblaslt/tensilelite/.coverage.mA4_cpu': no such table: tracer (couldnt-parse); see https://coverage.readthedocs.io/en/7.14.1/messages.html#warning-couldnt-parse
  coverage._warn(msg, slug="couldnt-parse")
/opt/python/cp312-cp312/lib/python3.12/site-packages/coverage/report_core.py:113: CoverageWarning: Couldn't parse '/work/projects/hipblaslt/tensilelite/Tensile/LibraryLogic.py': Couldn't use data file '/work/projects/hipblaslt/tensilelite/.coverage.mA4_cpu': no such table: tracer (couldnt-parse); see https://coverage.readthedocs.io/en/7.14.1/messages.html#warning-couldnt-parse
  coverage._warn(msg, slug="couldnt-parse")
/opt/python/cp312-cp312/lib/python3.12/site-packages/coverage/report_core.py:113: CoverageWarning: Couldn't parse '/work/projects/hipblaslt/tensilelite/Tensile/ParallelExecution.py': Couldn't use data file '/work/projects/hipblaslt/tensilelite/.coverage.mA4_cpu': no such table: tracer (couldnt-parse); see https://coverage.readthedocs.io/en/7.14.1/messages.html#warning-couldnt-parse
  coverage._warn(msg, slug="couldnt-parse")
/opt/python/cp312-cp312/lib/python3.12/site-packages/coverage/report_core.py:113: CoverageWarning: Couldn't parse '/work/projects/hipblaslt/tensilelite/Tensile/Properties.py': Couldn't use data file '/work/projects/hipblaslt/tensilelite/.coverage.mA4_cpu': no such table: tracer (couldnt-parse); see https://coverage.readthedocs.io/en/7.14.1/messages.html#warning-couldnt-parse
  coverage._warn(msg, slug="couldnt-parse")
/opt/python/cp312-cp312/lib/python3.12/site-packages/coverage/report_core.py:113: CoverageWarning: Couldn't parse '/work/projects/hipblaslt/tensilelite/Tensile/SolutionLibrary.py': Couldn't use data file '/work/projects/hipblaslt/tensilelite/.coverage.mA4_cpu': no such table: tracer (couldnt-parse); see https://coverage.readthedocs.io/en/7.14.1/messages.html#warning-couldnt-parse
  coverage._warn(msg, slug="couldnt-parse")
/opt/python/cp312-cp312/lib/python3.12/site-packages/coverage/report_core.py:113: CoverageWarning: Couldn't parse '/work/projects/hipblaslt/tensilelite/Tensile/SolutionSelectionLibrary.py': Couldn't use data file '/work/projects/hipblaslt/tensilelite/.coverage.mA4_cpu': no such table: tracer (couldnt-parse); see https://coverage.readthedocs.io/en/7.14.1/messages.html#warning-couldnt-parse
  coverage._warn(msg, slug="couldnt-parse")
/opt/python/cp312-cp312/lib/python3.12/site-packages/coverage/report_core.py:113: CoverageWarning: Couldn't parse '/work/projects/hipblaslt/tensilelite/Tensile/SolutionStructs/LdsPadding.py': Couldn't use data file '/work/projects/hipblaslt/tensilelite/.coverage.mA4_cpu': no such table: tracer (couldnt-parse); see https://coverage.readthedocs.io/en/7.14.1/messages.html#warning-couldnt-parse
  coverage._warn(msg, slug="couldnt-parse")
/opt/python/cp312-cp312/lib/python3.12/site-packages/coverage/report_core.py:113: CoverageWarning: Couldn't parse '/work/projects/hipblaslt/tensilelite/Tensile/SolutionStructs/Naming.py': Couldn't use data file '/work/projects/hipblaslt/tensilelite/.coverage.mA4_cpu': no such table: tracer (couldnt-parse); see https://coverage.readthedocs.io/en/7.14.1/messages.html#warning-couldnt-parse
  coverage._warn(msg, slug="couldnt-parse")
/opt/python/cp312-cp312/lib/python3.12/site-packages/coverage/report_core.py:113: CoverageWarning: Couldn't parse '/work/projects/hipblaslt/tensilelite/Tensile/SolutionStructs/Problem.py': Couldn't use data file '/work/projects/hipblaslt/tensilelite/.coverage.mA4_cpu': no such table: tracer (couldnt-parse); see https://coverage.readthedocs.io/en/7.14.1/messages.html#warning-couldnt-parse
  coverage._warn(msg, slug="couldnt-parse")
/opt/python/cp312-cp312/lib/python3.12/site-packages/coverage/report_core.py:113: CoverageWarning: Couldn't parse '/work/projects/hipblaslt/tensilelite/Tensile/SolutionStructs/Solution.py': Couldn't use data file '/work/projects/hipblaslt/tensilelite/.coverage.mA4_cpu': no such table: tracer (couldnt-parse); see https://coverage.readthedocs.io/en/7.14.1/messages.html#warning-couldnt-parse
  coverage._warn(msg, slug="couldnt-parse")
/opt/python/cp312-cp312/lib/python3.12/site-packages/coverage/report_core.py:113: CoverageWarning: Couldn't parse '/work/projects/hipblaslt/tensilelite/Tensile/SolutionStructs/Utilities.py': Couldn't use data file '/work/projects/hipblaslt/tensilelite/.coverage.mA4_cpu': no such table: tracer (couldnt-parse); see https://coverage.readthedocs.io/en/7.14.1/messages.html#warning-couldnt-parse
  coverage._warn(msg, slug="couldnt-parse")
/opt/python/cp312-cp312/lib/python3.12/site-packages/coverage/report_core.py:113: CoverageWarning: Couldn't parse '/work/projects/hipblaslt/tensilelite/Tensile/SolutionStructs/Validators/MXScaleFormat.py': Couldn't use data file '/work/projects/hipblaslt/tensilelite/.coverage.mA4_cpu': no such table: tracer (couldnt-parse); see https://coverage.readthedocs.io/en/7.14.1/messages.html#warning-couldnt-parse
  coverage._warn(msg, slug="couldnt-parse")
/opt/python/cp312-cp312/lib/python3.12/site-packages/coverage/report_core.py:113: CoverageWarning: Couldn't parse '/work/projects/hipblaslt/tensilelite/Tensile/SolutionStructs/Validators/MatrixInstruction.py': Couldn't use data file '/work/projects/hipblaslt/tensilelite/.coverage.mA4_cpu': no such table: tracer (couldnt-parse); see https://coverage.readthedocs.io/en/7.14.1/messages.html#warning-couldnt-parse
  coverage._warn(msg, slug="couldnt-parse")
/opt/python/cp312-cp312/lib/python3.12/site-packages/coverage/report_core.py:113: CoverageWarning: Couldn't parse '/work/projects/hipblaslt/tensilelite/Tensile/SolutionStructs/__init__.py': Couldn't use data file '/work/projects/hipblaslt/tensilelite/.coverage.mA4_cpu': no such table: tracer (couldnt-parse); see https://coverage.readthedocs.io/en/7.14.1/messages.html#warning-couldnt-parse
  coverage._warn(msg, slug="couldnt-parse")
/opt/python/cp312-cp312/lib/python3.12/site-packages/coverage/report_core.py:113: CoverageWarning: Couldn't parse '/work/projects/hipblaslt/tensilelite/Tensile/Tensile.py': Couldn't use data file '/work/projects/hipblaslt/tensilelite/.coverage.mA4_cpu': no such table: tracer (couldnt-parse); see https://coverage.readthedocs.io/en/7.14.1/messages.html#warning-couldnt-parse
  coverage._warn(msg, slug="couldnt-parse")
/opt/python/cp312-cp312/lib/python3.12/site-packages/coverage/report_core.py:113: CoverageWarning: Couldn't parse '/work/projects/hipblaslt/tensilelite/Tensile/TensileBenchmarkCluster.py': Couldn't use data file '/work/projects/hipblaslt/tensilelite/.coverage.mA4_cpu': no such table: tracer (couldnt-parse); see https://coverage.readthedocs.io/en/7.14.1/messages.html#warning-couldnt-parse
  coverage._warn(msg, slug="couldnt-parse")
/opt/python/cp312-cp312/lib/python3.12/site-packages/coverage/report_core.py:113: CoverageWarning: Couldn't parse '/work/projects/hipblaslt/tensilelite/Tensile/TensileBenchmarkClusterScripts.py': Couldn't use data file '/work/projects/hipblaslt/tensilelite/.coverage.mA4_cpu': no such table: tracer (couldnt-parse); see https://coverage.readthedocs.io/en/7.14.1/messages.html#warning-couldnt-parse
  coverage._warn(msg, slug="couldnt-parse")
/opt/python/cp312-cp312/lib/python3.12/site-packages/coverage/report_core.py:113: CoverageWarning: Couldn't parse '/work/projects/hipblaslt/tensilelite/Tensile/TensileBenchmarkLibraryClient.py': Couldn't use data file '/work/projects/hipblaslt/tensilelite/.coverage.mA4_cpu': no such table: tracer (couldnt-parse); see https://coverage.readthedocs.io/en/7.14.1/messages.html#warning-couldnt-parse
  coverage._warn(msg, slug="couldnt-parse")
/opt/python/cp312-cp312/lib/python3.12/site-packages/coverage/report_core.py:113: CoverageWarning: Couldn't parse '/work/projects/hipblaslt/tensilelite/Tensile/TensileCreateLibrary/ParseArguments.py': Couldn't use data file '/work/projects/hipblaslt/tensilelite/.coverage.mA4_cpu': no such table: tracer (couldnt-parse); see https://coverage.readthedocs.io/en/7.14.1/messages.html#warning-couldnt-parse
  coverage._warn(msg, slug="couldnt-parse")
/opt/python/cp312-cp312/lib/python3.12/site-packages/coverage/report_core.py:113: CoverageWarning: Couldn't parse '/work/projects/hipblaslt/tensilelite/Tensile/TensileCreateLibrary/Run.py': Couldn't use data file '/work/projects/hipblaslt/tensilelite/.coverage.mA4_cpu': no such table: tracer (couldnt-parse); see https://coverage.readthedocs.io/en/7.14.1/messages.html#warning-couldnt-parse
  coverage._warn(msg, slug="couldnt-parse")
/opt/python/cp312-cp312/lib/python3.12/site-packages/coverage/report_core.py:113: CoverageWarning: Couldn't parse '/work/projects/hipblaslt/tensilelite/Tensile/TensileCreateLibrary/__init__.py': Couldn't use data file '/work/projects/hipblaslt/tensilelite/.coverage.mA4_cpu': no such table: tracer (couldnt-parse); see https://coverage.readthedocs.io/en/7.14.1/messages.html#warning-couldnt-parse
  coverage._warn(msg, slug="couldnt-parse")
/opt/python/cp312-cp312/lib/python3.12/site-packages/coverage/report_core.py:113: CoverageWarning: Couldn't parse '/work/projects/hipblaslt/tensilelite/Tensile/TensileCreateLibrary/__main__.py': Couldn't use data file '/work/projects/hipblaslt/tensilelite/.coverage.mA4_cpu': no such table: tracer (couldnt-parse); see https://coverage.readthedocs.io/en/7.14.1/messages.html#warning-couldnt-parse
  coverage._warn(msg, slug="couldnt-parse")
/opt/python/cp312-cp312/lib/python3.12/site-packages/coverage/report_core.py:113: CoverageWarning: Couldn't parse '/work/projects/hipblaslt/tensilelite/Tensile/TensileLibLogicToYaml.py': Couldn't use data file '/work/projects/hipblaslt/tensilelite/.coverage.mA4_cpu': no such table: tracer (couldnt-parse); see https://coverage.readthedocs.io/en/7.14.1/messages.html#warning-couldnt-parse
  coverage._warn(msg, slug="couldnt-parse")
/opt/python/cp312-cp312/lib/python3.12/site-packages/coverage/report_core.py:113: CoverageWarning: Couldn't parse '/work/projects/hipblaslt/tensilelite/Tensile/TensileLogic/HandleCustomKernel.py': Couldn't use data file '/work/projects/hipblaslt/tensilelite/.coverage.mA4_cpu': no such table: tracer (couldnt-parse); see https://coverage.readthedocs.io/en/7.14.1/messages.html#warning-couldnt-parse
  coverage._warn(msg, slug="couldnt-parse")
/opt/python/cp312-cp312/lib/python3.12/site-packages/coverage/report_core.py:113: CoverageWarning: Couldn't parse '/work/projects/hipblaslt/tensilelite/Tensile/TensileLogic/KnownBugs.py': Couldn't use data file '/work/projects/hipblaslt/tensilelite/.coverage.mA4_cpu': no such table: tracer (couldnt-parse); see https://coverage.readthedocs.io/en/7.14.1/messages.html#warning-couldnt-parse
  coverage._warn(msg, slug="couldnt-parse")
/opt/python/cp312-cp312/lib/python3.12/site-packages/coverage/report_core.py:113: CoverageWarning: Couldn't parse '/work/projects/hipblaslt/tensilelite/Tensile/TensileLogic/ParseArguments.py': Couldn't use data file '/work/projects/hipblaslt/tensilelite/.coverage.mA4_cpu': no such table: tracer (couldnt-parse); see https://coverage.readthedocs.io/en/7.14.1/messages.html#warning-couldnt-parse
  coverage._warn(msg, slug="couldnt-parse")
/opt/python/cp312-cp312/lib/python3.12/site-packages/coverage/report_core.py:113: CoverageWarning: Couldn't parse '/work/projects/hipblaslt/tensilelite/Tensile/TensileLogic/Run.py': Couldn't use data file '/work/projects/hipblaslt/tensilelite/.coverage.mA4_cpu': no such table: tracer (couldnt-parse); see https://coverage.readthedocs.io/en/7.14.1/messages.html#warning-couldnt-parse
  coverage._warn(msg, slug="couldnt-parse")
/opt/python/cp312-cp312/lib/python3.12/site-packages/coverage/report_core.py:113: CoverageWarning: Couldn't parse '/work/projects/hipblaslt/tensilelite/Tensile/TensileLogic/ValidChipId.py': Couldn't use data file '/work/projects/hipblaslt/tensilelite/.coverage.mA4_cpu': no such table: tracer (couldnt-parse); see https://coverage.readthedocs.io/en/7.14.1/messages.html#warning-couldnt-parse
  coverage._warn(msg, slug="couldnt-parse")
/opt/python/cp312-cp312/lib/python3.12/site-packages/coverage/report_core.py:113: CoverageWarning: Couldn't parse '/work/projects/hipblaslt/tensilelite/Tensile/TensileLogic/ValidMatrixInstruction.py': Couldn't use data file '/work/projects/hipblaslt/tensilelite/.coverage.mA4_cpu': no such table: tracer (couldnt-parse); see https://coverage.readthedocs.io/en/7.14.1/messages.html#warning-couldnt-parse
  coverage._warn(msg, slug="couldnt-parse")
/opt/python/cp312-cp312/lib/python3.12/site-packages/coverage/report_core.py:113: CoverageWarning: Couldn't parse '/work/projects/hipblaslt/tensilelite/Tensile/TensileLogic/ValidWorkGroup.py': Couldn't use data file '/work/projects/hipblaslt/tensilelite/.coverage.mA4_cpu': no such table: tracer (couldnt-parse); see https://coverage.readthedocs.io/en/7.14.1/messages.html#warning-couldnt-parse
  coverage._warn(msg, slug="couldnt-parse")
/opt/python/cp312-cp312/lib/python3.12/site-packages/coverage/report_core.py:113: CoverageWarning: Couldn't parse '/work/projects/hipblaslt/tensilelite/Tensile/TensileLogic/ValidWorkGroupMappingXCC.py': Couldn't use data file '/work/projects/hipblaslt/tensilelite/.coverage.mA4_cpu': no such table: tracer (couldnt-parse); see https://coverage.readthedocs.io/en/7.14.1/messages.html#warning-couldnt-parse
  coverage._warn(msg, slug="couldnt-parse")
/opt/python/cp312-cp312/lib/python3.12/site-packages/coverage/report_core.py:113: CoverageWarning: Couldn't parse '/work/projects/hipblaslt/tensilelite/Tensile/TensileLogic/__init__.py': Couldn't use data file '/work/projects/hipblaslt/tensilelite/.coverage.mA4_cpu': no such table: tracer (couldnt-parse); see https://coverage.readthedocs.io/en/7.14.1/messages.html#warning-couldnt-parse
  coverage._warn(msg, slug="couldnt-parse")
/opt/python/cp312-cp312/lib/python3.12/site-packages/coverage/report_core.py:113: CoverageWarning: Couldn't parse '/work/projects/hipblaslt/tensilelite/Tensile/TensileMergeLibrary.py': Couldn't use data file '/work/projects/hipblaslt/tensilelite/.coverage.mA4_cpu': no such table: tracer (couldnt-parse); see https://coverage.readthedocs.io/en/7.14.1/messages.html#warning-couldnt-parse
  coverage._warn(msg, slug="couldnt-parse")
/opt/python/cp312-cp312/lib/python3.12/site-packages/coverage/report_core.py:113: CoverageWarning: Couldn't parse '/work/projects/hipblaslt/tensilelite/Tensile/TensileRetuneLibrary.py': Couldn't use data file '/work/projects/hipblaslt/tensilelite/.coverage.mA4_cpu': no such table: tracer (couldnt-parse); see https://coverage.readthedocs.io/en/7.14.1/messages.html#warning-couldnt-parse
  coverage._warn(msg, slug="couldnt-parse")
/opt/python/cp312-cp312/lib/python3.12/site-packages/coverage/report_core.py:113: CoverageWarning: Couldn't parse '/work/projects/hipblaslt/tensilelite/Tensile/TensileUpdateLibrary.py': Couldn't use data file '/work/projects/hipblaslt/tensilelite/.coverage.mA4_cpu': no such table: tracer (couldnt-parse); see https://coverage.readthedocs.io/en/7.14.1/messages.html#warning-couldnt-parse
  coverage._warn(msg, slug="couldnt-parse")
/opt/python/cp312-cp312/lib/python3.12/site-packages/coverage/report_core.py:113: CoverageWarning: Couldn't parse '/work/projects/hipblaslt/tensilelite/Tensile/Toolchain/Assembly.py': Couldn't use data file '/work/projects/hipblaslt/tensilelite/.coverage.mA4_cpu': no such table: tracer (couldnt-parse); see https://coverage.readthedocs.io/en/7.14.1/messages.html#warning-couldnt-parse
  coverage._warn(msg, slug="couldnt-parse")
/opt/python/cp312-cp312/lib/python3.12/site-packages/coverage/report_core.py:113: CoverageWarning: Couldn't parse '/work/projects/hipblaslt/tensilelite/Tensile/Toolchain/Component.py': Couldn't use data file '/work/projects/hipblaslt/tensilelite/.coverage.mA4_cpu': no such table: tracer (couldnt-parse); see https://coverage.readthedocs.io/en/7.14.1/messages.html#warning-couldnt-parse
  coverage._warn(msg, slug="couldnt-parse")
/opt/python/cp312-cp312/lib/python3.12/site-packages/coverage/report_core.py:113: CoverageWarning: Couldn't parse '/work/projects/hipblaslt/tensilelite/Tensile/Toolchain/HelperKernelCache.py': Couldn't use data file '/work/projects/hipblaslt/tensilelite/.coverage.mA4_cpu': no such table: tracer (couldnt-parse); see https://coverage.readthedocs.io/en/7.14.1/messages.html#warning-couldnt-parse
  coverage._warn(msg, slug="couldnt-parse")
/opt/python/cp312-cp312/lib/python3.12/site-packages/coverage/report_core.py:113: CoverageWarning: Couldn't parse '/work/projects/hipblaslt/tensilelite/Tensile/Toolchain/Source.py': Couldn't use data file '/work/projects/hipblaslt/tensilelite/.coverage.mA4_cpu': no such table: tracer (couldnt-parse); see https://coverage.readthedocs.io/en/7.14.1/messages.html#warning-couldnt-parse
  coverage._warn(msg, slug="couldnt-parse")
/opt/python/cp312-cp312/lib/python3.12/site-packages/coverage/report_core.py:113: CoverageWarning: Couldn't parse '/work/projects/hipblaslt/tensilelite/Tensile/Toolchain/Validators.py': Couldn't use data file '/work/projects/hipblaslt/tensilelite/.coverage.mA4_cpu': no such table: tracer (couldnt-parse); see https://coverage.readthedocs.io/en/7.14.1/messages.html#warning-couldnt-parse
  coverage._warn(msg, slug="couldnt-parse")
/opt/python/cp312-cp312/lib/python3.12/site-packages/coverage/report_core.py:113: CoverageWarning: Couldn't parse '/work/projects/hipblaslt/tensilelite/Tensile/Toolchain/__init__.py': Couldn't use data file '/work/projects/hipblaslt/tensilelite/.coverage.mA4_cpu': no such table: tracer (couldnt-parse); see https://coverage.readthedocs.io/en/7.14.1/messages.html#warning-couldnt-parse
  coverage._warn(msg, slug="couldnt-parse")
/opt/python/cp312-cp312/lib/python3.12/site-packages/coverage/report_core.py:113: CoverageWarning: Couldn't parse '/work/projects/hipblaslt/tensilelite/Tensile/Utilities/Decorators/Profile.py': Couldn't use data file '/work/projects/hipblaslt/tensilelite/.coverage.mA4_cpu': no such table: tracer (couldnt-parse); see https://coverage.readthedocs.io/en/7.14.1/messages.html#warning-couldnt-parse
  coverage._warn(msg, slug="couldnt-parse")
/opt/python/cp312-cp312/lib/python3.12/site-packages/coverage/report_core.py:113: CoverageWarning: Couldn't parse '/work/projects/hipblaslt/tensilelite/Tensile/Utilities/Decorators/Shared.py': Couldn't use data file '/work/projects/hipblaslt/tensilelite/.coverage.mA4_cpu': no such table: tracer (couldnt-parse); see https://coverage.readthedocs.io/en/7.14.1/messages.html#warning-couldnt-parse
  coverage._warn(msg, slug="couldnt-parse")
/opt/python/cp312-cp312/lib/python3.12/site-packages/coverage/report_core.py:113: CoverageWarning: Couldn't parse '/work/projects/hipblaslt/tensilelite/Tensile/Utilities/Decorators/Timing.py': Couldn't use data file '/work/projects/hipblaslt/tensilelite/.coverage.mA4_cpu': no such table: tracer (couldnt-parse); see https://coverage.readthedocs.io/en/7.14.1/messages.html#warning-couldnt-parse
  coverage._warn(msg, slug="couldnt-parse")
/opt/python/cp312-cp312/lib/python3.12/site-packages/coverage/report_core.py:113: CoverageWarning: Couldn't parse '/work/projects/hipblaslt/tensilelite/Tensile/__init__.py': Couldn't use data file '/work/projects/hipblaslt/tensilelite/.coverage.mA4_cpu': no such table: tracer (couldnt-parse); see https://coverage.readthedocs.io/en/7.14.1/messages.html#warning-couldnt-parse
  coverage._warn(msg, slug="couldnt-parse")
/opt/python/cp312-cp312/lib/python3.12/site-packages/coverage/report_core.py:113: CoverageWarning: Couldn't parse '/work/projects/hipblaslt/tensilelite/Tensile/verify_stinky_comment_vs_elf_text.py': Couldn't use data file '/work/projects/hipblaslt/tensilelite/.coverage.mA4_cpu': no such table: tracer (couldnt-parse); see https://coverage.readthedocs.io/en/7.14.1/messages.html#warning-couldnt-parse
  coverage._warn(msg, slug="couldnt-parse")
/opt/python/cp312-cp312/lib/python3.12/site-packages/coverage/report_core.py:113: CoverageWarning: Couldn't parse '/work/projects/hipblaslt/tensilelite/rocisa/rocisa/__init__.py': Couldn't use data file '/work/projects/hipblaslt/tensilelite/.coverage.mA4_cpu': no such table: tracer (couldnt-parse); see https://coverage.readthedocs.io/en/7.14.1/messages.html#warning-couldnt-parse
  coverage._warn(msg, slug="couldnt-parse")
/opt/python/cp312-cp312/lib/python3.12/site-packages/pytest_cov/plugin.py:366: CovReportWarning: Failed to generate report: Couldn't use data file '/work/projects/hipblaslt/tensilelite/.coverage.mA4_cpu': no such table: tracer

  warnings.warn(CovReportWarning(message), stacklevel=1)

WARNING: Failed to generate report: Couldn't use data file '/work/projects/hipblaslt/tensilelite/.coverage.mA4_cpu': no such table: tracer

                                                                         [100%]
================================ tests coverage ================================
_______________ coverage: platform linux, python 3.12.10-final-0 _______________

17 passed in 22.98s
