..................................................                       [100%]
================================ tests coverage ================================
_______________ coverage: platform linux, python 3.12.10-final-0 _______________

Name                                                  Stmts   Miss Branch BrPart   Cover   Missing
--------------------------------------------------------------------------------------------------
Tensile/BenchmarkProblems.py                            385    385    122      0   0.00%   25-789
Tensile/BenchmarkSplitter.py                            100    100     44      0   0.00%   25-194
Tensile/BenchmarkStructs.py                             196    196     88      0   0.00%   25-325
Tensile/ClientExecutable.py                              44     44      6      0   0.00%   25-93
Tensile/ClientWriter.py                                 518    518    238      0   0.00%   25-805
Tensile/Components/Subtile/InstructionEmitter.py        276    276     80      0   0.00%   10-551
Tensile/Components/Subtile/InstructionScheduler.py      279    279    134      0   0.00%   10-437
Tensile/Configuration.py                                491    491    178      0   0.00%   25-941
Tensile/EmbeddedData.py                                 131    131     42      0   0.00%   25-211
Tensile/GenerateSummations.py                           107    107     14      0   0.00%   25-188
Tensile/LibraryLogic.py                                 944    944    418      0   0.00%   25-1578
Tensile/ParallelExecution.py                            124    124     56      0   0.00%   110-325
Tensile/SolutionSelectionLibrary.py                     109    109     36      0   0.00%   25-166
Tensile/Tensile.py                                      369    369    126      0   0.00%   29-721
Tensile/TensileBenchmarkCluster.py                      192    192     12      0   0.00%   25-486
Tensile/TensileBenchmarkClusterScripts.py               286    286      0      0   0.00%   25-396
Tensile/TensileBenchmarkLibraryClient.py                114    114     22      0   0.00%   25-180
Tensile/TensileCreateLibrary/__main__.py                  1      1      0      0   0.00%   1
Tensile/TensileLibLogicToYaml.py                        199    199     50      0   0.00%   25-458
Tensile/TensileLogic/HandleCustomKernel.py               47     47     12      0   0.00%   26-123
Tensile/TensileLogic/KnownBugs.py                        43     43     24      0   0.00%   32-112
Tensile/TensileLogic/ParseArguments.py                   15     15      0      0   0.00%   25-89
Tensile/TensileLogic/Run.py                             133    133     42      0   0.00%   26-248
Tensile/TensileLogic/ValidChipId.py                      92     92     36      0   0.00%   32-207
Tensile/TensileLogic/ValidMatrixInstruction.py           12     12      0      0   0.00%   54-72
Tensile/TensileLogic/ValidWorkGroup.py                   11     11      0      0   0.00%   32-47
Tensile/TensileLogic/ValidWorkGroupMappingXCC.py         39     39     16      0   0.00%   34-90
Tensile/TensileLogic/__init__.py                          1      1      0      0   0.00%   1
Tensile/TensileMergeLibrary.py                          255    255     78      0   0.00%   25-373
Tensile/TensileRetuneLibrary.py                         130    130     26      0   0.00%   25-236
Tensile/TensileUpdateLibrary.py                          97     97     18      0   0.00%   25-165
rocisa/rocisa/__init__.py                                23     23      6      0   0.00%   4-56
Tensile/KernelWriterConversion.py                       801    784    386      0   1.43%   37-90, 93-191, 194-212, 216-849, 854-908, 912-913, 917-936, 940-957, 960-1035
Tensile/KernelWriterAssembly.py                       12283  11944   5570      0   1.90%   137-138, 141-159, 163-176, 179, 182-196, 201-212, 216-233, 239-242, 246-247, 256-257, 260-261, 264-265, 268, 275, 279, 282-284, 287-295, 298, 306-319, 326-353, 368-382, 385-386, 390-397, 404-435, 438-499, 502-508, 511-517, 520-522, 525-532, 536-541, 544-552, 555-556, 559-565, 568-571, 574-578, 581-585, 588-615, 620-629, 632-644, 653-664, 667-894, 902-904, 909-930, 933-937, 940-1866, 1870-1931, 1937-1980, 1984-2002, 2005-2061, 2064-2113, 2116-2162, 2165-2168, 2171-2967, 2970-3017, 3024-3042, 3048-3105, 3112-3139, 3145-3162, 3168-3170, 3176-3181, 3184-3190, 3193-3195, 3201-3344, 3350-3458, 3466-3495, 3502-3562, 3569-3598, 3605-3656, 3662-3746, 3752-3918, 3925-4099, 4102-4192, 4202-4485, 4496-4580, 4593-4919, 4925-4975, 4982-5094, 5100-5303, 5309-5312, 5318-5466, 5472-5503, 5509-5622, 5629-5672, 5678-5709, 5712-5722, 5725-5741, 5744-5768, 5776-5778, 5786-5804, 5810-5884, 5887, 5894-5971, 5981-5985, 5988-6100, 6116-6146, 6175-6194, 6197-6255, 6261-6267, 6273-6277, 6288-6380, 6383-6454, 6457-6479, 6483-6568, 6576-7010, 7026-7044, 7047-7070, 7079-7248, 7254-7257, 7260-7282, 7288-7435, 7438-7452, 7459-7811, 7817-8148, 8151-8158, 8164, 8167-8248, 8254-8366, 8372-8378, 8381-8387, 8393-9473, 9482-9654, 9658-9739, 9744-9780, 9783-9816, 9830-9854, 9864-9990, 9993-10031, 10040-10741, 10748-10879, 10885-10920, 10927-11299, 11302-11327, 11333-11438, 11445-11590, 11619-11697, 11701-11737, 11740-11828, 11834-11857, 11860-11876, 11882-12433, 12441-12508, 12517-12588, 12594-12624, 12630-12825, 12835-12842, 12849-12873, 12879-12903, 12908-12910, 12918-13095, 13103-13112, 13119-13164, 13167-13208, 13214-13353, 13357-13366, 13369-13394, 13397-13410, 13413, 13420-13518, 13523-13560, 13565-13576, 13579-13581, 13589-13591, 13601-13614, 13620-13745, 13751-13889, 13902-13913, 13919-13959, 13967-13996, 14007-14206, 14214-14227, 14235-14257, 14275-14364, 14391-14480, 14488-14546, 14554-14570, 14614-15427, 15430-15436, 15441-15449, 15455-15600, 15614-15821, 15836-15970, 15983-16059, 16067-16077, 16085-16105, 16108-16133, 16136-16148, 16156-16287, 16293-16354, 16365-16367, 16377-16384, 16387-16405, 16411-16421, 16424-16434, 16437-16440, 16443-16445, 16448-16461, 16464-16514, 16517-16568, 16571-16707, 16714-16747, 16760-16982, 16988-17025, 17028-17050, 17053-17107, 17110-17136, 17139-17232, 17235-17256, 17263-17287, 17292-17311, 17314-17328, 17332-17370, 17374-17387, 17393-17407, 17413-17469, 17475-17491, 17497, 17504-17525, 17531-17551, 17554-17608, 17620-17627, 17638-17645, 17656-17663, 17669-17673, 17676-17681, 17684-17688, 17691-17709, 17712-17714, 17717-17719, 17722-17726, 17730-17754, 17757, 17760-17763, 17766-17770, 17773-18045, 18048-18074, 18077-18204, 18207-18369, 18373-18389, 18392-18394, 18397-18416, 18419-18432, 18435-18496, 18499-18577, 18580-18588, 18591-18605, 18608-18672, 18676-18732, 18736-18738, 18741-18747, 18750-18768, 18771-18776, 18780-18789
Tensile/Components/LocalRead.py                        1140   1107    572      0   1.93%   46-153, 161-164, 217-225, 229-237, 240-304, 336-345, 349-354, 359-369, 372-374, 377-378, 381-383, 386-390, 394-412, 415-433, 436-450, 456-472, 475-529, 532-558, 561-613, 622-1745
Tensile/Components/WorkGroupMappingAlgos.py             609    594    128      0   2.04%   43-90, 93-229, 232-314, 317-364, 369-410, 430-628, 655-763, 781-808, 817-841, 850-1037
Tensile/Components/ShiftVectorComponents.py             550    533    124      0   2.52%   47-200, 216-240, 266-546, 552-784
Tensile/Components/GlobalWriteBatch.py                 1657   1593    836      0   2.57%   65, 77-134, 140, 144, 148, 152, 156, 160, 164, 168, 171, 174, 177, 180, 183-195, 198-298, 305-331, 334-754, 758-836, 839-846, 853-1555, 1593-1609, 1642-1697, 1705-1713, 1759-1810, 1835-1933, 1965-2106, 2111-2135, 2141-2368, 2371-2379, 2382-2383, 2386-2492, 2495-2657, 2660-2697, 2700-2713, 2717-2749
Tensile/SolutionStructs/Solution.py                    3272   3137   2234      4   2.74%   88-162, 182->179, 220, 229, 266-285, 304-306, 354-362, 372-384, 396, 401-420, 428-429, 432-439, 460-526, 545, 551, 555-571, 578-911, 923-940, 953-1054, 1064-1069, 1076-1090, 1096, 1104-1270, 1276-1399, 1403-1414, 1427-2487, 2507-5167, 5172-5176, 5186, 5189, 5192, 5195, 5198-5199, 5210, 5218, 5220, 5227-5230
Tensile/AsmAddressCalculation.py                        443    424    226      0   2.84%   44-90, 97-103, 114-160, 163-170, 173-182, 187-245, 252-511, 518-553, 567-691, 698-775, 779-816, 825-882
Tensile/AsmStoreState.py                                638    604    294      0   3.65%   49, 52, 55, 73-138, 142-388, 400-476, 480-768, 772-1064, 1067-1074, 1077-1091, 1095-1119
Tensile/Components/LSU.py                               378    358    120      0   4.02%   48, 51, 54-134, 140-410, 416-554, 561-601
Tensile/KernelWriterBetaOnly.py                         227    214     86      0   4.15%   34-63, 67-120, 127-292, 297-313, 317-318, 322-332, 335-345
Tensile/Components/SIA.py                               811    761    354      0   4.29%   40, 44-91, 98, 102-119, 126, 130-147, 154, 158-162, 179-193, 196-199, 202-308, 311-407, 413-448, 460-477, 480-486, 489-505, 517-527, 533-606, 609-641, 645-669, 672-681, 684-723, 735-751, 755-794, 808-836, 842-942, 945-954, 957-962, 965-973, 979-1181, 1184-1251, 1263-1277
Tensile/KernelWriterModules.py                          217    202    102      0   4.70%   34-50, 68-133, 139-157, 160-170, 173-174, 184-205, 208-209, 216-272, 279-335, 342-378
Tensile/Components/GSU.py                              1294   1203    456      0   5.20%   64-89, 104-142, 157-177, 201, 204-205, 208-209, 212-252, 255-256, 259-260, 263-266, 269-270, 273-274, 277-278, 281-283, 286-287, 292-293, 296-297, 300-301, 311, 314, 317-370, 373-429, 432-517, 520-529, 532-543, 559-578, 581-588, 591-593, 596-655, 658-689, 692-718, 723-729, 732-747, 750-787, 790-803, 806-1052, 1055-1094, 1097-1109, 1113-1275, 1279-1406, 1409-1434, 1438-1891, 1894-1985
Tensile/KernelWriter.py                                6562   6031   3372      0   5.35%   383-401, 430-432, 481-606, 640-662, 671-696, 703-706, 708-720, 722-764, 767-832, 865-2566, 2572-2997, 3003-3011, 3018-3534, 3543-3653, 3662-4426, 4436-4467, 4475-4756, 4765, 4768-4770, 4773-4774, 4786-4811, 4817-6079, 6085-9008, 9015, 9022, 9029, 9036, 9043, 9050, 9064, 9067-9070, 9076-9079, 9085-9151, 9158, 9165, 9172, 9179, 9186, 9193, 9200, 9207, 9214, 9222, 9229, 9236, 9243, 9250, 9258, 9265, 9272, 9279, 9286, 9293, 9301, 9308, 9315, 9324, 9332, 9339, 9346, 9354, 9363, 9370, 9377, 9381, 9388, 9396, 9404, 9411, 9418, 9425, 9432, 9439, 9446, 9453, 9460, 9467, 9474, 9482, 9489, 9496, 9503, 9510, 9517, 9521, 9528, 9535, 9542, 9549, 9556, 9563, 9570, 9577, 9584, 9590-9593, 9601-9606, 9619-9636, 9653-9657, 9661-9663, 9666-9718, 9722, 9725, 9728, 9731, 9734, 9737, 9740, 9743, 9746, 9749, 9752, 9755, 9769-9786, 9790-9793, 9800-9806, 9812-9822, 9830, 9833, 9836, 9839, 9842, 9845, 9848, 9851, 9855-9860, 9866-9888, 9893-9900
Tensile/Components/SumUnroll.py                         199    183     66      0   6.04%   45, 48-67, 70-184, 192-324
Tensile/Components/StreamK.py                          1875   1717    476      0   6.72%   56-57, 63, 66-109, 142, 150-153, 184-186, 189, 192-199, 202, 216-224, 227-231, 234-243, 246, 254, 265-274, 277-287, 291, 303-308, 312-319, 322-361, 365-384, 389-418, 425-440, 447-497, 504-522, 529-541, 548-559, 566-612, 619-919, 926-986, 989-1011, 1014-1270, 1273-1289, 1299-1315, 1320-1519, 1522-1751, 1757-2186, 2196-2197, 2200-2201, 2204-2205, 2208-2209, 2212-2218, 2221-2222, 2225-2226, 2229-2266, 2269-2270, 2273-2274, 2277-2278, 2284-2319, 2322-2336, 2339-2341, 2344-2347, 2350-2352, 2355-2357, 2360-2362, 2365-2367, 2370-2372, 2375-2377, 2380-2381, 2387-2447, 2450-2503, 2506-2508, 2511-2513, 2516-2518, 2521-2523, 2526-2528, 2531-2533, 2536-2538, 2541-2543, 2546-2547, 2553-2732, 2735-2845, 2848-2850, 2853-2855, 2858-2860, 2863-2865, 2868-2870, 2873-2875, 2878-2880, 2883-2885, 2888-2889, 2895-2912, 2915-3091, 3094-3096, 3099-3101, 3104-3106, 3109-3111, 3114-3116, 3119-3121, 3124-3131, 3134-3139, 3142-3215, 3219-3248, 3251-3258
Tensile/SolutionStructs/Problem.py                      601    537    332      1   7.18%   42-150, 176-182, 199-214, 223-227, 240-260, 273, 277, 283-369, 378-387, 390-399, 712-750, 778-799, 807, 810-1025, 1033-1040, 1044-1077, 1081, 1087-1226, 1339, 1341, 1343, 1351, 1353, 1355, 1357-1360, 1363-1366, 1377->1374
Tensile/Components/ComputeStoreVgprs.py                 198    180     42      0   7.50%   46-126, 147-252, 273-373
Tensile/Components/TensorDataMover.py                   425    381    128      0   7.96%   23, 29-116, 119-214, 217-235, 238-256, 259-275, 278-281, 284, 287-294, 297-301, 307-310, 313-316, 319-365, 368-414, 417-466, 469-473, 476-480, 483-498, 501-505, 508-510, 513-517, 520-523, 527-531, 535-537
Tensile/CustomYamlLoader.py                             117    104     42      0   8.18%   9-11, 14-19, 22-29, 32-46, 49-53, 56-75, 78-88, 91-115, 118-143, 146-155
Tensile/Activation.py                                  1037    896    520      1   9.25%   116-128, 198-209, 220-230, 235, 237-243, 246, 249-260, 272, 274-279, 282, 297, 346, 350-394, 397-407, 410-413, 416-420, 423, 426, 429, 432, 435, 438, 449-450, 453-455, 458-460, 463-472, 483-502, 505-544, 547-574, 577-640, 643-674, 677-693, 696-728, 731-788, 791-853, 856-864, 867-881, 884-900, 903-929, 940-954, 957-978, 992-996, 1000-1016, 1019-1025, 1028-1120, 1124-1125, 1129-1157, 1161-1162, 1166-1198, 1201-1214, 1217-1226, 1237-1248, 1251, 1254-1262, 1265-1273, 1276-1291, 1294-1295, 1299-1301, 1304-1317, 1320-1329, 1333-1434, 1437-1454, 1457-1471
Tensile/Contractions.py                                 544    470    214      0   9.76%   45-48, 54-57, 63-66, 78-293, 296-302, 306-343, 347-352, 359-370, 373-419, 426-433, 438-441, 445-453, 457-459, 464-490, 494-597, 601-606, 667-700, 757-760, 763-764, 779-780, 788-789, 817, 840-905, 909, 912-928, 931
Tensile/verify_stinky_comment_vs_elf_text.py            118    101     54      0   9.88%   53-77, 82-105, 110-133, 138-141, 149-188, 193-209
Tensile/Components/Subtile/SubtileScaleEmit.py          186    165     26      0   9.91%   37, 77-92, 101, 174-191, 200-207, 216-222, 227-233, 259-295, 305-310, 326-347, 377, 380-411, 420-445, 460-478, 482-494, 500-501, 510-537
Tensile/Components/Signature.py                         222    190     98      0  10.00%   61-63, 67-76, 83-324, 327-335
Tensile/Components/PackData.py                          263    228     84      0  10.09%   40-43, 48-78, 83-136, 141-166, 171-196, 201-227, 232-258, 263-347, 354
Tensile/SolutionStructs/LdsPadding.py                   212    180     98      0  10.32%   63-68, 72-77, 94-125, 137-169, 179-190, 196, 205-209, 212, 221-223, 226, 232, 237-252, 258-261, 278-314, 319, 330-337, 341-352, 360-369, 383-390, 397, 404-409, 412
Tensile/Components/Subtile/LogicalScheduler.py         1648   1395    766      0  10.48%   80, 94, 98, 101-104, 107, 124-127, 159-182, 186-189, 192-205, 209, 213, 217, 221, 225, 229, 239-253, 277, 298, 318, 371, 385, 395, 407, 419, 431, 451, 455, 472, 503, 516-528, 544-547, 566-601, 605-613, 617-622, 630-654, 661-733, 755-849, 866-914, 925-940, 951-956, 965-1023, 1043-1053, 1075-1098, 1104-1224, 1237-1256, 1270-1295, 1317-1389, 1395, 1400-1404, 1422-1453, 1466-1504, 1518-1564, 1581, 1593-1620, 1645-1736, 1758-1806, 1815-1823, 1843-1955, 1959-1960, 1972-1980, 1989-2010, 2017-2070, 2086-2194, 2199, 2206, 2219-2230, 2234, 2243-2270, 2291-2331, 2341-2357, 2369-2463, 2473-2497, 2514-2530, 2547-2582, 2592-2609, 2623-2637, 2654-2679, 2689-2702, 2713-2769, 2784-2829, 2836, 2841-2848, 2851-2862, 2866-2905, 2909-2930, 2934-2946, 2950-2955, 2959-2971, 2975-2987, 2991-3004, 3009-3014, 3019-3030, 3034-3057
Tensile/LibraryIO.py                                    448    382    176      0  10.58%   48-58, 62-63, 69-71, 75-77, 109-110, 129-141, 145-160, 164-166, 214-228, 232-239, 245-253, 257-259, 263-264, 268-281, 285-294, 299-339, 346-352, 357-359, 364-366, 378, 399-436, 439-448, 451-460, 482, 507-600, 606-658, 663-679, 688-704, 708-808
Tensile/Components/MAC_BF16_HPA.py                      102     88     26      0  10.94%   41-116, 129-173
Tensile/Common/RegisterPool.py                           57     47     34      0  10.99%   48-66, 82-123
Tensile/KernelWriterActivationFunction.py               112     96     32      0  11.11%   35-54, 57, 61-64, 70, 73-74, 77-89, 92-135, 138-174
Tensile/KernelHelperNaming.py                           175    148     66      0  11.20%   48-66, 70-73, 77-80, 84-88, 92-99, 103, 111-125, 129-148, 152-204, 208-215, 219-227, 231-240
Tensile/Components/LraTileAssignment.py                 550    471    140      0  11.45%   54-123, 141-249, 285-409, 473-488, 507-592, 611-693, 717-732, 735-992
Tensile/TensileCreateLibrary/ParseArguments.py           65     57      2      0  11.94%   46-229
Tensile/Components/MAC_F16_HPA.py                        92     78     20      0  12.50%   44-88, 100-162
Tensile/SolutionStructs/Utilities.py                     49     39     30      0  12.66%   44-48, 62-82, 86, 89, 92-101, 104-113
Tensile/Components/NotLocalFullTileElements.py           64     53     22      0  12.79%   37-55, 66-100, 108-118
Tensile/Components/CMSValidator.py                     1069    870    486      0  12.80%   52-58, 94, 155, 158, 169, 173-192, 199, 214-235, 249-256, 270-280, 325, 329-338, 342-373, 378-410, 413-422, 432, 435-437, 444, 452, 455, 463, 480-482, 510-575, 581-676, 686-703, 709-727, 730, 733, 739, 745, 751, 757, 763-779, 788-790, 803-812, 826-829, 834-849, 861-881, 899-930, 945-971, 998-1024, 1038-1057, 1093-1119, 1153-1332, 1345-1351, 1363-1370, 1393-1414, 1432-1460, 1476-1492, 1516-1587, 1612-1691, 1714-1725, 1737-1791, 1800-1827, 1846, 1878-1906, 1918-1925, 1942-1944, 1963-2012, 2031-2062, 2096-2134, 2166-2233, 2246-2248, 2262-2267, 2290-2296, 2301-2303, 2339-2357, 2364-2377, 2400-2414, 2426-2431, 2445-2498
Tensile/Components/MAC_F16.py                           101     85     22      0  13.01%   43-77, 89-131, 141-185
Tensile/SolutionStructs/Validators/MXScaleFormat.py      68     54     38      0  13.21%   85-95, 100-106, 119-126, 131-135, 175-232
Tensile/Components/MAC_F32C.py                           42     35      6      0  14.58%   35-77
Tensile/Components/MAC_I8_HPA.py                         45     36     14      0  15.25%   33, 42-82
Tensile/Toolchain/HelperKernelCache.py                   87     70     24      0  15.32%   47-58, 63-69, 74-87, 92-104, 118-124, 133-154, 158-161
Tensile/Components/Subtile/SubtileGREmit.py             452    371     88      0  15.37%   97, 291-325, 333-340, 359-411, 420, 494-500, 510-517, 528-533, 540-555, 562-579, 584-614, 620-639, 658, 663-674, 677-691, 694-720, 723-748, 752-798, 801-834, 850-882, 886-887, 894-903, 909, 912-937, 943-948, 954-955
Tensile/Components/MAC_F64C.py                           43     35      6      0  16.33%   36-79
Tensile/Hardware.py                                     152    121     60      0  16.51%   45-52, 61-68, 90-106, 111, 121-122, 135-149, 165-183, 189-215, 219-297
Tensile/KernelWriterReduction.py                         59     47     12      0  16.90%   34-49, 53-54, 58-69, 73, 77-100, 104-107
Tensile/CustomKernels.py                                 49     38     16      0  16.92%   33, 36, 39, 42-46, 49-59, 62-66, 85-106
Tensile/Components/Subtile/Kernel.py                    662    512    160      0  18.25%   143-155, 159, 163, 167, 170, 175, 180, 183, 188, 191, 194, 197, 200, 203, 215-226, 230, 234, 239, 242, 247, 250, 253, 256, 331-336, 352-353, 358, 381-551, 562-563, 573, 576-578, 581, 584-585, 588-589, 601-603, 617-619, 627-631, 639-642, 653-655, 660-669, 674-699, 702-711, 718-720, 723-725, 728-730, 733-735, 738-740, 743-745, 748-750, 753-755, 758-760, 763-765, 768, 771, 782-783, 787-788, 792-793, 797, 802, 806, 810, 814, 819, 823, 828, 833, 837, 841, 846-854, 871, 874, 877, 880-881, 889-909, 913-937, 950-1005, 1014-1072, 1080-1152, 1165-1194, 1201-1293
Tensile/Toolchain/Source.py                              66     51     16      0  18.29%   44-46, 60-72, 96-146
Tensile/Components/Subtile/SubtileLREmit.py             261    203     52      0  18.53%   78-82, 112, 276-280, 287-294, 302, 352, 385-391, 399-413, 422-460, 467, 470-473, 490-535, 539-572, 576-581, 594-604, 613-640, 647-655, 659-679, 686-691
Tensile/Common/Architectures.py                         179    129     74      1  20.16%   151, 183, 205-211, 223, 235-236, 251-267, 283-286, 298-299, 322-367, 383-397, 419-439, 456-459, 480-530, 548-558
Tensile/AsmMemoryHelpers.py                              21     15      6      0  22.22%   32-37, 41-46, 50-52
Tensile/Components/MAC_I8X4.py                           29     21      6      0  22.86%   35-58
Tensile/Components/MAC_F32.py                            36     25      8      0  25.00%   38, 44-74
Tensile/KernelWriterActivationEnumHeader.py              40     29      4      0  25.00%   31-42, 45, 49-51, 55, 60-61, 64-77
Tensile/Toolchain/Assembly.py                            47     31     16      0  25.40%   46-49, 71-104
Tensile/Components/MAC_F64.py                            30     20      8      0  26.32%   41-68
Tensile/Common/Utilities.py                             249    167     76      4  26.46%   47, 56, 68->exit, 75-76, 80-81, 91-99, 103, 108-118, 122-128, 132, 139-140, 149-162, 171-179, 182, 185-191, 194-201, 215-216, 219-221, 224-225, 229-236, 241-242, 246-269, 274, 277, 280, 289-306, 310, 314-319, 323-326, 339, 344-345, 353, 358-369, 372, 388-396, 400-415
Tensile/Common/ValidParameters.py                       169    121     84      0  27.67%   95, 98, 102-173, 177-205, 209-225, 1078-1089, 1092-1106, 1111-1136
Tensile/Component.py                                    124     75     66      0  27.89%   83-111, 134-144, 148-165, 169-177, 181-193, 205, 222-224, 227-231
Tensile/SolutionLibrary.py                              413    270    128      4  30.13%   38, 42, 45, 54, 68, 76, 94-139, 158-160, 168-182, 186, 189-191, 197, 205-218, 222, 225-227, 233, 241-255, 259, 262, 270-272, 280-281, 294, 305-307, 319, 348-381, 386-397, 415-603, 615-633, 642-649, 652-654, 657-666, 682-694, 711, 715
Tensile/Common/Types.py                                  60     34     22      0  31.71%   70-105
Tensile/Components/PersistentLoop.py                     77     48     10      0  33.33%   36, 59-60, 63-64, 67-68, 71-72, 80, 83-103, 106-112, 115-137, 140-162
Tensile/KernelWriterBase.py                              46     30      2      0  33.33%   35-54, 75, 78, 81, 84, 87, 96, 99, 102, 105-108
Tensile/Properties.py                                    57     32     14      0  35.21%   32, 35-37, 52-55, 65, 82-87, 91-96, 100-115
Tensile/Common/Parallel.py                              124     75     30      6  35.71%   48, 54, 61, 65-66, 70-71, 76-91, 95-98, 102-120, 135-180, 184-197, 212, 222, 244
Tensile/AsmMemoryInstruction.py                          31     14     10      0  41.46%   50-52, 55-67
Tensile/Toolchain/Component.py                          107     54     16      1  43.90%   46-54, 77-79, 109, 113, 117, 171-183, 187, 212-234, 248-252, 279, 283-284, 297-309, 320-328, 351-352, 366-368, 377-381, 393-396
Tensile/Utilities/Decorators/Profile.py                  25     14      2      1  44.44%   45-56, 67-71
Tensile/TensileCreateLibrary/Run.py                     529    300    192      7  44.94%   169->exit, 189-198, 233, 336-348, 353-375, 394-513, 529-619, 624-636, 671-693, 808-809, 832-835, 840, 844-845, 855->854, 881-1086
Tensile/Components/Priority.py                           11      5      2      0  46.15%   42, 45-50
Tensile/Utilities/Decorators/Timing.py                   15      7      2      1  52.94%   42-49
Tensile/Common/GlobalParameters.py                      222     80     52      1  53.65%   266, 606-608, 621-646, 659-766, 775-779
Tensile/Common/DataType.py                              161     67     24      6  58.38%   31, 276, 282, 289, 291, 293, 295-298, 306-327, 330, 332, 334, 336, 338, 342, 344, 346, 348, 350, 352, 354, 356, 358, 360, 363, 365, 367, 370, 372, 374, 377, 379, 381, 384, 386, 389, 392, 397, 400, 403, 408, 411, 414, 419, 422, 425, 430, 433, 435, 437, 439, 446, 448, 465, 471, 484-485, 489
Tensile/Toolchain/Validators.py                          96     31     36     10  59.85%   56-62, 66-82, 86-90, 97->102, 109->113, 128, 196, 233, 239, 244->243, 246->244, 248, 267
Tensile/Common/TimingInstrumentation.py                  21      7      4      1  60.00%   33->41, 44-52
Tensile/Components/Subtile/SubtileGeometry.py           286     88     42     14  64.63%   39-42, 46-48, 52, 55, 59, 63, 67, 71-73, 76, 79, 144, 148, 152, 265, 268-269, 312-319, 322-323, 327, 331, 334, 347-356, 382-407, 432-433, 436, 466, 470->exit, 472->exit, 474->exit, 476->exit, 478->exit, 480->exit, 482->exit, 517-518, 522-523, 528-529, 535-536, 588, 604-609, 631-632, 635, 656, 659->exit, 661->exit, 663->exit, 665->exit, 667->exit, 669->exit, 671->exit
Tensile/SolutionStructs/Naming.py                       120     33     60     15  67.78%   76, 77->79, 117, 118->exit, 122, 135, 138-141, 147, 153-155, 160-161, 175, 177->182, 186, 189, 194->197, 209-219, 223-227, 231, 235
Tensile/Components/CustomSchedule.py                   1833    246    340     10  82.14%   108-114, 273-301, 304-308, 320-513, 521-542, 562-566, 582, 587, 599-606, 626, 631, 636, 640, 657->exit, 658->exit, 659->exit, 660->exit, 661->exit, 749, 762-771, 779-812, 1344->1349, 1827->1831, 3348, 4480-4481, 5533
Tensile/Common/RequiredParameters.py                      8      1      0      0  87.50%   35
Tensile/__init__.py                                       9      1      0      0  88.89%   37
Tensile/Utilities/Decorators/Shared.py                   13      1      0      0  92.31%   51
Tensile/Common/Capabilities.py                           14      0      2      0 100.00%
Tensile/Common/Constants.py                              11      0      0      0 100.00%
Tensile/Common/__init__.py                                4      0      0      0 100.00%
Tensile/Components/__init__.py                            1      0      0      0 100.00%
Tensile/SolutionStructs/__init__.py                       3      0      0      0 100.00%
Tensile/TensileCreateLibrary/__init__.py                  1      0      0      0 100.00%
--------------------------------------------------------------------------------------------------
TOTAL                                                 54382  48037  22616     88   8.85%

2 empty files skipped.
50 passed in 22.14s
